Chimpanzee 0 No eligible unflagged non-obscured CC0 audio in first five observations
Wild Boar 2 
Capuchin 0 No eligible unflagged non-obscured CC0 audio in first five observations
Howler Monkey 2 
Coati 1 
Fruit Bat 1 
Macaw 2 
Parrot 2 
Toucan 0 No eligible unflagged non-obscured CC0 audio in first five observations
Hornbill 2 
Hummingbird 2 
Kingfisher 2 
Eagle 2 
Owl 2 
Tree Frog 2 
Poison Dart Frog 1 
Deer 2 
Macaque 0 No eligible unflagged non-obscured CC0 audio in first five observations
Jackal 0 No eligible unflagged non-obscured CC0 audio in first five observations
Porcupine 1 
Squirrel 2 
Bullfrog 2 
Cicada 2 
Lion 0 No eligible unflagged non-obscured CC0 audio in first five observations
Zebra 0 No eligible unflagged non-obscured CC0 audio in first five observations
Baboon 1 
Guineafowl 2 
Possum 2 
Tanager 2 
Pika 2 
Pheasant 2 
Woodpecker 2 
Gecko 2 
Wolf 2 
Coyote 2 
Bobcat 0 No eligible unflagged non-obscured CC0 audio in first five observations
Fox 2 
Raccoon 2 
Flying Squirrel 2 
Chipmunk 2 
Hedgehog 1 
Hawk 2 
Crow 2 
Raven 2 
Robin 2 
Cardinal 0 No eligible unflagged non-obscured CC0 audio in first five observations
Turkey 2 
Frog 2 
Bee 2 
River Otter 2 
Beaver 2 
Heron 2 
Beetle 2 
Red Fox 2 
Grouse 2 
Ptarmigan 1 
Goose 2 
Duck 2 
Wood Frog 2 
Marmot 2 
Falcon 2 
Chough 2 
Otter 2 
Egret 2 
Ibis 2 
Stork 2 
Crane 2 
Spoonbill 1 
Flamingo 1 
Prairie Dog 2 
Ground Squirrel 2 
Lark 2 
Rattlesnake 0 No eligible unflagged non-obscured CC0 audio in first five observations
Grasshopper 2 
Cricket 2 
Sandgrouse 1 
Pampas Fox 1 
Seriema 2 
Sparrow 2 
Finch 2 
Swallow 2 
Quail 2 
Magpie 2 
Jay 2 
Partridge 2 
Dove 2 
Curlew 2 
Snipe 2 
Toad 2 
Roadrunner 2 
Hyrax 2 
Gull 2 
Plover 2 
Sandpiper 2 
Bat 2 
Pigeon 2 
Swan 2 
Seal 2 
Orca 2 
Tern 2 
Guillemot 2 
Fur Seal 2 
Humpback Whale 2 
Penguin 2 
Albatross 0 No eligible unflagged non-obscured CC0 audio in first five observations
Petrel 0 No eligible unflagged non-obscured CC0 audio in first five observations
Skua 2 
Monkey 2 
Swift 2 
Loon 2 
Grebe 2 
Cormorant 2 
Osprey 2 
Coot 2 
Moorhen 2 
Rail 2 
Bittern 2 
Sea Lion 2 
Oystercatcher 2 
Dolphin 2 
Godwit 2 
Avocet 2 
Gannet 1 
Frigatebird 1 
Whale 2 
Cat 2 
Booby 2 
Tropicbird 2 
Kestrel 2 
Starling 2 
Wasp 1 
Dog 2 
Fly 2 
Koala 2 
Sugar Glider 1 
Lemur 0 No eligible unflagged non-obscured CC0 audio in first five observations
Gibbon 0 No eligible unflagged non-obscured CC0 audio in first five observations
Marmoset 1 
Kiwi 2 
Cockatoo 2 
Kookaburra 2 
Quetzal 1 
Screamer 1 
{"sourceAudio": 1530, "bytes": 329587934, "bindings": 143}
