✔ valid empty epoch and three independent, raw-reducible controls admit; v1 never changes (3.028042ms)
✔ growth guard phone.mountedRowsMax: unchanged passes, excess/NaN and ceiling-equal sample refuse (0.317083ms)
✔ growth guard phone.heapUsedBytesMax: unchanged passes, excess/NaN and ceiling-equal sample refuse (0.199833ms)
✔ growth guard phone.documentsMax: unchanged passes, excess/NaN and ceiling-equal sample refuse (0.198792ms)
✔ growth guard phone.nodesMax: unchanged passes, excess/NaN and ceiling-equal sample refuse (0.194666ms)
✔ growth guard phone.embedderHeapUsedBytesMax: unchanged passes, excess/NaN and ceiling-equal sample refuse (0.181417ms)
✔ growth guard phone.backingStorageBytesMax: unchanged passes, excess/NaN and ceiling-equal sample refuse (0.178667ms)
✔ growth guard phone.heapAggregateBytesMax: unchanged passes, excess/NaN and ceiling-equal sample refuse (0.192459ms)
✔ growth guard phone.jsEventListenersMax: unchanged passes, excess/NaN and ceiling-equal sample refuse (0.164958ms)
✔ growth guard phone.liveCacheEntriesMax: unchanged passes, excess/NaN and ceiling-equal sample refuse (0.211042ms)
✔ growth guard phone.liveDecodedPixelsMax: unchanged passes, excess/NaN and ceiling-equal sample refuse (0.16ms)
✔ growth guard phone.liveDecodedBytesMax: unchanged passes, excess/NaN and ceiling-equal sample refuse (0.151167ms)
✔ growth guard phone.liveEncodedBytesMax: unchanged passes, excess/NaN and ceiling-equal sample refuse (0.130958ms)
✔ growth guard phone.queuedJobsPeakMax: unchanged passes, excess/NaN and ceiling-equal sample refuse (0.1295ms)
✔ growth guard phone.activeJobsPeakMax: unchanged passes, excess/NaN and ceiling-equal sample refuse (0.128083ms)
✔ growth guard phone.liveLeasesMax: unchanged passes, excess/NaN and ceiling-equal sample refuse (0.128125ms)
✔ growth guard phone.liveSubscribersMax: unchanged passes, excess/NaN and ceiling-equal sample refuse (0.119625ms)
✔ growth guard phone.livePortraitCacheEntriesMax: unchanged passes, excess/NaN and ceiling-equal sample refuse (0.131041ms)
✔ growth guard phone.livePortraitEncodedBytesMax: unchanged passes, excess/NaN and ceiling-equal sample refuse (0.139959ms)
✔ growth guard phone.warmHeapAggregateRangeBytesMax: unchanged passes, excess/NaN and ceiling-equal sample refuse (0.127875ms)
✔ growth guard phone.warmEncodedBytesRangeMax: unchanged passes, excess/NaN and ceiling-equal sample refuse (0.132042ms)
✔ growth guard desktop.mountedRowsMax: unchanged passes, excess/NaN and ceiling-equal sample refuse (0.126208ms)
✔ growth guard desktop.heapUsedBytesMax: unchanged passes, excess/NaN and ceiling-equal sample refuse (0.14ms)
✔ growth guard desktop.documentsMax: unchanged passes, excess/NaN and ceiling-equal sample refuse (0.1415ms)
✔ growth guard desktop.nodesMax: unchanged passes, excess/NaN and ceiling-equal sample refuse (0.12825ms)
✔ growth guard desktop.embedderHeapUsedBytesMax: unchanged passes, excess/NaN and ceiling-equal sample refuse (0.117625ms)
✔ growth guard desktop.backingStorageBytesMax: unchanged passes, excess/NaN and ceiling-equal sample refuse (0.116708ms)
✔ growth guard desktop.heapAggregateBytesMax: unchanged passes, excess/NaN and ceiling-equal sample refuse (0.126333ms)
✔ growth guard desktop.jsEventListenersMax: unchanged passes, excess/NaN and ceiling-equal sample refuse (0.130042ms)
✔ growth guard desktop.liveCacheEntriesMax: unchanged passes, excess/NaN and ceiling-equal sample refuse (0.12425ms)
✔ growth guard desktop.liveDecodedPixelsMax: unchanged passes, excess/NaN and ceiling-equal sample refuse (0.730167ms)
✔ growth guard desktop.liveDecodedBytesMax: unchanged passes, excess/NaN and ceiling-equal sample refuse (0.124458ms)
✔ growth guard desktop.liveEncodedBytesMax: unchanged passes, excess/NaN and ceiling-equal sample refuse (0.112625ms)
✔ growth guard desktop.queuedJobsPeakMax: unchanged passes, excess/NaN and ceiling-equal sample refuse (0.109417ms)
✔ growth guard desktop.activeJobsPeakMax: unchanged passes, excess/NaN and ceiling-equal sample refuse (0.102917ms)
✔ growth guard desktop.liveLeasesMax: unchanged passes, excess/NaN and ceiling-equal sample refuse (0.099916ms)
✔ growth guard desktop.liveSubscribersMax: unchanged passes, excess/NaN and ceiling-equal sample refuse (0.099709ms)
✔ growth guard desktop.livePortraitCacheEntriesMax: unchanged passes, excess/NaN and ceiling-equal sample refuse (0.103042ms)
✔ growth guard desktop.livePortraitEncodedBytesMax: unchanged passes, excess/NaN and ceiling-equal sample refuse (0.098916ms)
✔ growth guard desktop.warmHeapAggregateRangeBytesMax: unchanged passes, excess/NaN and ceiling-equal sample refuse (0.101084ms)
✔ growth guard desktop.warmEncodedBytesRangeMax: unchanged passes, excess/NaN and ceiling-equal sample refuse (0.100916ms)
✔ activation rejects historical ruler hash (0.926208ms)
✔ activation rejects allowance increase (0.592083ms)
✔ activation rejects ceiling absorption (0.546958ms)
✔ activation rejects source substitution (0.615ms)
✔ activation rejects missing sample (0.416916ms)
✔ activation rejects repeated run (0.460208ms)
✔ activation rejects metric forgery (0.466834ms)
✔ activation rejects producer substitution (0.434375ms)
✔ activation rejects measurement substitution (0.421125ms)
✔ activation rejects browser substitution (0.447542ms)
✔ calibration uses guarded finite limits, never the legacy unbounded evaluator (0.084166ms)
✔ the native outcome evaluator itself reports growth as failure during calibration (26.793792ms)
✔ native action order and outcome evaluation retain the sealed v1 contract (1.085041ms)
✔ phase ledger admits exactly three independent calibration attempts and one certificate (0.215125ms)
✔ a running or failed phase can neither retry nor continue (0.054917ms)
ℹ tests 56
ℹ suites 0
ℹ pass 56
ℹ fail 0
ℹ cancelled 0
ℹ skipped 0
ℹ todo 0
ℹ duration_ms 203.781583
