✔ mixed broker/painted rows admit only against their actual independent inventories (0.855708ms)
✔ resource sums preserve broker evidence and include data URLs, masks and archetypes (0.347208ms)
✔ actual browser expression retains a painted row without laundering its broker indices (0.837292ms)
✔ the retained calibration miss is refused; only matched painted ownership repairs that miss (1.395875ms)
✔ full classifier accepts a mixed-owner ready carrier and rejects wrong-owner forgery (19.733042ms)
✔ native entry follows observed controls without a four-Tab assumption or focus injection (0.187791ms)
✔ mixed-owner error control follows the first actual broker row and rejects missing recovery (3.872709ms)
✔ valid empty epoch and three independent, raw-reducible controls admit; v1 never changes (2.564125ms)
✔ growth guard phone.mountedRowsMax: unchanged passes, excess/NaN and ceiling-equal sample refuse (0.264125ms)
✔ growth guard phone.heapUsedBytesMax: unchanged passes, excess/NaN and ceiling-equal sample refuse (0.161375ms)
✔ growth guard phone.documentsMax: unchanged passes, excess/NaN and ceiling-equal sample refuse (0.147958ms)
✔ growth guard phone.nodesMax: unchanged passes, excess/NaN and ceiling-equal sample refuse (0.158125ms)
✔ growth guard phone.embedderHeapUsedBytesMax: unchanged passes, excess/NaN and ceiling-equal sample refuse (0.147125ms)
✔ growth guard phone.backingStorageBytesMax: unchanged passes, excess/NaN and ceiling-equal sample refuse (0.142083ms)
✔ growth guard phone.heapAggregateBytesMax: unchanged passes, excess/NaN and ceiling-equal sample refuse (0.152959ms)
✔ growth guard phone.jsEventListenersMax: unchanged passes, excess/NaN and ceiling-equal sample refuse (0.175375ms)
✔ growth guard phone.liveCacheEntriesMax: unchanged passes, excess/NaN and ceiling-equal sample refuse (0.154667ms)
✔ growth guard phone.liveDecodedPixelsMax: unchanged passes, excess/NaN and ceiling-equal sample refuse (0.134333ms)
✔ growth guard phone.liveDecodedBytesMax: unchanged passes, excess/NaN and ceiling-equal sample refuse (0.148709ms)
✔ growth guard phone.liveEncodedBytesMax: unchanged passes, excess/NaN and ceiling-equal sample refuse (0.116167ms)
✔ growth guard phone.queuedJobsPeakMax: unchanged passes, excess/NaN and ceiling-equal sample refuse (0.123958ms)
✔ growth guard phone.activeJobsPeakMax: unchanged passes, excess/NaN and ceiling-equal sample refuse (0.101709ms)
✔ growth guard phone.liveLeasesMax: unchanged passes, excess/NaN and ceiling-equal sample refuse (0.107709ms)
✔ growth guard phone.liveSubscribersMax: unchanged passes, excess/NaN and ceiling-equal sample refuse (0.093666ms)
✔ growth guard phone.livePortraitCacheEntriesMax: unchanged passes, excess/NaN and ceiling-equal sample refuse (0.099916ms)
✔ growth guard phone.livePortraitEncodedBytesMax: unchanged passes, excess/NaN and ceiling-equal sample refuse (0.114292ms)
✔ growth guard phone.warmHeapAggregateRangeBytesMax: unchanged passes, excess/NaN and ceiling-equal sample refuse (0.103416ms)
✔ growth guard phone.warmEncodedBytesRangeMax: unchanged passes, excess/NaN and ceiling-equal sample refuse (0.091459ms)
✔ growth guard desktop.mountedRowsMax: unchanged passes, excess/NaN and ceiling-equal sample refuse (0.103666ms)
✔ growth guard desktop.heapUsedBytesMax: unchanged passes, excess/NaN and ceiling-equal sample refuse (0.11225ms)
✔ growth guard desktop.documentsMax: unchanged passes, excess/NaN and ceiling-equal sample refuse (0.115209ms)
✔ growth guard desktop.nodesMax: unchanged passes, excess/NaN and ceiling-equal sample refuse (0.104042ms)
✔ growth guard desktop.embedderHeapUsedBytesMax: unchanged passes, excess/NaN and ceiling-equal sample refuse (0.092042ms)
✔ growth guard desktop.backingStorageBytesMax: unchanged passes, excess/NaN and ceiling-equal sample refuse (0.100417ms)
✔ growth guard desktop.heapAggregateBytesMax: unchanged passes, excess/NaN and ceiling-equal sample refuse (0.10525ms)
✔ growth guard desktop.jsEventListenersMax: unchanged passes, excess/NaN and ceiling-equal sample refuse (0.112417ms)
✔ growth guard desktop.liveCacheEntriesMax: unchanged passes, excess/NaN and ceiling-equal sample refuse (0.107666ms)
✔ growth guard desktop.liveDecodedPixelsMax: unchanged passes, excess/NaN and ceiling-equal sample refuse (0.101708ms)
✔ growth guard desktop.liveDecodedBytesMax: unchanged passes, excess/NaN and ceiling-equal sample refuse (0.102ms)
✔ growth guard desktop.liveEncodedBytesMax: unchanged passes, excess/NaN and ceiling-equal sample refuse (0.109625ms)
✔ growth guard desktop.queuedJobsPeakMax: unchanged passes, excess/NaN and ceiling-equal sample refuse (0.117125ms)
✔ growth guard desktop.activeJobsPeakMax: unchanged passes, excess/NaN and ceiling-equal sample refuse (0.119417ms)
✔ growth guard desktop.liveLeasesMax: unchanged passes, excess/NaN and ceiling-equal sample refuse (0.20625ms)
✔ growth guard desktop.liveSubscribersMax: unchanged passes, excess/NaN and ceiling-equal sample refuse (0.139833ms)
✔ growth guard desktop.livePortraitCacheEntriesMax: unchanged passes, excess/NaN and ceiling-equal sample refuse (0.142667ms)
✔ growth guard desktop.livePortraitEncodedBytesMax: unchanged passes, excess/NaN and ceiling-equal sample refuse (0.131459ms)
✔ growth guard desktop.warmHeapAggregateRangeBytesMax: unchanged passes, excess/NaN and ceiling-equal sample refuse (0.110417ms)
✔ growth guard desktop.warmEncodedBytesRangeMax: unchanged passes, excess/NaN and ceiling-equal sample refuse (0.149208ms)
✔ activation rejects historical ruler hash (0.838625ms)
✔ activation rejects allowance increase (0.543416ms)
✔ activation rejects ceiling absorption (1.118625ms)
✔ activation rejects source substitution (0.756292ms)
✔ activation rejects missing sample (0.4735ms)
✔ activation rejects repeated run (0.434833ms)
✔ activation rejects metric forgery (0.43275ms)
✔ activation rejects producer substitution (0.415209ms)
✔ activation rejects measurement substitution (0.379958ms)
✔ activation rejects browser substitution (0.404292ms)
✔ calibration uses guarded finite limits, never the legacy unbounded evaluator (0.075875ms)
✔ the native outcome evaluator itself reports growth as failure during calibration (26.266083ms)
✔ native action order and outcome evaluation retain the sealed v1 contract (1.197417ms)
✔ phase ledger admits exactly three independent calibration attempts and one certificate (0.220125ms)
✔ a running or failed phase can neither retry nor continue (0.063334ms)
ℹ tests 63
ℹ suites 0
ℹ pass 63
ℹ fail 0
ℹ cancelled 0
ℹ skipped 0
ℹ todo 0
ℹ duration_ms 192.949208
