✔ mixed broker/painted rows admit only against their actual independent inventories (2.112334ms)
✔ resource sums preserve broker evidence and include data URLs, masks and archetypes (0.282791ms)
✔ actual browser expression retains a painted row without laundering its broker indices (0.745542ms)
✔ the retained calibration miss is refused; only matched painted ownership repairs that miss (1.234333ms)
✔ full classifier accepts a mixed-owner ready carrier and rejects wrong-owner forgery (20.066583ms)
✔ native entry follows observed controls without a four-Tab assumption or focus injection (0.180625ms)
✔ mixed-owner error control follows the first actual broker row and rejects missing recovery (3.508958ms)
✔ valid empty epoch and three independent, raw-reducible controls admit; v1 never changes (2.717583ms)
✔ growth guard phone.mountedRowsMax: unchanged passes, excess/NaN and ceiling-equal sample refuse (0.31375ms)
✔ growth guard phone.heapUsedBytesMax: unchanged passes, excess/NaN and ceiling-equal sample refuse (0.179083ms)
✔ growth guard phone.documentsMax: unchanged passes, excess/NaN and ceiling-equal sample refuse (0.181208ms)
✔ growth guard phone.nodesMax: unchanged passes, excess/NaN and ceiling-equal sample refuse (0.196667ms)
✔ growth guard phone.embedderHeapUsedBytesMax: unchanged passes, excess/NaN and ceiling-equal sample refuse (0.177125ms)
✔ growth guard phone.backingStorageBytesMax: unchanged passes, excess/NaN and ceiling-equal sample refuse (0.172291ms)
✔ growth guard phone.heapAggregateBytesMax: unchanged passes, excess/NaN and ceiling-equal sample refuse (0.190208ms)
✔ growth guard phone.jsEventListenersMax: unchanged passes, excess/NaN and ceiling-equal sample refuse (0.174042ms)
✔ growth guard phone.liveCacheEntriesMax: unchanged passes, excess/NaN and ceiling-equal sample refuse (0.165875ms)
✔ growth guard phone.liveDecodedPixelsMax: unchanged passes, excess/NaN and ceiling-equal sample refuse (0.168542ms)
✔ growth guard phone.liveDecodedBytesMax: unchanged passes, excess/NaN and ceiling-equal sample refuse (0.146625ms)
✔ growth guard phone.liveEncodedBytesMax: unchanged passes, excess/NaN and ceiling-equal sample refuse (0.144375ms)
✔ growth guard phone.queuedJobsPeakMax: unchanged passes, excess/NaN and ceiling-equal sample refuse (0.672375ms)
✔ growth guard phone.activeJobsPeakMax: unchanged passes, excess/NaN and ceiling-equal sample refuse (0.108125ms)
✔ growth guard phone.liveLeasesMax: unchanged passes, excess/NaN and ceiling-equal sample refuse (0.106208ms)
✔ growth guard phone.liveSubscribersMax: unchanged passes, excess/NaN and ceiling-equal sample refuse (0.097417ms)
✔ growth guard phone.livePortraitCacheEntriesMax: unchanged passes, excess/NaN and ceiling-equal sample refuse (0.104ms)
✔ growth guard phone.livePortraitEncodedBytesMax: unchanged passes, excess/NaN and ceiling-equal sample refuse (0.122708ms)
✔ growth guard phone.warmHeapAggregateRangeBytesMax: unchanged passes, excess/NaN and ceiling-equal sample refuse (0.108ms)
✔ growth guard phone.warmEncodedBytesRangeMax: unchanged passes, excess/NaN and ceiling-equal sample refuse (0.104834ms)
✔ growth guard desktop.mountedRowsMax: unchanged passes, excess/NaN and ceiling-equal sample refuse (0.111ms)
✔ growth guard desktop.heapUsedBytesMax: unchanged passes, excess/NaN and ceiling-equal sample refuse (0.117584ms)
✔ growth guard desktop.documentsMax: unchanged passes, excess/NaN and ceiling-equal sample refuse (0.127ms)
✔ growth guard desktop.nodesMax: unchanged passes, excess/NaN and ceiling-equal sample refuse (0.123167ms)
✔ growth guard desktop.embedderHeapUsedBytesMax: unchanged passes, excess/NaN and ceiling-equal sample refuse (0.105542ms)
✔ growth guard desktop.backingStorageBytesMax: unchanged passes, excess/NaN and ceiling-equal sample refuse (0.109375ms)
✔ growth guard desktop.heapAggregateBytesMax: unchanged passes, excess/NaN and ceiling-equal sample refuse (0.119208ms)
✔ growth guard desktop.jsEventListenersMax: unchanged passes, excess/NaN and ceiling-equal sample refuse (0.121459ms)
✔ growth guard desktop.liveCacheEntriesMax: unchanged passes, excess/NaN and ceiling-equal sample refuse (0.145125ms)
✔ growth guard desktop.liveDecodedPixelsMax: unchanged passes, excess/NaN and ceiling-equal sample refuse (0.101792ms)
✔ growth guard desktop.liveDecodedBytesMax: unchanged passes, excess/NaN and ceiling-equal sample refuse (0.09ms)
✔ growth guard desktop.liveEncodedBytesMax: unchanged passes, excess/NaN and ceiling-equal sample refuse (0.095125ms)
✔ growth guard desktop.queuedJobsPeakMax: unchanged passes, excess/NaN and ceiling-equal sample refuse (0.107542ms)
✔ growth guard desktop.activeJobsPeakMax: unchanged passes, excess/NaN and ceiling-equal sample refuse (0.096166ms)
✔ growth guard desktop.liveLeasesMax: unchanged passes, excess/NaN and ceiling-equal sample refuse (0.092583ms)
✔ growth guard desktop.liveSubscribersMax: unchanged passes, excess/NaN and ceiling-equal sample refuse (0.091541ms)
✔ growth guard desktop.livePortraitCacheEntriesMax: unchanged passes, excess/NaN and ceiling-equal sample refuse (0.090875ms)
✔ growth guard desktop.livePortraitEncodedBytesMax: unchanged passes, excess/NaN and ceiling-equal sample refuse (0.09175ms)
✔ growth guard desktop.warmHeapAggregateRangeBytesMax: unchanged passes, excess/NaN and ceiling-equal sample refuse (0.099875ms)
✔ growth guard desktop.warmEncodedBytesRangeMax: unchanged passes, excess/NaN and ceiling-equal sample refuse (0.109792ms)
✔ activation rejects historical ruler hash (0.851166ms)
✔ activation rejects allowance increase (0.595166ms)
✔ activation rejects ceiling absorption (0.539333ms)
✔ activation rejects source substitution (0.635042ms)
✔ activation rejects missing sample (0.41175ms)
✔ activation rejects repeated run (0.495333ms)
✔ activation rejects metric forgery (0.453791ms)
✔ activation rejects producer substitution (0.405708ms)
✔ activation rejects measurement substitution (0.395ms)
✔ activation rejects browser substitution (0.44825ms)
✔ calibration uses guarded finite limits, never the legacy unbounded evaluator (0.085708ms)
✔ the native outcome evaluator itself reports growth as failure during calibration (25.935334ms)
✔ native action order and outcome evaluation retain the sealed v1 contract (1.049375ms)
✔ phase ledger admits exactly three independent calibration attempts and one certificate (0.193959ms)
✔ a running or failed phase can neither retry nor continue (0.052667ms)
ℹ tests 63
ℹ suites 0
ℹ pass 63
ℹ fail 0
ℹ cancelled 0
ℹ skipped 0
ℹ todo 0
ℹ duration_ms 194.321375
