{"id":"idle","status":"PASS","samples":121,"drift":0.0000686401250315574,"gap":0.00007399300734219205,"exactRest":true,"firstRefusal":null}
{"id":"alert","status":"PASS","samples":121,"drift":0.0000686401250315574,"gap":0.00006267493763084866,"exactRest":true,"firstRefusal":null}
{"id":"approach:walk","status":"PASS","samples":121,"drift":0.14078548435658106,"gap":0.00006909923097291599,"exactRest":true,"firstRefusal":null}
{"id":"approach:trot","status":"RED","samples":12,"drift":0.0000686401250315574,"gap":0.00005976180431319094,"exactRest":true,"firstRefusal":{"ms":93.2,"sampleNumber":13,"error":"Error: Contact: approach:trot@93.2 exceeds scale compression bound"}}
{"id":"approach:gallop","status":"RED","samples":14,"drift":0.00003985875399391615,"gap":0.00005909049787895602,"exactRest":true,"firstRefusal":{"ms":108.73333333333333,"sampleNumber":15,"error":"Error: Contact: approach:gallop@108.73333333333333 exceeds scale compression bound"}}
{"id":"approach:hop","status":"PASS","samples":121,"drift":0,"gap":0.00007399300718141458,"exactRest":true,"firstRefusal":null}
{"id":"melee:bite","status":"RED","samples":14,"drift":0.00003985875399391615,"gap":0.00007399300726180331,"exactRest":true,"firstRefusal":{"ms":118.84444444444443,"sampleNumber":15,"error":"Error: Contact: melee:bite@118.84444444444443 exceeds scale compression bound"}}
{"id":"melee:claw","status":"RED","samples":14,"drift":0.00003985875399391615,"gap":0.00007399300726180331,"exactRest":true,"firstRefusal":{"ms":118.84444444444443,"sampleNumber":15,"error":"Error: Contact: melee:claw@118.84444444444443 exceeds scale compression bound"}}
{"id":"melee:gore","status":"RED","samples":14,"drift":0.00003985875399391615,"gap":0.00007399300726180331,"exactRest":true,"firstRefusal":{"ms":118.84444444444443,"sampleNumber":15,"error":"Error: Contact: melee:gore@118.84444444444443 exceeds scale compression bound"}}
{"id":"melee:tail","status":"RED","samples":28,"drift":0.00004981935773377119,"gap":0.000065504251136076,"exactRest":true,"firstRefusal":{"ms":237.68888888888887,"sampleNumber":29,"error":"Error: Contact: melee:tail@237.68888888888887 exceeds scale compression bound"}}
{"id":"melee:headbutt","status":"RED","samples":14,"drift":0.00003985875399391615,"gap":0.00007399300726180331,"exactRest":true,"firstRefusal":{"ms":118.84444444444443,"sampleNumber":15,"error":"Error: Contact: melee:headbutt@118.84444444444443 exceeds scale compression bound"}}
{"id":"cast","status":"RED","samples":23,"drift":0.00004981935773377119,"gap":0.00006267493763084866,"exactRest":true,"firstRefusal":{"ms":215.05,"sampleNumber":24,"error":"Error: Contact: cast@215.05 exceeds scale compression bound"}}
{"id":"hit","status":"RED","samples":2,"drift":0.00003497716142396321,"gap":0.00005813736290023822,"exactRest":true,"firstRefusal":{"ms":16.033333333333335,"sampleNumber":3,"error":"Error: Contact: hit@16.033333333333335 exceeds scale compression bound"}}
{"id":"dodge","status":"PASS","samples":121,"drift":0,"gap":0.0000651281002763711,"exactRest":true,"firstRefusal":null}
{"id":"faint","status":"RED","samples":13,"drift":0.0000686401250315574,"gap":0.00006737353353845839,"exactRest":true,"firstRefusal":{"ms":111.8,"sampleNumber":14,"error":"Error: Contact: faint@111.8 exceeds scale compression bound"}}
{"id":"victory","status":"RED","samples":9,"drift":0.00003985875399391615,"gap":0.00007399300718141458,"exactRest":true,"firstRefusal":{"ms":83.4,"sampleNumber":10,"error":"Error: Contact: victory@83.4 exceeds scale compression bound"}}
{"id":"tame","status":"RED","samples":17,"drift":0.00006719704051338806,"gap":0.0000729713819443207,"exactRest":true,"firstRefusal":{"ms":163.2,"sampleNumber":18,"error":"Error: Contact: tame@163.2 exceeds scale compression bound"}}
{"id":"feed","status":"PASS","samples":121,"drift":0.00009550925976092894,"gap":0.00007399300726180331,"exactRest":true,"firstRefusal":null}
{"id":"melee:kick","status":"PASS","samples":121,"drift":0,"gap":0.00007399300718141458,"exactRest":true,"firstRefusal":null}
{"status":"RED","rows":19,"exactRest":true,"sourcePixelRest":{"status":"PASS","changedVisibleRgbaChannels":0,"scope":"Exact independent atlas-part reconstruction of keyed source at authored cutout rectangles; not GPU rendering"}}
