06-trout +["body","caudal"] RED
06-trout +["body","spine2"] PASS_STATIC
06-trout +["body","spine3"] PASS_STATIC
06-trout +["body","spine4"] RED
06-trout +["body","spine5"] RED
06-trout +["head","spine0"] RED
FINAL 06-trout [["body","spine1"],["body","spine2"],["body","spine3"]]
07-perch +["body-3","body-5"] PASS_STATIC
07-perch +["body","body-2"] PASS_STATIC
07-perch +["body","caudal"] RED
FINAL 07-perch [["body","body-1"],["body-3","body-5"],["body","body-2"]]
08-cod +["body-0","body-2"] PASS_STATIC
08-cod +["body-3","body-5"] PASS_STATIC
08-cod +["body","body-2"] PASS_STATIC
08-cod +["body","body-5"] PASS_STATIC
08-cod +["body","caudal"] RED
FINAL 08-cod [["body","body-1"],["body-0","body-2"],["body-3","body-5"],["body","body-2"],["body","body-5"]]
09-carp +["body-3","body-5"] PASS_STATIC
09-carp +["body","body-2"] RED
09-carp +["body","caudal"] RED
FINAL 09-carp [["body","body-1"],["body-3","body-5"]]
10-herring +["body","caudal"] RED
10-herring +["body","spine2"] PASS_STATIC
10-herring +["body","spine3"] PASS_STATIC
10-herring +["body","spine4"] PASS_STATIC
10-herring +["body","spine5"] PASS_STATIC
FINAL 10-herring [["body","spine1"],["body","spine2"],["body","spine3"],["body","spine4"],["body","spine5"]]
