{"id":"idle","status":"PASS","samples":121,"drift":0.08522915715781265,"gap":0.00007852319128471889,"exactRest":true,"firstRefusal":null}
{"id":"alert","status":"PASS","samples":121,"drift":0.0015540334408061494,"gap":0.00007550306870996015,"exactRest":true,"firstRefusal":null}
{"id":"approach:walk","status":"PASS","samples":121,"drift":0.08083886204337562,"gap":0.00007852319136510762,"exactRest":true,"firstRefusal":null}
{"id":"approach:trot","status":"PASS","samples":121,"drift":0.0810235298688781,"gap":0.00007852319136510762,"exactRest":true,"firstRefusal":null}
{"id":"approach:gallop","status":"RED","samples":24,"drift":0.07883342349041603,"gap":0.00007559220805905508,"exactRest":true,"firstRefusal":{"ms":186.4,"sampleNumber":25,"error":"Error: Contact: approach:gallop@186.4 exceeds scale compression bound"}}
{"id":"approach:hop","status":"PASS","samples":121,"drift":0,"gap":0.00007852319136510762,"exactRest":true,"firstRefusal":null}
{"id":"melee:bite","status":"PASS","samples":121,"drift":0.024836552253015145,"gap":0.00007550306870996015,"exactRest":true,"firstRefusal":null}
{"id":"melee:claw","status":"PASS","samples":121,"drift":0.024836552253015145,"gap":0.00007550306870996015,"exactRest":true,"firstRefusal":null}
{"id":"melee:gore","status":"PASS","samples":121,"drift":0.024836552253015145,"gap":0.00007550306870996015,"exactRest":true,"firstRefusal":null}
{"id":"melee:tail","status":"RED","samples":29,"drift":0.0527207629378046,"gap":0.00007550306870996015,"exactRest":true,"firstRefusal":{"ms":246.17777777777778,"sampleNumber":30,"error":"Error: Contact: melee:tail@246.17777777777778 exceeds scale compression bound"}}
{"id":"melee:headbutt","status":"PASS","samples":121,"drift":0.024836552253015145,"gap":0.00007550306870996015,"exactRest":true,"firstRefusal":null}
{"id":"cast","status":"PASS","samples":121,"drift":0.08736075697612464,"gap":0.00007550306870996015,"exactRest":true,"firstRefusal":null}
{"id":"hit","status":"PASS","samples":121,"drift":0.11082298403197574,"gap":0.00007550306870996015,"exactRest":true,"firstRefusal":null}
{"id":"dodge","status":"PASS","samples":121,"drift":0,"gap":0.00007550306870996015,"exactRest":true,"firstRefusal":null}
{"id":"faint","status":"PASS","samples":121,"drift":0.012903411215188105,"gap":0.0000856438765553599,"exactRest":true,"firstRefusal":null}
{"id":"victory","status":"PASS","samples":121,"drift":0.0810235298688781,"gap":0.00007550306862957141,"exactRest":true,"firstRefusal":null}
{"id":"tame","status":"PASS","samples":121,"drift":0.0023751638398890377,"gap":0.00007805657757178245,"exactRest":true,"firstRefusal":null}
{"id":"feed","status":"PASS","samples":121,"drift":0.08273928247015461,"gap":0.00007923967452533526,"exactRest":true,"firstRefusal":null}
{"id":"melee:kick","status":"PASS","samples":121,"drift":0,"gap":0.00007550306870996015,"exactRest":true,"firstRefusal":null}
{"status":"RED","rows":19,"exactRest":true,"sourcePixelRest":{"status":"PASS","changedVisibleRgbaChannels":0,"scope":"Exact independent atlas-part reconstruction of keyed source at authored cutout rectangles; not GPU rendering"}}
