✔ actual four-stage flow publishes exact decoded pixels only after every worker retires (9.548917ms)
✔ cancel during pending reference fetch cannot launch an encoder (fetch ignores abort: false) (2.090708ms)
✔ cancel during pending reference fetch cannot launch an encoder (fetch ignores abort: true) (0.961042ms)
✔ gpu-error progress is terminal; a late completion cannot produce another stage or painting (1.433ms)
✔ text timeout terminates the exact worker and blocks publication (0.844333ms)
✔ encode timeout terminates the exact worker and blocks publication (1.013167ms)
✔ denoise timeout terminates the exact worker and blocks publication (1.031125ms)
✔ decode timeout terminates the exact worker and blocks publication (1.877083ms)
✔ a repeated generation rejects while the first owns its worker and controls (1.079541ms)
✔ reference-disabled generation never fetches or decodes reference data (0.82ms)
✔ nonfinite decoder pixels fail before canvas publication despite successful worker completion (1.550333ms)
✔ an explicit reference matte precedes drawing and its prepared tensor is separately hashed (1.303875ms)
✔ invalid reference matte fails before starting the encoder (0.846083ms)
✔ profiled flow retains one raw trace per retired stage outside the progress log (0.891875ms)
✔ profile publication refuses an incomplete state boundary (1.132708ms)
✔ profile publication refuses an incomplete endedBeforeRelease boundary (0.6215ms)
✔ profile publication refuses an incomplete sessionReleased boundary (0.57875ms)
✔ a failed native profile preserves raw evidence before stopping its generation (1.100459ms)
✔ Only the explicitly identified derivative reaches the denoiser; other graphs remain canonical (0.96125ms)
✔ Unknown model derivative refuses before launching any inference worker (0.70575ms)
✔ Native microseconds and host/GPU overlap remain separate, with actual CPU provider (1.181917ms)
✔ Same program with different tensor dimensions is a distinct bounded group (0.112417ms)
✔ More unique graph nodes than the unchanged group cap aggregate by actual op/program/shape (13.526958ms)
✔ Different ops and programs stay distinct even when their node label and shapes agree (11.640958ms)
✔ Malformed native name contract cannot silently merge into a generic program group (0.51175ms)
✔ Native stdout requires exact complete framing; partial end cannot pass (0.92325ms)
✔ Single multiline stdout message also retains complete actual bytes (0.114ms)
✔ Missing GPU, missing Nodes, empty/zero GPU cannot become zero-cost success (0.147084ms)
✔ Malformed timestamps, JSEP fields, metadata and stale versions fail closed (0.295083ms)
✔ Byte/event/group capacities reject a complete trace instead of truncating its admission (0.211208ms)
✔ Interleaved, malformed, trailing or interrupted stdout stays a retained failure (0.167709ms)
✔ CLI profile is explicit; accepted reference variants retain their own meaning (0.142708ms)
✔ CLI rejects profile-only preflight, contradictory conditioning, duplicates and unknown flags (0.083042ms)
✔ Explicit larger output changes only the bounded dimensions; arbitrary sizes are refused (0.065375ms)
✔ Q8 derivative is explicit, can be profiled, and cannot bypass model verification via preflight (0.048625ms)
✔ Runtime derivative pin binds exact parent and explicit unqualified child files (0.429667ms)
✔ Changed parent, arbitrary paths, missing bytes and manufactured acceptance are refused (0.976583ms)
✔ Actual same-length corruption, truncation and symlink are rejected, then restored bytes pass (11.386ms)
ℹ tests 38
ℹ suites 0
ℹ pass 38
ℹ fail 0
ℹ cancelled 0
ℹ skipped 0
ℹ todo 0
ℹ duration_ms 89.982542
