✔ served copy disables eager transport while preserving exports, CSS/query helpers and error paths (0.541625ms)
✔ actual upstream eager-start span constructs transport once; corrected span never starts it (0.38375ms)
✔ dependency byte changes, duplicate or missing eager starts refuse instead of suppressing unknown code (0.228417ms)
✔ plugin only transforms the exact installed client and requires a genuinely disabled server (0.228167ms)
✔ real frozen Vite middleware serves its transformed client and normal game index without a socket listener (346.929291ms)
Test-owned source copies: /private/tmp/cf-species-reference-controls-8EfSAA
✔ real six-image set returns exact reviewed source hashes in canonical full-identity order (14.453ms)
✔ same-size altered PNG bytes are refused and restoring exact bytes reopens the set (11.626167ms)
✔ a missing source refuses readiness instead of silently dropping a species (13.331916ms)
✔ missing, extra, reordered, repeated or renumbered references cannot masquerade as the six residents (31.427042ms)
✔ changing one full genome field cannot retain the old canonical identity key (7.374ms)
✔ a shortened or substituted identity key cannot stand in for the full canonical genome (12.84875ms)
✔ snapshot bytes and schema remain bound to the declared snapshot digest (18.383417ms)
✔ preparation and conditioning-only status cannot silently claim a different product contract (31.182917ms)
✔ source path traversal, absolute paths and alternate separators are refused (42.652833ms)
✔ runtime target collisions and paths outside the fixed local AI subtree refuse (40.87075ms)
✔ declared source geometry and prepared geometry cannot disagree with the exact source header (41.315042ms)
✔ unsupported or truncated PNG/WebP headers are refused without calling a decoder (0.268292ms)
✔ a repinned malformed image signature still refuses and original source restores (12.760709ms)
✔ copying another resident image under a new target is not an independent identity reference (8.131125ms)
✔ symlink files and root aliases cannot escape the declared source ownership (9.631667ms)
✔ unbounded or inconsistent declared image pins refuse before readiness (33.472875ms)
ℹ tests 21
ℹ suites 0
ℹ pass 21
ℹ fail 0
ℹ cancelled 0
ℹ skipped 0
ℹ todo 0
ℹ duration_ms 401.102125
