
> @cf/game@0.0.0 build
> vite build --mode evidence

vite v8.2.0 building client environment for evidence...
[2Ktransforming...✓ 1049 modules transformed.
rendering chunks...
computing gzip size...
dist/manifest.webmanifest                                                                    0.72 kB
dist/audit.html                                                                              0.86 kB │ gzip:     0.42 kB
dist/hybrid-matrix.html                                                                      0.95 kB │ gzip:     0.44 kB
dist/icons/celestial-frontier-maskable.svg                                                   1.13 kB │ gzip:     0.53 kB
dist/icons/celestial-frontier.svg                                                            1.13 kB │ gzip:     0.53 kB
dist/audiovisual-pilot.html                                                                  1.13 kB │ gzip:     0.45 kB
dist/__local_ai/kit-stage-worker.mjs                                                         1.30 kB
dist/__local_ai/denoiser-shapes.mjs                                                          2.37 kB
dist/__local_ai/kit-worker-expansion.mjs                                                     3.92 kB
dist/assets/Inter-LICENSE-CkXC2-KD.txt                                                       4.38 kB │ gzip:     1.97 kB
dist/__local_ai/kit-weather-math.mjs                                                         4.43 kB
dist/__local_ai/kit-contact-math.mjs                                                         6.19 kB
dist/assets/planet-surface-turn.worker-jKUKmrS4.js                                           6.45 kB
dist/__local_ai/kit-engine-math.mjs                                                          7.03 kB
dist/__local_ai/gpu-profile.mjs                                                              9.72 kB
dist/__local_ai/pipeline-math.mjs                                                           10.22 kB
dist/assets/scout-chemical-132-Dt4gyYnA.webp                                                12.53 kB
dist/__local_ai/kit-worker-engine.mjs                                                       17.34 kB
dist/service-worker.js                                                                      24.15 kB
dist/assets/cf-pilot-ui-nav-bMnbTxA8.wav                                                    26.92 kB
dist/assets/cf-pilot-combat-contact-DHZD2lYd.wav                                            33.64 kB
dist/assets/scout-chemical-300-CxcU_kic.webp                                                40.66 kB
dist/assets/cf-pilot-ui-refusal-CMon7hko.wav                                                43.24 kB
dist/__local_ai/node_modules/onnxruntime-web/dist/ort-wasm-simd-threaded.asyncify.mjs       51.40 kB
dist/__local_ai/node_modules/onnxruntime-web/dist/ort.webgpu.min.mjs                        66.34 kB
dist/assets/cf-pilot-ui-settlement-uF_X4Ois.wav                                             67.24 kB
dist/index.html                                                                             69.13 kB │ gzip:    15.18 kB
dist/assets/scout-chemical-512-DcNawgH5.webp                                                92.89 kB
dist/__local_ai/node_modules/@huggingface/tokenizers/dist/tokenizers.mjs                    98.93 kB
dist/assets/mars-dunesea-v1-cFwkRNdy.webp                                                  127.08 kB
dist/assets/earth-riverbank-v1-C4EQQH_D.webp                                               130.30 kB
dist/assets/cf-pilot-scout-landing-D1k5tYuE.wav                                            134.44 kB
dist/__local_ai/browser-variant-plan.json                                                  142.91 kB │ gzip:    13.70 kB
dist/assets/biome-vista.worker-D3XRSJZJ.js                                                 220.68 kB
dist/assets/cf-pilot-scout-approach-Be38_iqZ.wav                                           230.44 kB
dist/assets/earth-rainy-phone-DFt5murF.webp                                                343.07 kB
dist/assets/InterVariable-DiVDrmQJ.woff2                                                   352.24 kB
dist/assets/earth-civet-landing-v1-DxWosWSp.webp                                           600.75 kB
dist/assets/earth-rainy-landscape-DPgApIAi.webp                                            765.31 kB
dist/assets/earth-resident.worker-3otAf3xP.js                                              977.52 kB
dist/assets/species-art.worker-BtRvoDhH.js                                               1,341.71 kB
dist/assets/cf-pilot-exploration-music-CMF8UCKw.wav                                      4,608.04 kB
dist/assets/cf-pilot-temperate-bed-C_jKRyj6.wav                                          4,608.04 kB
dist/__local_ai/node_modules/onnxruntime-web/dist/ort-wasm-simd-threaded.asyncify.wasm  25,749.87 kB │ gzip: 6,442.00 kB
dist/assets/webworkerAll-Bz2JnXQB.js                                                         0.05 kB │ gzip:     0.06 kB
dist/assets/release-identity-CIuedefi.js                                                     0.13 kB │ gzip:     0.13 kB │ map:     0.78 kB
dist/assets/getTextureBatchBindGroup-DkbnCTGz.js                                             0.40 kB │ gzip:     0.31 kB │ map:     1.79 kB
dist/assets/getPo2TextureFromSource-BTcd7Ah1.js                                              0.47 kB │ gzip:     0.32 kB │ map:     1.69 kB
dist/assets/modulepreload-polyfill-P2Xu9kJm.js                                               0.67 kB │ gzip:     0.38 kB
dist/assets/CanvasPool-BewL5izq.js                                                           0.80 kB │ gzip:     0.45 kB │ map:     3.52 kB
dist/assets/speciesidentity-Dv9PKGDT.js                                                      1.33 kB │ gzip:     0.54 kB │ map:     5.04 kB
dist/assets/surface-polish-CBmmi-Kj.js                                                       4.73 kB │ gzip:     1.69 kB │ map:    18.75 kB
dist/assets/src-PpYgFp_O.js                                                                  5.14 kB │ gzip:     2.47 kB │ map:    22.65 kB
dist/assets/lib-BHX2vzcH.js                                                                  5.80 kB │ gzip:     2.25 kB │ map:    66.45 kB
dist/assets/canvasUtils-CWV5icuA.js                                                          6.07 kB │ gzip:     2.07 kB │ map:    21.93 kB
dist/assets/src-aprXGpsF.js                                                                  8.12 kB │ gzip:     2.68 kB │ map:    22.39 kB
dist/assets/BufferResource-CBxAIQXt.js                                                      10.57 kB │ gzip:     2.81 kB │ map:    25.66 kB
dist/assets/planet-surface-turn-view-DxZP3AEj.js                                            13.84 kB │ gzip:     5.29 kB │ map:    41.99 kB
dist/assets/init-Cw2CTxAB.js                                                                15.30 kB │ gzip:     4.81 kB │ map:    53.39 kB
dist/assets/pilot-sound-player-Dr91TUsg.js                                                  16.19 kB │ gzip:     6.22 kB │ map:    40.33 kB
dist/assets/earth-layered-recipe-DTHL9JNN.js                                                16.50 kB │ gzip:     4.36 kB │ map:    34.64 kB
dist/assets/audit-IRDGaNhx.js                                                               16.61 kB │ gzip:     6.53 kB │ map:    68.44 kB
dist/assets/audiovisualPilot-DAUsRvh2.js                                                    19.17 kB │ gzip:     7.33 kB │ map:    43.75 kB
dist/assets/init-DzCRp0mF.js                                                                24.71 kB │ gzip:     8.52 kB │ map:   105.91 kB
dist/assets/audiovisual-pilot-Bc-cgTyq.js                                                   25.13 kB │ gzip:     6.53 kB │ map:    39.91 kB
dist/assets/world-roster-CWd9xqjn.js                                                        29.21 kB │ gzip:     9.34 kB │ map:   138.90 kB
dist/assets/hybridMatrix-CT4OpjG4.js                                                        33.88 kB │ gzip:    11.04 kB │ map:    97.55 kB
dist/assets/WebGPURenderer-9hw_QH6b.js                                                      38.53 kB │ gzip:    10.79 kB │ map:   123.97 kB
dist/assets/browserAll-CZbsrlbl.js                                                          42.63 kB │ gzip:    11.12 kB │ map:   156.69 kB
dist/assets/WebGLRenderer-DYlUTdA1.js                                                       68.03 kB │ gzip:    18.70 kB │ map:   215.94 kB
dist/assets/RenderTargetSystem-Cjin1jYB.js                                                  71.14 kB │ gzip:    20.24 kB │ map:   262.67 kB
dist/assets/CanvasRenderer-D2F2hEh-.js                                                      87.43 kB │ gzip:    27.48 kB │ map:   463.49 kB
dist/assets/Geometry-C5FtorEc.js                                                           101.66 kB │ gzip:    31.17 kB │ map:   500.48 kB
dist/assets/local-ai-game-BqXCYaKG.js                                                      110.30 kB │ gzip:    42.13 kB │ map:   185.13 kB
dist/assets/visual-effect-policy-DzQ0Y-Og.js                                               117.30 kB │ gzip:    31.44 kB │ map:   450.71 kB
dist/assets/src-Dnz4NGr2.js                                                                129.34 kB │ gzip:    50.72 kB │ map:   405.75 kB
dist/assets/guide-content-Cy7MxzST.js                                                      130.92 kB │ gzip:    44.31 kB │ map:   148.58 kB
dist/assets/release-content-DZKrHmGX.js                                                    151.35 kB │ gzip:    58.13 kB │ map:   172.19 kB
dist/assets/tame-greeting-audio-CYnzTOVq.js                                                231.99 kB │ gzip:    64.16 kB │ map:   824.91 kB
dist/assets/speciesart-D_RbE_El.js                                                       1,295.36 kB │ gzip:   365.91 kB │ map: 4,529.26 kB
dist/assets/main-sLH4BVTc.js                                                             1,493.68 kB │ gzip:   392.96 kB │ map: 5,276.17 kB

[plugin builtin:vite-reporter] 
(!) Some chunks are larger than 500 kB after minification. Consider:
- Using dynamic import() to code-split the application
- Use build.rolldownOptions.output.codeSplitting to improve chunking: https://rolldown.rs/reference/OutputOptions.codeSplitting
- Adjust chunk size limit for this warning via build.chunkSizeWarningLimit.
✓ built in 1.99s
{
  "build": {
    "schema": "cf-v2-scene-memory-build/v1",
    "sha256": "989425cffb065f1ddcbcf018f015d8c6af759cc973af41190417646639806c7d",
    "fileCount": 134,
    "sourceSha256": "c0e1f2cd8c62d4e5fb2bc056878a920123c9e86683436dc2a29df67a4c133569"
  },
  "compendium": {
    "measurement": {
      "schema": "cf-v2-compendium-measurement-authority/v1",
      "sha256": "6a829fb18eab4c171afaace0f49ad2a987cfcdc520d33dbc05337c379df85ee2",
      "inputs": {
        "fixtureSpec": "c5792c2c8605765b95170e8d954a157e60c9abfa37500ec93c5e1f81722f69f3",
        "fixtureRows": "daefba685c3e70febd94781d5b140659f741a181edc32154be57e631af361706",
        "fixtureGenerator": "a1b294f0b8b5958910fd873f49d226f80447ad77381cccfd0acb21c82dc7aece",
        "budgetSchema": "9601a25a6193bc19b2b7ab09ff68a819bdc0e87241c041d90f0bfb1d9d02620f",
        "outcomeContract": "1b17df2e4983b44d929acfb16cb3ed79250ad7c9b68e522418a44fb3a58d6692",
        "collector": "3ce7ed13c57f7feabc2653b9f7ce5eb323bc3305a19646f2cd93af5032d2dc5e",
        "browserCdp": "4236ec3fc357d987c525bfde3e58eec09f38373dab8faff61d5712dc598ba7ca",
        "browserPath": "733ab771f60bead83e8d2af4d95339248f7c9b16879903ea89b817677e4a6bc0",
        "workspaceLock": "ceb20c120f1c2a889124f5e90050cf0df44768cd9c5a61cb1558ca5373371ae8",
        "package": "c55abed7f6669694d53e2e756e6f743ecf9a88228eb8a1702d19e9ebc732efc0",
        "packageLock": "744f7c5079d0892fee85d6d2af20c343955ff0d47bda9cce8368d9babd6d1402",
        "appPackage": "282354469f5a4b5bfac27bd33b0d6d1605ff15c3309c09f0b3d25a794cbb1513",
        "baselineSaveFixtures": "a52bfbdc1c65a418eed07a1e7ba5ffd07b36caf5ce10e587c7d34a717deab2a7",
        "speciesArtBuildGraph": "e591551391f3ed31a494c94d7e1f659633daa460f0571b973bc81cd6888a9c66",
        "outcomeInventory": "bd4f8a9ef37538b09582c316837dae05b1bc682cf6cb5f6df0fee4a2621929b0"
      }
    },
    "producer": {
      "schema": "cf-v2-compendium-producer-authority/v2",
      "sha256": "c489036580a3086563ef1cc7b3eabe002d8155a8b0a6b27395093331a8d5ec0a",
      "inputs": {
        "index": {
          "relativePath": "index.html",
          "sha256": "16032fbcc1f5527439b15ad4ff783e3031d0b37a3ef876d3623fb1db31cfd7a5"
        },
        "owner": {
          "relativePath": "assets/tame-greeting-audio-CYnzTOVq.js",
          "sha256": "565e33887fa37e962a95a6cfa2ab0ef5d28fc2baa5cdde4b1e770f2cd20ab800"
        },
        "worker": {
          "relativePath": "assets/species-art.worker-BtRvoDhH.js",
          "sha256": "efb212d2336903157a32e998096c4b4fc4adf728dcee2fd89719574daa48d0ef"
        },
        "painter": {
          "relativePath": "assets/species-art.worker-BtRvoDhH.js",
          "sha256": "efb212d2336903157a32e998096c4b4fc4adf728dcee2fd89719574daa48d0ef"
        },
        "serviceWorker": {
          "relativePath": "service-worker.js",
          "sha256": "1f1267dad2790f9b1638c3f227e74712a1a6554a38bc499ea62920de08b4daa0"
        }
      }
    },
    "measurementBudgetMatches": true,
    "measurementBudgetMismatches": [],
    "producerBudgetMatches": false,
    "producerBudgetMismatches": [
      "inputs.index.sha256",
      "inputs.owner.relativePath",
      "inputs.owner.sha256",
      "inputs.painter.relativePath",
      "inputs.painter.sha256",
      "inputs.serviceWorker.sha256",
      "inputs.worker.relativePath",
      "inputs.worker.sha256",
      "sha256"
    ],
    "fixedRulerAuthority": {
      "schema": "cf-v2-compendium-fixed-ruler-authority/v1",
      "calibrationStatus": "sealed-exact-input",
      "ceilingScope": "numeric-ceilings-only",
      "measurementAuthoritySha256": "cd1586e200daa0c984b4cfd398e9238f732383eda3815b86b2f8085ce292fa78",
      "producerAuthoritySha256": "d97370c081e9431170e7b796264015e8784cc2914719785e1f9ba41c56ea8271",
      "currentCertification": "fresh-exact-producer-required"
    },
    "numericCeilingsSha256": "a5f05be521eb127f3e74306bd69538bdb6d3b564875ed921f2c7f3c0904def83"
  }
}
