
> cf-v2@0.0.0 overridecontrol
> node tools/overridecheck.control.mjs

  PASS  baseline: clean tables (exit 0, wanted pass)
  PASS  A: a key naming no catalog species (exit 1, wanted fail + diagnostic)
  PASS  B: a duplicate key (the later entry silently wins) (exit 1, wanted fail + diagnostic)
  PASS  G: an inline plan literal matching a real route is not a table key (exit 0, wanted pass)
  PASS  H: a ternary value before a colon is not an object property (exit 0, wanted pass)
  PASS  I: a duplicate after a template-literal brace remains visible (exit 1, wanted fail + diagnostic)
  PASS  J: a duplicate after a regex delimiter remains visible (exit 1, wanted fail + diagnostic)
  PASS  L: a duplicate after a control-head regex remains visible (exit 1, wanted fail + diagnostic)
  PASS  M: a member named catch is not a control head (exit 1, wanted fail + diagnostic)
  PASS  N: Unicode identifier grammar cannot hide a later duplicate (exit 1, wanted fail + diagnostic)
  PASS  O: restricted-production ASI cannot hide a later duplicate (exit 1, wanted fail + diagnostic)
  PASS  K: malformed delimiters fail as parser damage (exit 2, wanted parser-fail + diagnostic)
  PASS  C: a NEW override file with a dead key is not invisible (exit 1, wanted fail + diagnostic)
  PASS  T: a one-character literal key is still validated (exit 1, wanted fail + diagnostic)
  PASS  U: a non-ASCII literal key is still validated (exit 1, wanted fail + diagnostic)
  PASS  D: a species shadowed by another table of the same kingdom (exit 1, wanted fail + diagnostic)
  PASS  E: a table this tool cannot classify is reported, not skipped silently (exit 1, wanted fail + diagnostic)
  PASS  P: a parenthesized route table cannot escape discovery (exit 1, wanted fail + diagnostic)
  PASS  Q: a structural annotation cannot escape discovery (exit 1, wanted fail + diagnostic)
  PASS  R: a comment between const and table cannot escape discovery (exit 1, wanted fail + diagnostic)
  PASS  S: a later const declarator cannot escape discovery (exit 1, wanted fail + diagnostic)
  PASS  V: a CANON key without a kingdom separator cannot disappear (exit 2, wanted parser-fail + diagnostic)
  PASS  AB: removing one cross-kingdom route fails complete coverage (exit 1, wanted fail + diagnostic)
  PASS  F: a table imported but never consulted by the router (exit 1, wanted fail + diagnostic)
  PASS  W: a later summary mention cannot disguise an unwired table (exit 1, wanted fail + diagnostic)
  PASS  X: post-declaration route mutation is parser damage (exit 2, wanted parser-fail + diagnostic)
  PASS  Y: alias escape cannot hide later route mutation (exit 2, wanted parser-fail + diagnostic)
  PASS  Z: namespace alias cannot hide later route mutation (exit 2, wanted parser-fail + diagnostic)
  PASS  AC: for-of cannot write a post-declaration route (exit 2, wanted parser-fail + diagnostic)
  PASS  AD: a TypeScript assertion cannot hide a table alias (exit 2, wanted parser-fail + diagnostic)
  PASS  AE: a callback cannot expose a route table under an untracked alias (exit 2, wanted parser-fail + diagnostic)
  PASS  AF: an imported route table must have a scanned declaration owner (exit 2, wanted parser-fail + diagnostic)
  PASS  AG: default-module aliases are forbidden in scanned art sources (exit 2, wanted parser-fail + diagnostic)
  PASS  AH: object destructuring cannot hide a route-table alias (exit 2, wanted parser-fail + diagnostic)
  PASS  AI: unsupported member syntax is parser damage, not wiring (exit 2, wanted parser-fail + diagnostic)
  PASS  AJ: an intact selector disconnected from dispatch fails closed (exit 2, wanted parser-fail + diagnostic)
  PASS  AK: an unreachable duplicate selector predicate fails closed (exit 2, wanted parser-fail + diagnostic)
  PASS  AL: an unreachable quadruped selector predicate fails closed (exit 2, wanted parser-fail + diagnostic)
  PASS  AM: a computed method cannot expose a route table callback alias (exit 2, wanted parser-fail + diagnostic)
  PASS  AN: a computed prototype read cannot escape under an alias (exit 2, wanted parser-fail + diagnostic)
  PASS  AO: inert in-body mentions cannot disguise a disconnected table (exit 2, wanted parser-fail + diagnostic)
  PASS  AP: painter output must be fitted into the returned canvas (exit 2, wanted parser-fail + diagnostic)
  PASS  AQ: a name-indirected prototype read cannot escape under an alias (exit 2, wanted parser-fail + diagnostic)
  PASS  AR: same-basename nested imports cannot impersonate the declaration owner (exit 2, wanted parser-fail + diagnostic)
  PASS  AS: an inherited computed method cannot return a route-table alias (exit 2, wanted parser-fail + diagnostic)
  PASS  AT: a shadowed Object.keys cannot return a route-table alias (exit 2, wanted parser-fail + diagnostic)
  PASS  AU: shadow direction follows resolver priority, not file traversal (exit 1, wanted fail + diagnostic)
  PASS  AV: a resolver parameter cannot shadow the canvas compositor (exit 2, wanted parser-fail + diagnostic)
  PASS  AW: a statically falsy table value is not a live route (exit 2, wanted parser-fail + diagnostic)
  PASS  AX: the returned canvas must originate from newCanvas (exit 2, wanted parser-fail + diagnostic)
  PASS  AY: the detached painter surface must originate from newInk (exit 2, wanted parser-fail + diagnostic)
  PASS  AZ: the selected painter must draw into ink.c (exit 2, wanted parser-fail + diagnostic)
  PASS  BA: a mutable painter binding is not statically live (exit 2, wanted parser-fail + diagnostic)
  PASS  BB: a factory parameter cannot masquerade as a callable return (exit 2, wanted parser-fail + diagnostic)
  PASS  BC: a class cannot shadow the built-in Object.keys binding (exit 2, wanted parser-fail + diagnostic)
  PASS  BD: a truthy object is not a callable painter route (exit 2, wanted parser-fail + diagnostic)
  PASS  BE: a namespace cannot shadow the built-in Object.keys binding (exit 2, wanted parser-fail + diagnostic)
  PASS  BF: a reassigned function binding is not statically live (exit 2, wanted parser-fail + diagnostic)
  PASS  BG: a reassigned canvas helper fails the binding contract (exit 2, wanted parser-fail + diagnostic)
  PASS  BH: a local binding cannot shadow the built-in String resolver input (exit 2, wanted parser-fail + diagnostic)
  PASS  BI: a local binding cannot shadow the built-in Boolean route probe (exit 2, wanted parser-fail + diagnostic)
  PASS  BJ: a reassigned lineage route helper fails the binding contract (exit 2, wanted parser-fail + diagnostic)
  PASS  BK: a reassigned flora route consumer fails the binding contract (exit 2, wanted parser-fail + diagnostic)
  PASS  BL: a reassigned quadruped route consumer fails the binding contract (exit 2, wanted parser-fail + diagnostic)
  PASS  BM: a reassigned canvas allocator fails the binding contract (exit 2, wanted parser-fail + diagnostic)
  PASS  BN: a reassigned ink allocator fails the binding contract (exit 2, wanted parser-fail + diagnostic)
  PASS  BO: an imported route helper cannot change owner or exported name (exit 2, wanted parser-fail + diagnostic)
  PASS  BP: a double-quoted catalog species cannot disappear from coverage (exit 1, wanted fail + diagnostic)
  PASS  BQ: post-initializer catalog mutation is parser damage (exit 2, wanted parser-fail + diagnostic)
  PASS  BR: Object.keys cannot be monkeypatched around the route audit (exit 2, wanted parser-fail + diagnostic)
  PASS  BS: a global-object write cannot poison the String route input (exit 2, wanted parser-fail + diagnostic)
  PASS  BT: dynamic imports cannot acquire a route table outside static provenance (exit 2, wanted parser-fail + diagnostic)
  PASS  BU: generic furniture syntax cannot poison the returned canvas (exit 2, wanted parser-fail + diagnostic)
  PASS  BV: newCanvas implementation drift fails the canvas contract (exit 2, wanted parser-fail + diagnostic)
  PASS  BW: newInk implementation drift fails the canvas contract (exit 2, wanted parser-fail + diagnostic)
  PASS  BX: fitInk implementation drift fails the compositor contract (exit 2, wanted parser-fail + diagnostic)
  PASS  BY: a route import must resolve to the exact exported table declaration (exit 2, wanted parser-fail + diagnostic)
  PASS  BZ: an imported helper must resolve to its exact exported function declaration (exit 2, wanted parser-fail + diagnostic)
  PASS  CA: resolver precedence must match the audited shadow order (exit 2, wanted parser-fail + diagnostic)
  PASS  CB: a live .mts route mutation cannot escape recursive discovery (exit 2, wanted parser-fail + diagnostic)
  PASS  CC: a route re-export cannot escape the recursively scanned owner graph (exit 2, wanted parser-fail + diagnostic)
  PASS  CD: a route table cannot be laundered through a non-route export name (exit 2, wanted parser-fail + diagnostic)
  PASS  CE: an allowlisted executable JS input is byte-pinned (exit 2, wanted parser-fail + diagnostic)
  PASS  CE2: the worker-only generated portrait input is byte-pinned (exit 2, wanted parser-fail + diagnostic)
  PASS  CF: the live catalog wrapper is byte-pinned (exit 2, wanted parser-fail + diagnostic)
  PASS  CG: an unscanned bare side-effect package cannot enter the art graph (exit 2, wanted parser-fail + diagnostic)
  PASS  CH: a route module cannot be laundered through a namespace re-export (exit 2, wanted parser-fail + diagnostic)
  PASS  CI: the returned-canvas size dependency is pinned (exit 2, wanted parser-fail + diagnostic)
  PASS  CJ: a zero fit margin cannot erase all routed ink (exit 2, wanted parser-fail + diagnostic)
  PASS  CK: the detached ink-surface size dependency is pinned (exit 2, wanted parser-fail + diagnostic)
  PASS  CL: the detached ink-origin dependency is pinned (exit 2, wanted parser-fail + diagnostic)
  PASS  CM: a bare re-export cannot load an unscanned side-effect package (exit 2, wanted parser-fail + diagnostic)
  PASS  CN: adjacent fauna shadow direction follows selector order (exit 1, wanted fail + diagnostic)
  PASS  CO: a routed Canvas body cannot serialize its return value (exit 2, wanted parser-fail + diagnostic)
  PASS  CP: a noncanonical apostrophe cannot masquerade as a reachable route key (exit 2, wanted parser-fail + diagnostic)
  PASS  CQ: the reviewed fauna route is an exact closed allowlist (exit 2, wanted parser-fail + diagnostic)
  PASS  CR: the reviewed fauna qualifier cannot widen or invert (exit 2, wanted parser-fail + diagnostic)
  PASS  CS: the drift helper cannot bypass the exact lineage gate (exit 2, wanted parser-fail + diagnostic)
  PASS  CT: canonical fauna must apply reviewed drift before fitInk (exit 2, wanted parser-fail + diagnostic)
  PASS  CU: fauna-table painters must apply reviewed drift before fitInk (exit 2, wanted parser-fail + diagnostic)
  PASS  CV: the reviewed-lineage Set constructor cannot be shadowed (exit 2, wanted parser-fail + diagnostic)
  PASS  CW: the TypeScript compatibility seam must serialize the Canvas exactly once (exit 2, wanted parser-fail + diagnostic)
  PASS  CW2: the Window compatibility encoder cannot omit toDataURL (exit 2, wanted parser-fail + diagnostic)
  PASS  CX: a generated Canvas painter cannot move serialization into its body (exit 2, wanted parser-fail + diagnostic)
  PASS  CY: a generated compatibility wrapper cannot omit Canvas serialization (exit 2, wanted parser-fail + diagnostic)
  PASS  CZ: the approved domain-profile re-export cannot change an alias (exit 2, wanted parser-fail + diagnostic)
  PASS  DA: the approved domain-profile re-export cannot be duplicated (exit 2, wanted parser-fail + diagnostic)
  PASS  AA: a fake local table cannot impersonate the imported owner (exit 2, wanted parser-fail + diagnostic)
  PASS  EL0: unchanged six-name Earth dispatcher is accepted (exit 0, wanted pass)
  PASS  EL1: exact Civet table/species cannot change (exit 2, wanted parser-fail + diagnostic)
  PASS  EL2: Platypus painter cannot change (exit 2, wanted parser-fail + diagnostic)
  PASS  EL3: Frog painter cannot receive another species name (exit 2, wanted parser-fail + diagnostic)
  PASS  EL4: Devil's Club owner cannot fall back to another table (exit 2, wanted parser-fail + diagnostic)
  PASS  EL5: a required Persimmon case cannot disappear (exit 2, wanted parser-fail + diagnostic)
  PASS  EL6: source genome arguments cannot be replaced (exit 2, wanted parser-fail + diagnostic)
  PASS  EL7: extra reads inside the dispatcher are not admitted (exit 2, wanted parser-fail + diagnostic)
  PASS  EL8: direct table import provenance is exact (exit 2, wanted parser-fail + diagnostic)
  PASS  EL9: the auxiliary dispatcher cannot acquire an aliased route table (exit 2, wanted parser-fail + diagnostic)
  PASS  EL10: extra table reads outside the sealed function remain forbidden (exit 2, wanted parser-fail + diagnostic)
  PASS  EL12: the exact dispatcher cannot disappear under a helper rename (exit 2, wanted parser-fail + diagnostic)
  PASS  EL13: a nested same-name dispatcher cannot share the exception (exit 2, wanted parser-fail + diagnostic)
  PASS  EL11: restored six-name Earth dispatcher is accepted (exit 0, wanted pass)
  PASS  EP0: unchanged detached snapshot contract is accepted (exit 0, wanted pass)
  PASS  EP1: prototype admission cannot invert (exit 2, wanted parser-fail + diagnostic)
  PASS  EP2: setPrototypeOf cannot mutate original input (exit 2, wanted parser-fail + diagnostic)
  PASS  EP3: detached records cannot inherit Object hooks (exit 2, wanted parser-fail + diagnostic)
  PASS  EP4: defineProperty cannot mutate original input (exit 2, wanted parser-fail + diagnostic)
  PASS  EP5: getters cannot replace descriptor reads (exit 2, wanted parser-fail + diagnostic)
  PASS  EP6: export cannot disappear under a helper rename (exit 2, wanted parser-fail + diagnostic)
  PASS  EP7: fresh-output capability does not permit an outside mutation call (exit 2, wanted parser-fail + diagnostic)
  PASS  EP8: prototype identity permission does not allow an escaping outside alias (exit 2, wanted parser-fail + diagnostic)
  PASS  EP9: nested same-name snapshot cannot share the exception (exit 2, wanted parser-fail + diagnostic)
  PASS  EP10: restored detached snapshot contract is accepted (exit 0, wanted pass)
  PASS  restored: clean tables again (exit 0, wanted pass)
