[tracked-input] committed snapshot e4e8c331e77a53c3b71476d918811e1af7c458ee

added 135 packages in 2s
npm warn install-scripts 1 package has install scripts not yet covered by allowScripts:
npm warn install-scripts   fsevents@2.3.3 (install: (install scripts present))
npm warn install-scripts
npm warn install-scripts Run `npm install-scripts ls` to review, or `npm install-scripts approve <pkg>` to allow.

[tracked-input] node tools/check-profile.mjs --profile=develop

[check:develop] npm test

> cf-v2@0.0.0 test
> vitest run


 RUN  v4.1.10 /private/var/folders/0t/t0n1rpg946v17b0dc3drx2rr0000gn/T/cf-tracked-input-preflight-BQ6pq6/port/v2


> @cf/game@0.0.0 build
> vite build --mode evidence

vite v8.2.0 building client environment for evidence...
[2Ktransforming...✓ 1025 modules transformed.
rendering chunks...
computing gzip size...
dist/manifest.webmanifest                                0.72 kB
dist/audit.html                                          0.77 kB │ gzip:   0.40 kB
dist/hybrid-matrix.html                                  0.86 kB │ gzip:   0.43 kB
dist/audiovisual-pilot.html                              0.89 kB │ gzip:   0.40 kB
dist/icons/celestial-frontier-maskable.svg               1.13 kB │ gzip:   0.53 kB
dist/icons/celestial-frontier.svg                        1.13 kB │ gzip:   0.53 kB
dist/assets/Inter-LICENSE-CkXC2-KD.txt                   4.38 kB │ gzip:   1.97 kB
dist/assets/planet-surface-turn.worker-jKUKmrS4.js       6.45 kB
dist/assets/scout-chemical-132-Dt4gyYnA.webp            12.53 kB
dist/service-worker.js                                  21.69 kB
dist/assets/cf-pilot-ui-nav-bMnbTxA8.wav                26.92 kB
dist/assets/cf-pilot-combat-contact-DHZD2lYd.wav        33.64 kB
dist/assets/scout-chemical-300-CxcU_kic.webp            40.66 kB
dist/assets/cf-pilot-ui-refusal-CMon7hko.wav            43.24 kB
dist/assets/cf-pilot-ui-settlement-uF_X4Ois.wav         67.24 kB
dist/index.html                                         68.80 kB │ gzip:  15.10 kB
dist/assets/scout-chemical-512-DcNawgH5.webp            92.89 kB
dist/assets/mars-dunesea-v1-cFwkRNdy.webp              127.08 kB
dist/assets/earth-riverbank-v1-C4EQQH_D.webp           130.30 kB
dist/assets/cf-pilot-scout-landing-D1k5tYuE.wav        134.44 kB
dist/assets/biome-vista.worker-D3XRSJZJ.js             220.68 kB
dist/assets/cf-pilot-scout-approach-Be38_iqZ.wav       230.44 kB
dist/assets/earth-rainy-phone-DFt5murF.webp            343.07 kB
dist/assets/InterVariable-DiVDrmQJ.woff2               352.24 kB
dist/assets/earth-civet-landing-v1-DxWosWSp.webp       600.75 kB
dist/assets/earth-rainy-landscape-DPgApIAi.webp        765.31 kB
dist/assets/earth-resident.worker-BSlMnLCV.js          957.31 kB
dist/assets/species-art.worker-DnnSDKMy.js           1,312.28 kB
dist/assets/cf-pilot-exploration-music-CMF8UCKw.wav  4,608.04 kB
dist/assets/cf-pilot-temperate-bed-C_jKRyj6.wav      4,608.04 kB
dist/assets/webworkerAll-Bz2JnXQB.js                     0.05 kB │ gzip:   0.06 kB
dist/assets/release-identity-CIuedefi.js                 0.13 kB │ gzip:   0.13 kB │ map:     0.78 kB
dist/assets/getTextureBatchBindGroup-DkbnCTGz.js         0.40 kB │ gzip:   0.31 kB │ map:     1.79 kB
dist/assets/getPo2TextureFromSource-BTcd7Ah1.js          0.47 kB │ gzip:   0.32 kB │ map:     1.69 kB
dist/assets/CanvasPool-BewL5izq.js                       0.80 kB │ gzip:   0.45 kB │ map:     3.52 kB
dist/assets/speciesidentity-DkdaK0o4.js                  2.00 kB │ gzip:   0.86 kB │ map:     5.04 kB
dist/assets/surface-polish-CBmmi-Kj.js                   4.73 kB │ gzip:   1.69 kB │ map:    18.75 kB
dist/assets/src-PpYgFp_O.js                              5.14 kB │ gzip:   2.47 kB │ map:    22.65 kB
dist/assets/lib-BHX2vzcH.js                              5.80 kB │ gzip:   2.25 kB │ map:    66.45 kB
dist/assets/canvasUtils-CWV5icuA.js                      6.07 kB │ gzip:   2.07 kB │ map:    21.93 kB
dist/assets/BufferResource-CBxAIQXt.js                  10.57 kB │ gzip:   2.81 kB │ map:    25.66 kB
dist/assets/planet-surface-turn-view-DxZP3AEj.js        13.84 kB │ gzip:   5.29 kB │ map:    41.99 kB
dist/assets/init-Cw2CTxAB.js                            15.30 kB │ gzip:   4.81 kB │ map:    53.39 kB
dist/assets/pilot-sound-player-CReDHkCf.js              16.19 kB │ gzip:   6.22 kB │ map:    40.33 kB
dist/assets/audit-BSVJFDuL.js                           16.60 kB │ gzip:   6.53 kB │ map:    68.44 kB
dist/assets/audiovisualPilot-DikkbSui.js                19.09 kB │ gzip:   7.29 kB │ map:    43.75 kB
dist/assets/init-DzCRp0mF.js                            24.71 kB │ gzip:   8.52 kB │ map:   105.91 kB
dist/assets/audiovisual-pilot-D3NkLgJq.js               25.13 kB │ gzip:   6.54 kB │ map:    39.91 kB
dist/assets/hybridMatrix-B_EogGC7.js                    33.88 kB │ gzip:  11.03 kB │ map:    97.55 kB
dist/assets/WebGPURenderer-9hw_QH6b.js                  38.53 kB │ gzip:  10.79 kB │ map:   123.97 kB
dist/assets/browserAll-CZbsrlbl.js                      42.63 kB │ gzip:  11.12 kB │ map:   156.69 kB
dist/assets/WebGLRenderer-DYlUTdA1.js                   68.03 kB │ gzip:  18.70 kB │ map:   215.94 kB
dist/assets/RenderTargetSystem-Cjin1jYB.js              71.14 kB │ gzip:  20.24 kB │ map:   262.67 kB
dist/assets/CanvasRenderer-D2F2hEh-.js                  87.43 kB │ gzip:  27.48 kB │ map:   463.49 kB
dist/assets/Geometry-C5FtorEc.js                       101.66 kB │ gzip:  31.17 kB │ map:   500.48 kB
dist/assets/visual-effect-policy-BzsgF7gl.js           124.26 kB │ gzip:  33.48 kB │ map:   468.26 kB
dist/assets/src-dauYwI8V.js                            129.32 kB │ gzip:  50.71 kB │ map:   405.74 kB
dist/assets/guide-content-Cy7MxzST.js                  130.92 kB │ gzip:  44.31 kB │ map:   148.58 kB
dist/assets/release-content-CA5bdmCV.js                150.57 kB │ gzip:  57.81 kB │ map:   171.38 kB
dist/assets/tame-greeting-audio-ge6_npOg.js            261.20 kB │ gzip:  72.76 kB │ map:   963.71 kB
dist/assets/speciesart-DXnLiDqS.js                   1,266.06 kB │ gzip: 354.12 kB │ map: 4,434.83 kB
dist/assets/main-BnRrLg_b.js                         1,501.04 kB │ gzip: 393.50 kB │ map: 5,278.74 kB

[plugin builtin:vite-reporter] 
(!) Some chunks are larger than 500 kB after minification. Consider:
- Using dynamic import() to code-split the application
- Use build.rolldownOptions.output.codeSplitting to improve chunking: https://rolldown.rs/reference/OutputOptions.codeSplitting
- Adjust chunk size limit for this warning via build.chunkSizeWarningLimit.
[33m[PLUGIN_TIMINGS] [0mYour build spent significant time in plugins. Here is a breakdown:
  - vite:asset (37%)
  - vite:worker (31%)
  - vite:worker-import-meta-url (11%)
  - celestial-frontier-exact-pwa (6%)
See https://rolldown.rs/reference/InputOptions.checks#plugintimings for more details.

✓ built in 4.61s

 Test Files  349 passed (349)
      Tests  4121 passed | 1 skipped (4122)
   Start at  00:11:14
   Duration  44.10s (transform 34.12s, setup 0ms, import 210.12s, tests 202.23s, environment 508ms)


[check:develop] npm exec -- tsc --noEmit --noUnusedLocals

[check:develop] npm exec -- tsc --noEmit -p apps/game/tsconfig.json

[check:develop] npm exec -- tsc --noEmit -p apps/game/tsconfig.worker.json

[check:develop] npm run artaudit

> cf-v2@0.0.0 artaudit
> node tools/artaudit.mjs

ART AUDIT: 36 art sources · 0 findings
  clean: no dead painters · no discarded rngs · no unused name params ·
         no degenerate salts · no size-only variation · no pattern-globbed
         file discovery · no stale-bundle readers

[check:develop] npm run overridecheck

> cf-v2@0.0.0 overridecheck
> node tools/overridecheck.mjs

OVERRIDE CHECK: 1014 table keys · 1014 reach a real catalog species · 0 dead
  coverage: fauna 631 · flora 334 · fungi 27 · microbe 22 = 1010/1010 Earth species (100.0%)  ·  1014 routes (the 4 cross-kingdom organisms own two each)

[check:develop] node tools/speccheck.mjs
speccheck --selftest: 5/5 controls
SPEC CHECK: 454 declared fields · 0 never read · 0 inert

CHECK PROFILE: PASS (develop)

TRACKED INPUT PREFLIGHT: PASS (e4e8c331e77a53c3b71476d918811e1af7c458ee)
