[
  {
    "id": "alert",
    "error": "ARAP skin: unresolved folded triangles: 1",
    "folded": [
      {
        "triangle": 2928,
        "vertices": [
          {
            "i": 1714,
            "xy": [
              165.5,
              734
            ],
            "weights": [
              [
                "tailFan",
                0.8909190593900239
              ],
              [
                "root",
                0.1090809406011279
              ],
              [
                "legNearKnee",
                8.798596567214241e-12
              ],
              [
                "legNearAnkle",
                4.959376838536616e-14
              ],
              [
                "legFarKnee",
                7.255582478398828e-18
              ],
              [
                "legNearFoot",
                3.748160558270817e-19
              ],
              [
                "legFarAnkle",
                8.026105638562775e-21
              ],
              [
                "chest",
                1.916471910298092e-23
              ]
            ],
            "pinned": false
          },
          {
            "i": 1653,
            "xy": [
              156,
              724
            ],
            "weights": [
              [
                "tailFan",
                0.9282460455847499
              ],
              [
                "root",
                0.07175395441351871
              ],
              [
                "legNearKnee",
                1.7238067138788645e-12
              ],
              [
                "legNearAnkle",
                7.47463707034623e-15
              ],
              [
                "legFarKnee",
                8.048514517058829e-19
              ],
              [
                "legNearFoot",
                3.347440045224879e-20
              ],
              [
                "legFarAnkle",
                6.507197408507282e-22
              ],
              [
                "chest",
                1.1554161574510568e-24
              ]
            ],
            "pinned": false
          },
          {
            "i": 1711,
            "xy": [
              175,
              724
            ],
            "weights": [
              [
                "tailFan",
                0.9155667062504446
              ],
              [
                "root",
                0.08443329373260808
              ],
              [
                "legNearKnee",
                1.684704749813386e-11
              ],
              [
                "legNearAnkle",
                1.0015729171950391e-13
              ],
              [
                "legFarKnee",
                1.5412002473603023e-17
              ],
              [
                "legNearFoot",
                8.157256509476839e-19
              ],
              [
                "legFarAnkle",
                1.7656204524462265e-20
              ],
              [
                "chest",
                4.3199014392967234e-23
              ]
            ],
            "pinned": false
          }
        ]
      }
    ]
  },
  {
    "id": "melee:claw",
    "error": null,
    "folded": []
  },
  {
    "id": "hit",
    "error": null,
    "folded": []
  },
  {
    "id": "dodge",
    "error": null,
    "folded": []
  }
]
