✔ mixed broker/painted rows admit only against their actual independent inventories (2.365542ms)
✔ resource sums preserve broker evidence and include data URLs, masks and archetypes (0.271792ms)
✔ actual browser expression retains a painted row without laundering its broker indices (2.706375ms)
✔ the retained calibration miss is refused; only matched painted ownership repairs that miss (1.627292ms)
✔ full classifier accepts a mixed-owner ready carrier and rejects wrong-owner forgery (20.379541ms)
✔ native entry follows observed controls without a four-Tab assumption or focus injection (0.212625ms)
✔ mixed-owner error control follows the first actual broker row and rejects missing recovery (4.557875ms)
✔ retained overflow stays pending inside the unchanged carrier bound; identity forgeries refuse (22.529666ms)
✔ error publication cannot accept a still-rendering painted sibling (15.838ms)
✔ stopped foreground deadline retains the last raw pending observation and still cleans up (0.663625ms)
✔ v2 foreground owns the real page before emulation and preserves exact receipt refusals (0.53375ms)
✔ valid empty epoch and three independent, raw-reducible controls admit; v1 never changes (2.844375ms)
✔ growth guard phone.mountedRowsMax: unchanged passes, excess/NaN and ceiling-equal sample refuse (0.285834ms)
✔ growth guard phone.heapUsedBytesMax: unchanged passes, excess/NaN and ceiling-equal sample refuse (0.176334ms)
✔ growth guard phone.documentsMax: unchanged passes, excess/NaN and ceiling-equal sample refuse (0.164084ms)
✔ growth guard phone.nodesMax: unchanged passes, excess/NaN and ceiling-equal sample refuse (0.163333ms)
✔ growth guard phone.embedderHeapUsedBytesMax: unchanged passes, excess/NaN and ceiling-equal sample refuse (0.1575ms)
✔ growth guard phone.backingStorageBytesMax: unchanged passes, excess/NaN and ceiling-equal sample refuse (0.161666ms)
✔ growth guard phone.heapAggregateBytesMax: unchanged passes, excess/NaN and ceiling-equal sample refuse (0.154ms)
✔ growth guard phone.jsEventListenersMax: unchanged passes, excess/NaN and ceiling-equal sample refuse (0.162833ms)
✔ growth guard phone.liveCacheEntriesMax: unchanged passes, excess/NaN and ceiling-equal sample refuse (0.16075ms)
✔ growth guard phone.liveDecodedPixelsMax: unchanged passes, excess/NaN and ceiling-equal sample refuse (0.13325ms)
✔ growth guard phone.liveDecodedBytesMax: unchanged passes, excess/NaN and ceiling-equal sample refuse (0.142875ms)
✔ growth guard phone.liveEncodedBytesMax: unchanged passes, excess/NaN and ceiling-equal sample refuse (0.126916ms)
✔ growth guard phone.queuedJobsPeakMax: unchanged passes, excess/NaN and ceiling-equal sample refuse (0.112125ms)
✔ growth guard phone.activeJobsPeakMax: unchanged passes, excess/NaN and ceiling-equal sample refuse (0.11225ms)
✔ growth guard phone.liveLeasesMax: unchanged passes, excess/NaN and ceiling-equal sample refuse (0.111167ms)
✔ growth guard phone.liveSubscribersMax: unchanged passes, excess/NaN and ceiling-equal sample refuse (0.103666ms)
✔ growth guard phone.livePortraitCacheEntriesMax: unchanged passes, excess/NaN and ceiling-equal sample refuse (0.102166ms)
✔ growth guard phone.livePortraitEncodedBytesMax: unchanged passes, excess/NaN and ceiling-equal sample refuse (0.117667ms)
✔ growth guard phone.warmHeapAggregateRangeBytesMax: unchanged passes, excess/NaN and ceiling-equal sample refuse (0.109583ms)
✔ growth guard phone.warmEncodedBytesRangeMax: unchanged passes, excess/NaN and ceiling-equal sample refuse (0.105042ms)
✔ growth guard desktop.mountedRowsMax: unchanged passes, excess/NaN and ceiling-equal sample refuse (0.106666ms)
✔ growth guard desktop.heapUsedBytesMax: unchanged passes, excess/NaN and ceiling-equal sample refuse (0.114291ms)
✔ growth guard desktop.documentsMax: unchanged passes, excess/NaN and ceiling-equal sample refuse (0.117125ms)
✔ growth guard desktop.nodesMax: unchanged passes, excess/NaN and ceiling-equal sample refuse (0.116875ms)
✔ growth guard desktop.embedderHeapUsedBytesMax: unchanged passes, excess/NaN and ceiling-equal sample refuse (0.11475ms)
✔ growth guard desktop.backingStorageBytesMax: unchanged passes, excess/NaN and ceiling-equal sample refuse (0.117ms)
✔ growth guard desktop.heapAggregateBytesMax: unchanged passes, excess/NaN and ceiling-equal sample refuse (0.147333ms)
✔ growth guard desktop.jsEventListenersMax: unchanged passes, excess/NaN and ceiling-equal sample refuse (0.130042ms)
✔ growth guard desktop.liveCacheEntriesMax: unchanged passes, excess/NaN and ceiling-equal sample refuse (0.105542ms)
✔ growth guard desktop.liveDecodedPixelsMax: unchanged passes, excess/NaN and ceiling-equal sample refuse (0.101875ms)
✔ growth guard desktop.liveDecodedBytesMax: unchanged passes, excess/NaN and ceiling-equal sample refuse (1.035834ms)
✔ growth guard desktop.liveEncodedBytesMax: unchanged passes, excess/NaN and ceiling-equal sample refuse (0.125417ms)
✔ growth guard desktop.queuedJobsPeakMax: unchanged passes, excess/NaN and ceiling-equal sample refuse (0.093459ms)
✔ growth guard desktop.activeJobsPeakMax: unchanged passes, excess/NaN and ceiling-equal sample refuse (0.089209ms)
✔ growth guard desktop.liveLeasesMax: unchanged passes, excess/NaN and ceiling-equal sample refuse (0.089125ms)
✔ growth guard desktop.liveSubscribersMax: unchanged passes, excess/NaN and ceiling-equal sample refuse (0.086583ms)
✔ growth guard desktop.livePortraitCacheEntriesMax: unchanged passes, excess/NaN and ceiling-equal sample refuse (0.086208ms)
✔ growth guard desktop.livePortraitEncodedBytesMax: unchanged passes, excess/NaN and ceiling-equal sample refuse (0.087ms)
✔ growth guard desktop.warmHeapAggregateRangeBytesMax: unchanged passes, excess/NaN and ceiling-equal sample refuse (0.086708ms)
✔ growth guard desktop.warmEncodedBytesRangeMax: unchanged passes, excess/NaN and ceiling-equal sample refuse (0.086834ms)
✔ activation rejects historical ruler hash (0.8015ms)
✔ activation rejects allowance increase (0.530292ms)
✔ activation rejects ceiling absorption (0.531167ms)
✔ activation rejects source substitution (0.605625ms)
✔ activation rejects missing sample (0.399208ms)
✔ activation rejects repeated run (0.420958ms)
✔ activation rejects metric forgery (0.413ms)
✔ activation rejects producer substitution (0.392375ms)
✔ activation rejects measurement substitution (0.386667ms)
✔ activation rejects browser substitution (0.423125ms)
✔ calibration uses guarded finite limits, never the legacy unbounded evaluator (0.064125ms)
✔ the native outcome evaluator itself reports growth as failure during calibration (30.2165ms)
✔ native action order and outcome evaluation retain the sealed v1 contract (1.172834ms)
✔ phase ledger admits exactly three independent calibration attempts and one certificate (0.177834ms)
✔ a running or failed phase can neither retry nor continue (0.05125ms)
✔ materialized authority bytes are portable while dependency links bind the real signed tree (5.194667ms)
ℹ tests 68
ℹ suites 0
ℹ pass 68
ℹ fail 0
ℹ cancelled 0
ℹ skipped 0
ℹ todo 0
ℹ duration_ms 248.197208
