[
  {
    "id": "dodge",
    "error": null,
    "folded": []
  },
  {
    "id": "faint",
    "error": "ARAP skin: unresolved folded triangles: 4",
    "folded": [
      {
        "triangle": 979,
        "vertices": [
          {
            "i": 612,
            "xy": [
              851,
              617
            ],
            "weights": [
              [
                "wingNearRoot",
                0.8231248330569478
              ],
              [
                "neck0",
                0.06971212737592039
              ],
              [
                "root",
                0.06355681507610046
              ],
              [
                "chest",
                0.040380102505431045
              ],
              [
                "wingNearTip",
                0.002575796786597302
              ],
              [
                "neck1",
                0.0006313702433033366
              ],
              [
                "head",
                0.00001881318046527682
              ],
              [
                "legFarKnee",
                1.4177523438086877e-7
              ]
            ],
            "pinned": false
          },
          {
            "i": 606,
            "xy": [
              841,
              607
            ],
            "weights": [
              [
                "wingNearRoot",
                0.8959378104044308
              ],
              [
                "neck0",
                0.03977385722255192
              ],
              [
                "root",
                0.03754355301303365
              ],
              [
                "chest",
                0.022596040136001683
              ],
              [
                "wingNearTip",
                0.003857210828867574
              ],
              [
                "neck1",
                0.0002844424250728474
              ],
              [
                "head",
                0.000007036023198269053
              ],
              [
                "legFarKnee",
                4.994684336467324e-8
              ]
            ],
            "pinned": false
          },
          {
            "i": 609,
            "xy": [
              861,
              607
            ],
            "weights": [
              [
                "wingNearRoot",
                0.8004670755596164
              ],
              [
                "neck0",
                0.09554890109907405
              ],
              [
                "root",
                0.053699073868750044
              ],
              [
                "chest",
                0.047673758038921654
              ],
              [
                "wingNearTip",
                0.0016000829477150226
              ],
              [
                "neck1",
                0.0009794555111929536
              ],
              [
                "head",
                0.000031567957488504455
              ],
              [
                "beak",
                8.501724147865369e-8
              ]
            ],
            "pinned": false
          }
        ]
      },
      {
        "triangle": 1050,
        "vertices": [
          {
            "i": 682,
            "xy": [
              870.5,
              636.5
            ],
            "weights": [
              [
                "wingNearRoot",
                0.4917964642003497
              ],
              [
                "root",
                0.19548232634179144
              ],
              [
                "neck0",
                0.18028105246560264
              ],
              [
                "chest",
                0.12925064747524193
              ],
              [
                "neck1",
                0.002205572639296738
              ],
              [
                "wingNearTip",
                0.0008951333391186906
              ],
              [
                "head",
                0.00008804927179459991
              ],
              [
                "legFarKnee",
                7.542668043726445e-7
              ]
            ],
            "pinned": false
          },
          {
            "i": 613,
            "xy": [
              861,
              627
            ],
            "weights": [
              [
                "wingNearRoot",
                0.6747579237844676
              ],
              [
                "neck0",
                0.1265803391240868
              ],
              [
                "root",
                0.11881461712252386
              ],
              [
                "chest",
                0.07634726811189134
              ],
              [
                "wingNearTip",
                0.001969962781116575
              ],
              [
                "neck1",
                0.0014736889819637786
              ],
              [
                "head",
                0.00005568074226631665
              ],
              [
                "legFarKnee",
                5.193516838417861e-7
              ]
            ],
            "pinned": false
          },
          {
            "i": 524,
            "xy": [
              880,
              627
            ],
            "weights": [
              [
                "neck0",
                0.3956893767081149
              ],
              [
                "wingNearRoot",
                0.3494670076895471
              ],
              [
                "chest",
                0.16239763934359797
              ],
              [
                "root",
                0.08551977659659914
              ],
              [
                "neck1",
                0.006265208779579998
              ],
              [
                "wingNearTip",
                0.0003469949927131258
              ],
              [
                "head",
                0.0003120697746812448
              ],
              [
                "beak",
                0.000001926115166575108
              ]
            ],
            "pinned": false
          }
        ]
      },
      {
        "triangle": 1089,
        "vertices": [
          {
            "i": 610,
            "xy": [
              831.5,
              617
            ],
            "weights": [
              [
                "wingNearRoot",
                0.9053602172241406
              ],
              [
                "root",
                0.04090316022281086
              ],
              [
                "neck0",
                0.027344228765942325
              ],
              [
                "chest",
                0.019099142348423855
              ],
              [
                "wingNearTip",
                0.007120343346873314
              ],
              [
                "neck1",
                0.00016898216923453925
              ],
              [
                "head",
                0.000003815800374288529
              ],
              [
                "legFarKnee",
                1.1012220028008706e-7
              ]
            ],
            "pinned": false
          },
          {
            "i": 611,
            "xy": [
              841,
              627
            ],
            "weights": [
              [
                "wingNearRoot",
                0.8391777017942347
              ],
              [
                "root",
                0.07121009827506315
              ],
              [
                "neck0",
                0.048951656746103904
              ],
              [
                "chest",
                0.035132640849667794
              ],
              [
                "wingNearTip",
                0.005110543175142843
              ],
              [
                "neck1",
                0.00040535238948367783
              ],
              [
                "head",
                0.000011645558781665298
              ],
              [
                "legFarKnee",
                3.612115223014297e-7
              ]
            ],
            "pinned": false
          },
          {
            "i": 603,
            "xy": [
              822,
              627
            ],
            "weights": [
              [
                "wingNearRoot",
                0.8976672472702955
              ],
              [
                "root",
                0.049319510417294356
              ],
              [
                "neck0",
                0.0192843101135096
              ],
              [
                "chest",
                0.018906812146201248
              ],
              [
                "wingNearTip",
                0.014704406646720585
              ],
              [
                "neck1",
                0.00011480410147670308
              ],
              [
                "head",
                0.0000026286861103176028
              ],
              [
                "legFarKnee",
                2.8061839176554025e-7
              ]
            ],
            "pinned": false
          }
        ]
      },
      {
        "triangle": 1091,
        "vertices": [
          {
            "i": 612,
            "xy": [
              851,
              617
            ],
            "weights": [
              [
                "wingNearRoot",
                0.8231248330569478
              ],
              [
                "neck0",
                0.06971212737592039
              ],
              [
                "root",
                0.06355681507610046
              ],
              [
                "chest",
                0.040380102505431045
              ],
              [
                "wingNearTip",
                0.002575796786597302
              ],
              [
                "neck1",
                0.0006313702433033366
              ],
              [
                "head",
                0.00001881318046527682
              ],
              [
                "legFarKnee",
                1.4177523438086877e-7
              ]
            ],
            "pinned": false
          },
          {
            "i": 613,
            "xy": [
              861,
              627
            ],
            "weights": [
              [
                "wingNearRoot",
                0.6747579237844676
              ],
              [
                "neck0",
                0.1265803391240868
              ],
              [
                "root",
                0.11881461712252386
              ],
              [
                "chest",
                0.07634726811189134
              ],
              [
                "wingNearTip",
                0.001969962781116575
              ],
              [
                "neck1",
                0.0014736889819637786
              ],
              [
                "head",
                0.00005568074226631665
              ],
              [
                "legFarKnee",
                5.193516838417861e-7
              ]
            ],
            "pinned": false
          },
          {
            "i": 611,
            "xy": [
              841,
              627
            ],
            "weights": [
              [
                "wingNearRoot",
                0.8391777017942347
              ],
              [
                "root",
                0.07121009827506315
              ],
              [
                "neck0",
                0.048951656746103904
              ],
              [
                "chest",
                0.035132640849667794
              ],
              [
                "wingNearTip",
                0.005110543175142843
              ],
              [
                "neck1",
                0.00040535238948367783
              ],
              [
                "head",
                0.000011645558781665298
              ],
              [
                "legFarKnee",
                3.612115223014297e-7
              ]
            ],
            "pinned": false
          }
        ]
      }
    ]
  }
]
