{"name":"Gull","rows":[{"reserve":1,"g":0.026123046875,"results":[{"mode":"rest","passes":121,"first":null},{"mode":"observed","passes":121,"first":null}]},{"reserve":0.9,"g":0.026123046875,"results":[{"mode":"rest","passes":121,"first":null},{"mode":"observed","passes":121,"first":null}]},{"reserve":0.8,"g":0.026123046875,"results":[{"mode":"rest","passes":121,"first":null},{"mode":"observed","passes":121,"first":null}]}]}
file:///private/var/folders/0t/t0n1rpg946v17b0dc3drx2rr0000gn/T/cf-body-study-Ev2KJx/run.mjs:11074
	if (record.family && !familyTemplate) throw new MotionCompileError("unsupported-template", `family "${record.family}" routes to no motion template`, {
	                                            ^

MotionCompileError: motion refused (unsupported-template): family "biped-bird" routes to no motion template
    at compileBodyCard (file:///private/var/folders/0t/t0n1rpg946v17b0dc3drx2rr0000gn/T/cf-body-study-Ev2KJx/run.mjs:11074:46)
    at file:///private/var/folders/0t/t0n1rpg946v17b0dc3drx2rr0000gn/T/cf-body-study-Ev2KJx/run.mjs:16747:173
    at file:///private/var/folders/0t/t0n1rpg946v17b0dc3drx2rr0000gn/T/cf-body-study-Ev2KJx/run.mjs:12:49
    at file:///private/var/folders/0t/t0n1rpg946v17b0dc3drx2rr0000gn/T/cf-body-study-Ev2KJx/run.mjs:16862:16
    at ModuleJob.run (node:internal/modules/esm/module_job:569:25)
    at async node:internal/modules/esm/loader:650:26
    at async asyncRunEntryPointWithESMLoader (node:internal/modules/run_main:101:5) {
  reason: 'unsupported-template',
  fallback: {
    kind: 'whole-portrait',
    templateId: 'biped-bird',
    reason: 'family "biped-bird" has no motion library'
  }
}

Node.js v26.9.0
