✔ Native microseconds and host/GPU overlap remain separate, with actual CPU provider (1.124583ms)
✔ Same program with different tensor dimensions is a distinct bounded group (0.130167ms)
✔ More unique graph nodes than the unchanged group cap aggregate by actual op/program/shape (7.453292ms)
✔ Different ops and programs stay distinct even when their node label and shapes agree (5.71275ms)
✔ Malformed native name contract cannot silently merge into a generic program group (0.347167ms)
✔ Native stdout requires exact complete framing; partial end cannot pass (0.627ms)
✔ Single multiline stdout message also retains complete actual bytes (0.090083ms)
✔ Missing GPU, missing Nodes, empty/zero GPU cannot become zero-cost success (0.1205ms)
✔ Malformed timestamps, JSEP fields, metadata and stale versions fail closed (0.274542ms)
✔ Byte/event/group capacities reject a complete trace instead of truncating its admission (0.208666ms)
✔ Interleaved, malformed, trailing or interrupted stdout stays a retained failure (0.3315ms)
✔ CLI profile is explicit; accepted reference variants retain their own meaning (0.174333ms)
✔ CLI rejects profile-only preflight, contradictory conditioning, duplicates and unknown flags (0.079583ms)
✔ Explicit larger output changes only the bounded dimensions; arbitrary sizes are refused (0.067834ms)
✔ Q8 derivative is explicit, can be profiled, and cannot bypass model verification via preflight (0.05225ms)
✔ Identity-only conditioning is explicit, exclusive, and preserves qualified dimensions (0.126959ms)
✔ Actual default server recipe preserves retained scene prompt and generation inputs (73.076916ms)
✔ Actual dual-reference server recipe remains byte-identical to its retained canonical recipe (54.504542ms)
✔ Identity-only actual server serves one exact Civet reference and no full-scene image (75.186625ms)
✔ Server rejects conflicting or nonboolean identity modes before starting (0.661167ms)
ℹ tests 20
ℹ suites 0
ℹ pass 20
ℹ fail 0
ℹ cancelled 0
ℹ skipped 0
ℹ todo 0
ℹ duration_ms 264.156125
