{
  "directory": "/private/tmp/cf-runtime-pack-20260909-species-01",
  "manifestSha256": "ddc09e2128a6fbfea11b3c6b0596359eb97fd7f18198fed38c74b3736502476b",
  "sourcePinsSha256": "a79470dff5557d85734b73c1035309cd6f9f52f8b18adbb2e201b896630f7e70",
  "config": {
    "schema": "cf.local-ai-runtime-pack.v1",
    "workerUrl": "/__local_ai/stage-worker.mjs",
    "modelRevision": "3bffc0efef1d9f84727036cdbc44df3b6ab51131",
    "modelId": "cgb/flux2-klein-4b-onnx-webgpu",
    "sourceManifestSha256": "af5704496359448a4cea933cc57c01e9fe08c405b987dc17ffa32b256c1c4aef",
    "modelSource": "verified-opfs-only",
    "modelFiles": {},
    "q8Block32": false,
    "autoDownload": false,
    "qualityAccepted": false,
    "reference": {
      "url": "/__local_ai/reference.png",
      "sha256": "0b4584f76ce18f42e38e0c28e9a42758280d0c0de390d45371422a7e4c91fe57",
      "width": 480,
      "height": 320,
      "speciesVisualKey": "[\"object\",[[\"_cradle\",[\"number\",\"1\"]],[\"_earthName\",[\"string\",\"Platypus\"]],[\"accent\",[\"number\",\"16\"]],[\"behavior\",[\"number\",\"3\"]],[\"body\",[\"number\",\"12\"]],[\"color\",[\"number\",\"13\"]],[\"detail\",[\"number\",\"8\"]],[\"diet\",[\"number\",\"4\"]],[\"eyes\",[\"number\",\"0\"]],[\"form\",[\"number\",\"14\"]],[\"gen\",[\"number\",\"0\"]],[\"habitat\",[\"number\",\"9\"]],[\"head\",[\"number\",\"0\"]],[\"heat\",[\"number\",\"1\"]],[\"kingdom\",[\"string\",\"fauna\"]],[\"life\",[\"number\",\"3\"]],[\"limbs\",[\"number\",\"0\"]],[\"loco\",[\"number\",\"1\"]],[\"lumin\",[\"boolean\",false]],[\"metab\",[\"number\",\"0\"]],[\"pattern\",[\"number\",\"7\"]],[\"repro\",[\"number\",\"6\"]],[\"seed\",[\"number\",\"4049771185\"]],[\"sense\",[\"number\",\"4\"]],[\"size\",[\"number\",\"2\"]],[\"skin\",[\"number\",\"6\"]],[\"tail\",[\"number\",\"4\"]],[\"temper\",[\"number\",\"7\"]],[\"trait\",[\"number\",\"15\"]]]]"
    },
    "references": [
      {
        "imageIndex": 1,
        "url": "/__local_ai/references/1-civet.webp",
        "sha256": "186d76da888a4d6a1393eef85b0c47dfc3fd4f9653258dad3bdc027c4e400365",
        "width": 480,
        "height": 320,
        "sourceWidth": 768,
        "sourceHeight": 512,
        "speciesVisualKey": "[\"object\",[[\"_cradle\",[\"number\",\"1\"]],[\"_earthName\",[\"string\",\"Civet\"]],[\"accent\",[\"number\",\"3\"]],[\"behavior\",[\"number\",\"9\"]],[\"body\",[\"number\",\"13\"]],[\"color\",[\"number\",\"14\"]],[\"detail\",[\"number\",\"4\"]],[\"diet\",[\"number\",\"5\"]],[\"eyes\",[\"number\",\"5\"]],[\"form\",[\"number\",\"12\"]],[\"gen\",[\"number\",\"0\"]],[\"habitat\",[\"number\",\"5\"]],[\"head\",[\"number\",\"5\"]],[\"heat\",[\"number\",\"1\"]],[\"kingdom\",[\"string\",\"fauna\"]],[\"life\",[\"number\",\"5\"]],[\"limbs\",[\"number\",\"3\"]],[\"loco\",[\"number\",\"6\"]],[\"lumin\",[\"boolean\",true]],[\"metab\",[\"number\",\"4\"]],[\"pattern\",[\"number\",\"0\"]],[\"repro\",[\"number\",\"7\"]],[\"seed\",[\"number\",\"3212817920\"]],[\"sense\",[\"number\",\"7\"]],[\"size\",[\"number\",\"4\"]],[\"skin\",[\"number\",\"8\"]],[\"tail\",[\"number\",\"1\"]],[\"temper\",[\"number\",\"1\"]],[\"trait\",[\"number\",\"14\"]]]]"
      },
      {
        "imageIndex": 2,
        "url": "/__local_ai/references/2-persimmon.png",
        "sha256": "36aec0bc09432255b4351b22a2b99bde55f85a0f7eab309bb62dab46b88164d9",
        "width": 480,
        "height": 320,
        "sourceWidth": 1536,
        "sourceHeight": 1024,
        "speciesVisualKey": "[\"object\",[[\"_cradle\",[\"number\",\"1\"]],[\"_earthName\",[\"string\",\"Persimmon\"]],[\"accent\",[\"number\",\"2\"]],[\"behavior\",[\"number\",\"10\"]],[\"body\",[\"number\",\"4\"]],[\"color\",[\"number\",\"2\"]],[\"detail\",[\"number\",\"9\"]],[\"diet\",[\"number\",\"2\"]],[\"eyes\",[\"number\",\"1\"]],[\"form\",[\"number\",\"17\"]],[\"gen\",[\"number\",\"0\"]],[\"habitat\",[\"number\",\"5\"]],[\"head\",[\"number\",\"7\"]],[\"heat\",[\"number\",\"1\"]],[\"kingdom\",[\"string\",\"flora\"]],[\"life\",[\"number\",\"4\"]],[\"limbs\",[\"number\",\"1\"]],[\"loco\",[\"number\",\"0\"]],[\"lumin\",[\"boolean\",false]],[\"metab\",[\"number\",\"5\"]],[\"pattern\",[\"number\",\"6\"]],[\"repro\",[\"number\",\"5\"]],[\"seed\",[\"number\",\"2058951517\"]],[\"sense\",[\"number\",\"3\"]],[\"size\",[\"number\",\"3\"]],[\"skin\",[\"number\",\"7\"]],[\"tail\",[\"number\",\"1\"]],[\"temper\",[\"number\",\"4\"]],[\"trait\",[\"number\",\"9\"]]]]"
      },
      {
        "imageIndex": 3,
        "url": "/__local_ai/reference.png",
        "sha256": "0b4584f76ce18f42e38e0c28e9a42758280d0c0de390d45371422a7e4c91fe57",
        "width": 480,
        "height": 320,
        "sourceWidth": 1536,
        "sourceHeight": 1024,
        "speciesVisualKey": "[\"object\",[[\"_cradle\",[\"number\",\"1\"]],[\"_earthName\",[\"string\",\"Platypus\"]],[\"accent\",[\"number\",\"16\"]],[\"behavior\",[\"number\",\"3\"]],[\"body\",[\"number\",\"12\"]],[\"color\",[\"number\",\"13\"]],[\"detail\",[\"number\",\"8\"]],[\"diet\",[\"number\",\"4\"]],[\"eyes\",[\"number\",\"0\"]],[\"form\",[\"number\",\"14\"]],[\"gen\",[\"number\",\"0\"]],[\"habitat\",[\"number\",\"9\"]],[\"head\",[\"number\",\"0\"]],[\"heat\",[\"number\",\"1\"]],[\"kingdom\",[\"string\",\"fauna\"]],[\"life\",[\"number\",\"3\"]],[\"limbs\",[\"number\",\"0\"]],[\"loco\",[\"number\",\"1\"]],[\"lumin\",[\"boolean\",false]],[\"metab\",[\"number\",\"0\"]],[\"pattern\",[\"number\",\"7\"]],[\"repro\",[\"number\",\"6\"]],[\"seed\",[\"number\",\"4049771185\"]],[\"sense\",[\"number\",\"4\"]],[\"size\",[\"number\",\"2\"]],[\"skin\",[\"number\",\"6\"]],[\"tail\",[\"number\",\"4\"]],[\"temper\",[\"number\",\"7\"]],[\"trait\",[\"number\",\"15\"]]]]"
      },
      {
        "imageIndex": 4,
        "url": "/__local_ai/references/4-frog.png",
        "sha256": "53d4edb530e4691dffb6000b58be6ed2076302a544deec04217d64a03ef08b17",
        "width": 480,
        "height": 320,
        "sourceWidth": 1536,
        "sourceHeight": 1024,
        "speciesVisualKey": "[\"object\",[[\"_cradle\",[\"number\",\"1\"]],[\"_earthName\",[\"string\",\"Frog\"]],[\"accent\",[\"number\",\"4\"]],[\"behavior\",[\"number\",\"0\"]],[\"body\",[\"number\",\"10\"]],[\"color\",[\"number\",\"0\"]],[\"detail\",[\"number\",\"7\"]],[\"diet\",[\"number\",\"5\"]],[\"eyes\",[\"number\",\"1\"]],[\"form\",[\"number\",\"12\"]],[\"gen\",[\"number\",\"0\"]],[\"habitat\",[\"number\",\"17\"]],[\"head\",[\"number\",\"9\"]],[\"heat\",[\"number\",\"1\"]],[\"kingdom\",[\"string\",\"fauna\"]],[\"life\",[\"number\",\"0\"]],[\"limbs\",[\"number\",\"4\"]],[\"loco\",[\"number\",\"11\"]],[\"lumin\",[\"boolean\",false]],[\"metab\",[\"number\",\"2\"]],[\"pattern\",[\"number\",\"4\"]],[\"repro\",[\"number\",\"5\"]],[\"seed\",[\"number\",\"1193089256\"]],[\"sense\",[\"number\",\"5\"]],[\"size\",[\"number\",\"0\"]],[\"skin\",[\"number\",\"3\"]],[\"tail\",[\"number\",\"1\"]],[\"temper\",[\"number\",\"8\"]],[\"trait\",[\"number\",\"19\"]]]]"
      },
      {
        "imageIndex": 5,
        "url": "/__local_ai/references/5-devils-club.png",
        "sha256": "c2474e48a1a38fb2419fe01008a3906d5727b7e520f8867f954b6d8ed7ac94fc",
        "width": 480,
        "height": 320,
        "sourceWidth": 1536,
        "sourceHeight": 1024,
        "speciesVisualKey": "[\"object\",[[\"_cradle\",[\"number\",\"1\"]],[\"_earthName\",[\"string\",\"Devil's Club\"]],[\"accent\",[\"number\",\"15\"]],[\"behavior\",[\"number\",\"3\"]],[\"body\",[\"number\",\"2\"]],[\"color\",[\"number\",\"14\"]],[\"detail\",[\"number\",\"9\"]],[\"diet\",[\"number\",\"4\"]],[\"eyes\",[\"number\",\"2\"]],[\"form\",[\"number\",\"12\"]],[\"gen\",[\"number\",\"0\"]],[\"habitat\",[\"number\",\"6\"]],[\"head\",[\"number\",\"8\"]],[\"heat\",[\"number\",\"1\"]],[\"kingdom\",[\"string\",\"flora\"]],[\"life\",[\"number\",\"5\"]],[\"limbs\",[\"number\",\"5\"]],[\"loco\",[\"number\",\"0\"]],[\"lumin\",[\"boolean\",false]],[\"metab\",[\"number\",\"1\"]],[\"pattern\",[\"number\",\"7\"]],[\"repro\",[\"number\",\"6\"]],[\"seed\",[\"number\",\"1714376717\"]],[\"sense\",[\"number\",\"5\"]],[\"size\",[\"number\",\"1\"]],[\"skin\",[\"number\",\"6\"]],[\"tail\",[\"number\",\"1\"]],[\"temper\",[\"number\",\"5\"]],[\"trait\",[\"number\",\"11\"]]]]"
      },
      {
        "imageIndex": 6,
        "url": "/__local_ai/references/6-cranberry.png",
        "sha256": "31be9a75a0bdea51580435c6bf1f4a03b44d3f7fd6e80aa6537893f92a8f6b93",
        "width": 480,
        "height": 320,
        "sourceWidth": 1536,
        "sourceHeight": 1024,
        "speciesVisualKey": "[\"object\",[[\"_cradle\",[\"number\",\"1\"]],[\"_earthName\",[\"string\",\"Cranberry\"]],[\"accent\",[\"number\",\"10\"]],[\"behavior\",[\"number\",\"7\"]],[\"body\",[\"number\",\"9\"]],[\"color\",[\"number\",\"4\"]],[\"detail\",[\"number\",\"4\"]],[\"diet\",[\"number\",\"1\"]],[\"eyes\",[\"number\",\"5\"]],[\"form\",[\"number\",\"4\"]],[\"gen\",[\"number\",\"0\"]],[\"habitat\",[\"number\",\"0\"]],[\"head\",[\"number\",\"9\"]],[\"heat\",[\"number\",\"1\"]],[\"kingdom\",[\"string\",\"flora\"]],[\"life\",[\"number\",\"0\"]],[\"limbs\",[\"number\",\"3\"]],[\"loco\",[\"number\",\"0\"]],[\"lumin\",[\"boolean\",false]],[\"metab\",[\"number\",\"2\"]],[\"pattern\",[\"number\",\"0\"]],[\"repro\",[\"number\",\"2\"]],[\"seed\",[\"number\",\"1741924755\"]],[\"sense\",[\"number\",\"9\"]],[\"size\",[\"number\",\"3\"]],[\"skin\",[\"number\",\"0\"]],[\"tail\",[\"number\",\"5\"]],[\"temper\",[\"number\",\"7\"]],[\"trait\",[\"number\",\"9\"]]]]"
      }
    ]
  },
  "status": "PASS",
  "scope": "standalone-runtime",
  "fileCount": 28,
  "totalBytes": 37451014,
  "manifestBytes": 8802,
  "remaining128MiBBytes": 96766714,
  "distributionQualified": false,
  "combinedAppAdmissionQualified": false,
  "retainedUpdateQualified": false,
  "deviceQualified": false
}

