{"id":"idle","status":"PASS","samples":121,"drift":0.24033182741103043,"gap":0.00007778590133748988,"exactRest":true,"firstRefusal":null}
{"id":"alert","status":"PASS","samples":121,"drift":0.1684610423768903,"gap":0.00007788737604813218,"exactRest":true,"firstRefusal":null}
{"id":"approach:walk","status":"PASS","samples":121,"drift":0.24710983413230359,"gap":0.00008023626528282413,"exactRest":true,"firstRefusal":null}
{"id":"approach:trot","status":"PASS","samples":121,"drift":0.24710983413230359,"gap":0.00008236815012456403,"exactRest":true,"firstRefusal":null}
{"id":"approach:gallop","status":"PASS","samples":121,"drift":0.24710983413230359,"gap":0.0000777859012539524,"exactRest":true,"firstRefusal":null}
{"id":"approach:hop","status":"PASS","samples":121,"drift":0,"gap":0.00007778590133748988,"exactRest":true,"firstRefusal":null}
{"id":"melee:bite","status":"PASS","samples":121,"drift":0.2496578224012405,"gap":0.00007631189662673263,"exactRest":true,"firstRefusal":null}
{"id":"melee:claw","status":"PASS","samples":121,"drift":0.2496578224012405,"gap":0.00007631189662673263,"exactRest":true,"firstRefusal":null}
{"id":"melee:gore","status":"PASS","samples":121,"drift":0.2496578224012405,"gap":0.00008233808310618286,"exactRest":true,"firstRefusal":null}
{"id":"melee:tail","status":"PASS","samples":121,"drift":0.24857947437231379,"gap":0.00007791916032768315,"exactRest":true,"firstRefusal":null}
{"id":"melee:headbutt","status":"PASS","samples":121,"drift":0.2496578224012405,"gap":0.00007631189662673263,"exactRest":true,"firstRefusal":null}
{"id":"cast","status":"PASS","samples":121,"drift":0.22963032317639281,"gap":0.00007778590126037835,"exactRest":true,"firstRefusal":null}
{"id":"hit","status":"RED","samples":38,"drift":0.14831660618318412,"gap":0.00007428140749469756,"exactRest":true,"firstRefusal":{"ms":243.83333333333334,"sampleNumber":39,"error":"Error: Contact: hit@243.83333333333334 exceeds scale compression bound"}}
{"id":"dodge","status":"PASS","samples":121,"drift":0,"gap":0.00007381082269246636,"exactRest":true,"firstRefusal":null}
{"id":"faint","status":"PASS","samples":121,"drift":0.2370460153720308,"gap":0.00008000352432507251,"exactRest":true,"firstRefusal":null}
{"id":"victory","status":"PASS","samples":121,"drift":0.22091805584343946,"gap":0.00006960786220602534,"exactRest":true,"firstRefusal":null}
{"id":"tame","status":"PASS","samples":121,"drift":0.10540394148726683,"gap":0.00007518006074805674,"exactRest":true,"firstRefusal":null}
{"id":"feed","status":"PASS","samples":121,"drift":0.19603668567384905,"gap":0.0000845634369969575,"exactRest":true,"firstRefusal":null}
{"id":"melee:kick","status":"PASS","samples":121,"drift":0,"gap":0.00007791916041033498,"exactRest":true,"firstRefusal":null}
{"status":"RED","rows":19,"exactRest":true,"sourcePixelRest":{"status":"PASS","changedVisibleRgbaChannels":0,"scope":"Exact independent atlas-part reconstruction of keyed source at authored cutout rectangles; not GPU rendering"}}
