{"id":"idle","status":"PASS","samples":121,"drift":0.20358798295223554,"gap":0.00008408653049881613,"exactRest":true,"firstRefusal":null}
{"id":"alert","status":"PASS","samples":121,"drift":0.19961919722967605,"gap":0.00008211976105142575,"exactRest":true,"firstRefusal":null}
{"id":"approach:walk","status":"PASS","samples":121,"drift":0.1766787890468055,"gap":0.00008164616136740231,"exactRest":true,"firstRefusal":null}
{"id":"approach:trot","status":"PASS","samples":121,"drift":0.24466806202816238,"gap":0.00007934562095603493,"exactRest":true,"firstRefusal":null}
{"id":"approach:gallop","status":"PASS","samples":121,"drift":0.2360044692030342,"gap":0.00007934562095603493,"exactRest":true,"firstRefusal":null}
{"id":"approach:hop","status":"PASS","samples":121,"drift":0,"gap":0.00007927822212938041,"exactRest":true,"firstRefusal":null}
{"id":"melee:bite","status":"PASS","samples":121,"drift":0.1186528839526025,"gap":0.00007927822212938041,"exactRest":true,"firstRefusal":null}
{"id":"melee:claw","status":"PASS","samples":121,"drift":0.1186528839526025,"gap":0.00007927822212938041,"exactRest":true,"firstRefusal":null}
{"id":"melee:gore","status":"PASS","samples":121,"drift":0.1186528839526025,"gap":0.00008057039940997354,"exactRest":true,"firstRefusal":null}
{"id":"melee:tail","status":"PASS","samples":121,"drift":0.19217064853042976,"gap":0.00008013835326172399,"exactRest":true,"firstRefusal":null}
{"id":"melee:headbutt","status":"PASS","samples":121,"drift":0.1186528839526025,"gap":0.00008605101276554621,"exactRest":true,"firstRefusal":null}
{"id":"cast","status":"PASS","samples":121,"drift":0.13483462383866307,"gap":0.00007927822196860294,"exactRest":true,"firstRefusal":null}
{"id":"hit","status":"RED","samples":38,"drift":0.16347997795037753,"gap":0.00008221445254884312,"exactRest":true,"firstRefusal":{"ms":264.1,"sampleNumber":39,"error":"Error: Contact: hit@264.1 exceeds scale compression bound"}}
{"id":"dodge","status":"PASS","samples":121,"drift":0,"gap":0.00007546169371253917,"exactRest":true,"firstRefusal":null}
{"id":"faint","status":"PASS","samples":121,"drift":0.18173303289300852,"gap":0.00007927822204899168,"exactRest":true,"firstRefusal":null}
{"id":"victory","status":"PASS","samples":121,"drift":0.11574708455104468,"gap":0.00007927822204899168,"exactRest":true,"firstRefusal":null}
{"id":"tame","status":"PASS","samples":121,"drift":0.10893487189855348,"gap":0.00008179391531889844,"exactRest":true,"firstRefusal":null}
{"id":"feed","status":"PASS","samples":121,"drift":0.17810698882597656,"gap":0.00008232086734777758,"exactRest":true,"firstRefusal":null}
{"id":"melee:kick","status":"PASS","samples":121,"drift":0,"gap":0.00007927822204899168,"exactRest":true,"firstRefusal":null}
{"status":"RED","rows":19,"exactRest":true,"sourcePixelRest":{"status":"PASS","changedVisibleRgbaChannels":0,"scope":"Exact independent atlas-part reconstruction of keyed source at authored cutout rectangles; not GPU rendering"}}
