✔ mixed broker/painted rows admit only against their actual independent inventories (2.168708ms)
✔ resource sums preserve broker evidence and include data URLs, masks and archetypes (0.24375ms)
✔ actual browser expression retains a painted row without laundering its broker indices (2.542208ms)
✔ the retained calibration miss is refused; only matched painted ownership repairs that miss (1.222833ms)
✔ full classifier accepts a mixed-owner ready carrier and rejects wrong-owner forgery (23.152875ms)
✔ native entry follows observed controls without a four-Tab assumption or focus injection (0.2265ms)
✔ mixed-owner error control follows the first actual broker row and rejects missing recovery (4.509791ms)
✔ retained overflow stays pending inside the unchanged carrier bound; identity forgeries refuse (24.065459ms)
✔ error publication cannot accept a still-rendering painted sibling (14.182791ms)
✔ stopped foreground deadline retains the last raw pending observation and still cleans up (0.698333ms)
✔ v2 foreground owns the real page before emulation and preserves exact receipt refusals (0.571333ms)
✔ native keyboard codes match the host while retaining semantic events and edit commands (0.843458ms)
✔ valid empty epoch and three independent, raw-reducible controls admit; v1 never changes (3.092291ms)
✔ growth guard phone.mountedRowsMax: unchanged passes, excess/NaN and ceiling-equal sample refuse (0.316708ms)
✔ growth guard phone.heapUsedBytesMax: unchanged passes, excess/NaN and ceiling-equal sample refuse (0.182833ms)
✔ growth guard phone.documentsMax: unchanged passes, excess/NaN and ceiling-equal sample refuse (0.165792ms)
✔ growth guard phone.nodesMax: unchanged passes, excess/NaN and ceiling-equal sample refuse (0.170792ms)
✔ growth guard phone.embedderHeapUsedBytesMax: unchanged passes, excess/NaN and ceiling-equal sample refuse (0.162958ms)
✔ growth guard phone.backingStorageBytesMax: unchanged passes, excess/NaN and ceiling-equal sample refuse (0.154375ms)
✔ growth guard phone.heapAggregateBytesMax: unchanged passes, excess/NaN and ceiling-equal sample refuse (0.160958ms)
✔ growth guard phone.jsEventListenersMax: unchanged passes, excess/NaN and ceiling-equal sample refuse (0.172333ms)
✔ growth guard phone.liveCacheEntriesMax: unchanged passes, excess/NaN and ceiling-equal sample refuse (0.15975ms)
✔ growth guard phone.liveDecodedPixelsMax: unchanged passes, excess/NaN and ceiling-equal sample refuse (0.137375ms)
✔ growth guard phone.liveDecodedBytesMax: unchanged passes, excess/NaN and ceiling-equal sample refuse (0.134125ms)
✔ growth guard phone.liveEncodedBytesMax: unchanged passes, excess/NaN and ceiling-equal sample refuse (0.122333ms)
✔ growth guard phone.queuedJobsPeakMax: unchanged passes, excess/NaN and ceiling-equal sample refuse (0.111584ms)
✔ growth guard phone.activeJobsPeakMax: unchanged passes, excess/NaN and ceiling-equal sample refuse (0.109834ms)
✔ growth guard phone.liveLeasesMax: unchanged passes, excess/NaN and ceiling-equal sample refuse (0.11075ms)
✔ growth guard phone.liveSubscribersMax: unchanged passes, excess/NaN and ceiling-equal sample refuse (0.10375ms)
✔ growth guard phone.livePortraitCacheEntriesMax: unchanged passes, excess/NaN and ceiling-equal sample refuse (0.102625ms)
✔ growth guard phone.livePortraitEncodedBytesMax: unchanged passes, excess/NaN and ceiling-equal sample refuse (0.117417ms)
✔ growth guard phone.warmHeapAggregateRangeBytesMax: unchanged passes, excess/NaN and ceiling-equal sample refuse (0.105917ms)
✔ growth guard phone.warmEncodedBytesRangeMax: unchanged passes, excess/NaN and ceiling-equal sample refuse (0.101333ms)
✔ growth guard desktop.mountedRowsMax: unchanged passes, excess/NaN and ceiling-equal sample refuse (0.106667ms)
✔ growth guard desktop.heapUsedBytesMax: unchanged passes, excess/NaN and ceiling-equal sample refuse (0.110334ms)
✔ growth guard desktop.documentsMax: unchanged passes, excess/NaN and ceiling-equal sample refuse (0.116958ms)
✔ growth guard desktop.nodesMax: unchanged passes, excess/NaN and ceiling-equal sample refuse (0.104084ms)
✔ growth guard desktop.embedderHeapUsedBytesMax: unchanged passes, excess/NaN and ceiling-equal sample refuse (0.100708ms)
✔ growth guard desktop.backingStorageBytesMax: unchanged passes, excess/NaN and ceiling-equal sample refuse (0.100584ms)
✔ growth guard desktop.heapAggregateBytesMax: unchanged passes, excess/NaN and ceiling-equal sample refuse (0.105375ms)
✔ growth guard desktop.jsEventListenersMax: unchanged passes, excess/NaN and ceiling-equal sample refuse (0.117875ms)
✔ growth guard desktop.liveCacheEntriesMax: unchanged passes, excess/NaN and ceiling-equal sample refuse (0.101542ms)
✔ growth guard desktop.liveDecodedPixelsMax: unchanged passes, excess/NaN and ceiling-equal sample refuse (1.149542ms)
✔ growth guard desktop.liveDecodedBytesMax: unchanged passes, excess/NaN and ceiling-equal sample refuse (0.146125ms)
✔ growth guard desktop.liveEncodedBytesMax: unchanged passes, excess/NaN and ceiling-equal sample refuse (0.137292ms)
✔ growth guard desktop.queuedJobsPeakMax: unchanged passes, excess/NaN and ceiling-equal sample refuse (0.114667ms)
✔ growth guard desktop.activeJobsPeakMax: unchanged passes, excess/NaN and ceiling-equal sample refuse (0.104084ms)
✔ growth guard desktop.liveLeasesMax: unchanged passes, excess/NaN and ceiling-equal sample refuse (0.111209ms)
✔ growth guard desktop.liveSubscribersMax: unchanged passes, excess/NaN and ceiling-equal sample refuse (0.096833ms)
✔ growth guard desktop.livePortraitCacheEntriesMax: unchanged passes, excess/NaN and ceiling-equal sample refuse (0.096833ms)
✔ growth guard desktop.livePortraitEncodedBytesMax: unchanged passes, excess/NaN and ceiling-equal sample refuse (0.11225ms)
✔ growth guard desktop.warmHeapAggregateRangeBytesMax: unchanged passes, excess/NaN and ceiling-equal sample refuse (0.107625ms)
✔ growth guard desktop.warmEncodedBytesRangeMax: unchanged passes, excess/NaN and ceiling-equal sample refuse (0.108375ms)
✔ activation rejects historical ruler hash (0.823417ms)
✔ activation rejects allowance increase (0.539542ms)
✔ activation rejects ceiling absorption (0.553667ms)
✔ activation rejects source substitution (0.609584ms)
✔ activation rejects missing sample (0.414542ms)
✔ activation rejects repeated run (0.443584ms)
✔ activation rejects metric forgery (0.420458ms)
✔ activation rejects producer substitution (0.407459ms)
✔ activation rejects measurement substitution (0.387208ms)
✔ activation rejects browser substitution (0.444ms)
✔ calibration uses guarded finite limits, never the legacy unbounded evaluator (0.080125ms)
✔ the native outcome evaluator itself reports growth as failure during calibration (31.304083ms)
✔ native action order and outcome evaluation retain the sealed v1 contract (1.237125ms)
✔ phase ledger admits exactly three independent calibration attempts and one certificate (0.22325ms)
✔ a running or failed phase can neither retry nor continue (0.055625ms)
✔ materialized authority bytes are portable while dependency links bind the real signed tree (5.987958ms)
ℹ tests 69
ℹ suites 0
ℹ pass 69
ℹ fail 0
ℹ cancelled 0
ℹ skipped 0
ℹ todo 0
ℹ duration_ms 288.197666
