{"id":"idle","status":"PASS","samples":121,"drift":0.000058296907623846854,"gap":0.00007414533003062954,"exactRest":true,"firstRefusal":null}
{"id":"alert","status":"PASS","samples":121,"drift":0.000058296907623846854,"gap":0.00006685326683165972,"exactRest":true,"firstRefusal":null}
{"id":"approach:walk","status":"PASS","samples":121,"drift":0.01055596546406046,"gap":0.00006899112482708041,"exactRest":true,"firstRefusal":null}
{"id":"approach:trot","status":"PASS","samples":121,"drift":0.01055596546406046,"gap":0.00007138097895623578,"exactRest":true,"firstRefusal":null}
{"id":"approach:gallop","status":"RED","samples":21,"drift":0.000056084645036411004,"gap":0.00006960786218907036,"exactRest":true,"firstRefusal":{"ms":163.1,"sampleNumber":22,"error":"Error: Contact: approach:gallop@163.1 exceeds scale compression bound"}}
{"id":"approach:hop","status":"PASS","samples":121,"drift":0,"gap":0.00006989205163564643,"exactRest":true,"firstRefusal":null}
{"id":"melee:bite","status":"PASS","samples":121,"drift":0.000058296907623846854,"gap":0.00007428140764722446,"exactRest":true,"firstRefusal":null}
{"id":"melee:claw","status":"PASS","samples":121,"drift":0.000058296907623846854,"gap":0.00007428140764722446,"exactRest":true,"firstRefusal":null}
{"id":"melee:gore","status":"PASS","samples":121,"drift":0.000058296907623846854,"gap":0.00007428140764722446,"exactRest":true,"firstRefusal":null}
{"id":"melee:tail","status":"PASS","samples":121,"drift":0.000058296907623846854,"gap":0.00007428140764722446,"exactRest":true,"firstRefusal":null}
{"id":"melee:headbutt","status":"PASS","samples":121,"drift":0.000058296907623846854,"gap":0.00007428140764722446,"exactRest":true,"firstRefusal":null}
{"id":"cast","status":"PASS","samples":121,"drift":0.000056084645036411004,"gap":0.00007093936711642234,"exactRest":true,"firstRefusal":null}
{"id":"hit","status":"PASS","samples":121,"drift":0.000058296907623846854,"gap":0.00007012478864477161,"exactRest":true,"firstRefusal":null}
{"id":"dodge","status":"PASS","samples":121,"drift":0,"gap":0.00006870779247461495,"exactRest":true,"firstRefusal":null}
{"id":"faint","status":"PASS","samples":121,"drift":0.000058296907623846854,"gap":0.00007834840056213345,"exactRest":true,"firstRefusal":null}
{"id":"victory","status":"PASS","samples":121,"drift":0.000058296907623846854,"gap":0.00007431908535671164,"exactRest":true,"firstRefusal":null}
{"id":"tame","status":"RED","samples":21,"drift":0.2416064065155769,"gap":0.00006960786218907036,"exactRest":true,"firstRefusal":{"ms":201.6,"sampleNumber":22,"error":"Error: Contact: tame@201.6 exceeds scale compression bound"}}
{"id":"feed","status":"PASS","samples":121,"drift":0.000058296907623846854,"gap":0.00007428140764722446,"exactRest":true,"firstRefusal":null}
{"id":"melee:kick","status":"PASS","samples":121,"drift":0,"gap":0.00007428140762180331,"exactRest":true,"firstRefusal":null}
{"status":"RED","rows":19,"exactRest":true,"sourcePixelRest":{"status":"PASS","changedVisibleRgbaChannels":0,"scope":"Exact independent atlas-part reconstruction of keyed source at authored cutout rectangles; not GPU rendering"}}
