{"id":"idle","status":"PASS","samples":121,"drift":0.010151814376294333,"gap":0.00006837265946244342,"exactRest":true,"firstRefusal":null}
{"id":"alert","status":"PASS","samples":121,"drift":0.00856689348941948,"gap":0.00006933177261002877,"exactRest":true,"firstRefusal":null}
{"id":"approach:walk","status":"PASS","samples":121,"drift":0.007130964927547876,"gap":0.00007674687540428892,"exactRest":true,"firstRefusal":null}
{"id":"approach:trot","status":"PASS","samples":121,"drift":0.00736180641079345,"gap":0.00007674687540428892,"exactRest":true,"firstRefusal":null}
{"id":"approach:gallop","status":"PASS","samples":121,"drift":0.0051263279091957135,"gap":0.00007674687540428892,"exactRest":true,"firstRefusal":null}
{"id":"approach:hop","status":"PASS","samples":121,"drift":0,"gap":0.0000818866701718369,"exactRest":true,"firstRefusal":null}
{"id":"melee:bite","status":"PASS","samples":121,"drift":0.002367905350415649,"gap":0.00007016017978883134,"exactRest":true,"firstRefusal":null}
{"id":"melee:claw","status":"PASS","samples":121,"drift":0.002367905350415649,"gap":0.00007250139176079542,"exactRest":true,"firstRefusal":null}
{"id":"melee:gore","status":"PASS","samples":121,"drift":0.002367905350415649,"gap":0.00007016017978883134,"exactRest":true,"firstRefusal":null}
{"id":"melee:tail","status":"PASS","samples":121,"drift":0.004668239318486947,"gap":0.00007016017978883134,"exactRest":true,"firstRefusal":null}
{"id":"melee:headbutt","status":"PASS","samples":121,"drift":0.002367905350415649,"gap":0.00007016017978883134,"exactRest":true,"firstRefusal":null}
{"id":"cast","status":"PASS","samples":121,"drift":0.005160629140351892,"gap":0.0000723301402195726,"exactRest":true,"firstRefusal":null}
{"id":"hit","status":"PASS","samples":121,"drift":0.0068335991363019264,"gap":0.00007170934377322407,"exactRest":true,"firstRefusal":null}
{"id":"dodge","status":"PASS","samples":121,"drift":0,"gap":0.00007348797216053577,"exactRest":true,"firstRefusal":null}
{"id":"faint","status":"RED","samples":42,"drift":0.0009208702267066623,"gap":0.00006615662503212525,"exactRest":true,"firstRefusal":{"ms":361.2,"sampleNumber":43,"error":"RecoverablePoseError: ARAP skin: unresolved folded triangles: 11"}}
{"id":"victory","status":"PASS","samples":121,"drift":0.00451944017269635,"gap":0.000065936091796934,"exactRest":true,"firstRefusal":null}
{"id":"tame","status":"PASS","samples":121,"drift":0.001984250613490667,"gap":0.00006967604039081717,"exactRest":true,"firstRefusal":null}
{"id":"feed","status":"PASS","samples":121,"drift":0.007890055767525722,"gap":0.00006791872267509126,"exactRest":true,"firstRefusal":null}
{"id":"melee:kick","status":"PASS","samples":121,"drift":0,"gap":0.00007351302999089952,"exactRest":true,"firstRefusal":null}
{"status":"RED","rows":19,"exactRest":true,"sourcePixelRest":{"status":"PASS","changedVisibleRgbaChannels":0,"scope":"Exact independent atlas-part reconstruction of keyed source at authored cutout rectangles; not GPU rendering"}}
