{"id":"idle","status":"PASS","samples":121,"drift":0.00003894788423981382,"gap":0.00006874532578286886,"exactRest":true,"firstRefusal":null}
{"id":"alert","status":"PASS","samples":121,"drift":0.1255390130028011,"gap":0.00007059225290434637,"exactRest":true,"firstRefusal":null}
{"id":"approach:walk","status":"PASS","samples":121,"drift":0.07342569751203633,"gap":0.00007562195792362711,"exactRest":true,"firstRefusal":null}
{"id":"approach:trot","status":"PASS","samples":121,"drift":0.13998735944825375,"gap":0.00007103159598162847,"exactRest":true,"firstRefusal":null}
{"id":"approach:gallop","status":"PASS","samples":121,"drift":0.06794104442404969,"gap":0.00007602454091253705,"exactRest":true,"firstRefusal":null}
{"id":"approach:hop","status":"PASS","samples":121,"drift":0,"gap":0.00007267170354490904,"exactRest":true,"firstRefusal":null}
{"id":"melee:bite","status":"PASS","samples":121,"drift":0.06879316323715748,"gap":0.00007771891365288558,"exactRest":true,"firstRefusal":null}
{"id":"melee:claw","status":"PASS","samples":121,"drift":0.06879316323715748,"gap":0.00007267170354490904,"exactRest":true,"firstRefusal":null}
{"id":"melee:gore","status":"PASS","samples":121,"drift":0.06879316323715748,"gap":0.00007771891365288558,"exactRest":true,"firstRefusal":null}
{"id":"melee:tail","status":"PASS","samples":121,"drift":0.0030746876164740164,"gap":0.0000770204443171326,"exactRest":true,"firstRefusal":null}
{"id":"melee:headbutt","status":"PASS","samples":121,"drift":0.06879316323715748,"gap":0.00007771891365288558,"exactRest":true,"firstRefusal":null}
{"id":"cast","status":"PASS","samples":121,"drift":0.00198648621036656,"gap":0.0000728756187457363,"exactRest":true,"firstRefusal":null}
{"id":"hit","status":"PASS","samples":121,"drift":0.006613145215146482,"gap":0.00007290981949415437,"exactRest":true,"firstRefusal":null}
{"id":"dodge","status":"PASS","samples":121,"drift":0,"gap":0.00007623472547270661,"exactRest":true,"firstRefusal":null}
{"id":"faint","status":"PASS","samples":121,"drift":0.0043926872227653055,"gap":0.00007074524024674383,"exactRest":true,"firstRefusal":null}
{"id":"victory","status":"PASS","samples":121,"drift":0.0004270449472301448,"gap":0.00007265076862608306,"exactRest":true,"firstRefusal":null}
{"id":"tame","status":"PASS","samples":121,"drift":0.042558467509244524,"gap":0.00007349585466222755,"exactRest":true,"firstRefusal":null}
{"id":"feed","status":"PASS","samples":121,"drift":0.00127781311046936,"gap":0.00007059987983892718,"exactRest":true,"firstRefusal":null}
{"id":"melee:kick","status":"PASS","samples":121,"drift":0,"gap":0.0000857785704922609,"exactRest":true,"firstRefusal":null}
{"status":"RED","rows":19,"exactRest":true,"sourcePixelRest":{"status":"PASS","changedVisibleRgbaChannels":0,"scope":"Exact independent atlas-part reconstruction of keyed source at authored cutout rectangles; not GPU rendering"}}
