{"key":"coconut-crab-b24-i56","vertices":3838}
{"key":"coconut-crab-b24-i80","vertices":3791}
{"key":"coconut-crab-b24-i128","vertices":3791,"alias":"coconut-crab-b24-i80"}
{"key":"coconut-crab-b24-i256","vertices":3787}
{"key":"coconut-crab-b32-i56","vertices":3838,"alias":"coconut-crab-b24-i56"}
{"key":"coconut-crab-b48-i56","vertices":1613}
{"key":"crab-b24-i56","vertices":3896}
{"key":"crab-b24-i80","vertices":3854}
{"key":"crab-b24-i128","vertices":3854,"alias":"crab-b24-i80"}
{"key":"crab-b24-i256","vertices":3854,"alias":"crab-b24-i80"}
{"key":"crab-b32-i56","vertices":3896,"alias":"crab-b24-i56"}
{"key":"crab-b48-i56","vertices":1607}
{"key":"freshwater-crab-b24-i56","vertices":3263}
{"key":"freshwater-crab-b24-i80","vertices":3228}
{"key":"freshwater-crab-b24-i128","vertices":3228,"alias":"freshwater-crab-b24-i80"}
{"key":"freshwater-crab-b24-i256","vertices":3228,"alias":"freshwater-crab-b24-i80"}
{"key":"freshwater-crab-b32-i56","vertices":3263,"alias":"freshwater-crab-b24-i56"}
{"key":"freshwater-crab-b48-i56","vertices":1397}
{"key":"mud-crab-b24-i56","vertices":3998}
{"key":"mud-crab-b24-i80","vertices":3939}
{"key":"mud-crab-b24-i128","vertices":3939,"alias":"mud-crab-b24-i80"}
{"key":"mud-crab-b24-i256","vertices":3935}
{"key":"mud-crab-b32-i56","vertices":3998,"alias":"mud-crab-b24-i56"}
{"key":"mud-crab-b48-i56","vertices":1646}
{"key":"vent-crab-b24-i56","vertices":3794}
{"key":"vent-crab-b24-i80","vertices":3748}
{"key":"vent-crab-b24-i128","vertices":3748,"alias":"vent-crab-b24-i80"}
{"key":"vent-crab-b24-i256","vertices":3748,"alias":"vent-crab-b24-i80"}
{"key":"vent-crab-b32-i56","vertices":3794,"alias":"vent-crab-b24-i56"}
{"key":"vent-crab-b48-i56","vertices":1476}
