[
  {
    name: 'old',
    listeners: 59,
    outcomes: [
      'real read',
      'atomic compare commit',
      'committed bytes',
      'stale compare refused',
      'stale write did not mutate',
      'native abort rejected',
      'abort left prior data',
      'native request error rejected',
      'request error rolled back all writes',
      'delete committed',
      'clear committed',
      'terminal callback ownership'
    ],
    beforeGc: { documents: 2, nodes: 11, jsEventListeners: 61 },
    afterGc: { documents: 1, nodes: 7, jsEventListeners: 367 }
  },
  {
    name: 'new',
    listeners: 0,
    outcomes: [
      'real read',
      'atomic compare commit',
      'committed bytes',
      'stale compare refused',
      'stale write did not mutate',
      'native abort rejected',
      'abort left prior data',
      'native request error rejected',
      'request error rolled back all writes',
      'delete committed',
      'clear committed',
      'terminal callback ownership'
    ],
    beforeGc: { documents: 2, nodes: 11, jsEventListeners: 14 },
    afterGc: { documents: 1, nodes: 7, jsEventListeners: 12 }
  }
]
