✔ Native microseconds and host/GPU overlap remain separate, with actual CPU provider (1.176584ms)
✔ Same program with different tensor dimensions is a distinct bounded group (0.152166ms)
✔ More unique graph nodes than the unchanged group cap aggregate by actual op/program/shape (7.91725ms)
✔ Different ops and programs stay distinct even when their node label and shapes agree (5.942333ms)
✔ Malformed native name contract cannot silently merge into a generic program group (0.534375ms)
✔ Native stdout requires exact complete framing; partial end cannot pass (0.589ms)
✔ Single multiline stdout message also retains complete actual bytes (0.083917ms)
✔ Missing GPU, missing Nodes, empty/zero GPU cannot become zero-cost success (0.126625ms)
✔ Malformed timestamps, JSEP fields, metadata and stale versions fail closed (0.361292ms)
✔ Byte/event/group capacities reject a complete trace instead of truncating its admission (0.228375ms)
✔ Interleaved, malformed, trailing or interrupted stdout stays a retained failure (0.184792ms)
✔ CLI profile is explicit; accepted reference variants retain their own meaning (0.171291ms)
✔ CLI rejects profile-only preflight, contradictory conditioning, duplicates and unknown flags (0.090708ms)
ℹ tests 13
ℹ suites 0
ℹ pass 13
ℹ fail 0
ℹ cancelled 0
ℹ skipped 0
ℹ todo 0
ℹ duration_ms 61.533917
