{"id":"idle","status":"RED","samples":80,"drift":0.07095633999270301,"gap":0.00007157340139864207,"exactRest":true,"firstRefusal":{"ms":2111.395894611875,"sampleNumber":81,"error":"RecoverablePoseError: ARAP skin: unresolved folded triangles: 1"}}
{"id":"alert","status":"RED","samples":7,"drift":0.06419006629606336,"gap":0.00006248911935638241,"exactRest":true,"firstRefusal":{"ms":42.7,"sampleNumber":8,"error":"RecoverablePoseError: ARAP skin: unresolved folded triangles: 1"}}
{"id":"approach:walk","status":"PASS","samples":121,"drift":0.06543150408545782,"gap":0.00007480609050573248,"exactRest":true,"firstRefusal":null}
{"id":"approach:trot","status":"PASS","samples":121,"drift":0.06620104275680057,"gap":0.00006595078641566942,"exactRest":true,"firstRefusal":null}
{"id":"approach:gallop","status":"RED","samples":10,"drift":0.0010948986214135209,"gap":0.00006942881484853432,"exactRest":true,"firstRefusal":{"ms":77.66666666666667,"sampleNumber":11,"error":"RecoverablePoseError: ARAP skin: unresolved folded triangles: 4"}}
{"id":"approach:hop","status":"RED","samples":8,"drift":0,"gap":0.00006595078641566942,"exactRest":true,"firstRefusal":{"ms":62.13333333333333,"sampleNumber":9,"error":"RecoverablePoseError: ARAP skin: unresolved folded triangles: 3"}}
{"id":"melee:bite","status":"RED","samples":8,"drift":0.00004648398070355127,"gap":0.00006839689756752202,"exactRest":true,"firstRefusal":{"ms":67.91111111111111,"sampleNumber":9,"error":"RecoverablePoseError: ARAP skin: unresolved folded triangles: 3"}}
{"id":"melee:claw","status":"RED","samples":8,"drift":0.00004648398070355127,"gap":0.00006839689756752202,"exactRest":true,"firstRefusal":{"ms":67.91111111111111,"sampleNumber":9,"error":"RecoverablePoseError: ARAP skin: unresolved folded triangles: 3"}}
{"id":"melee:gore","status":"RED","samples":8,"drift":0.00004648398070355127,"gap":0.00006839689756752202,"exactRest":true,"firstRefusal":{"ms":67.91111111111111,"sampleNumber":9,"error":"RecoverablePoseError: ARAP skin: unresolved folded triangles: 3"}}
{"id":"melee:tail","status":"RED","samples":7,"drift":0.00004648398070355127,"gap":0.00006595078641566942,"exactRest":true,"firstRefusal":{"ms":59.42222222222222,"sampleNumber":8,"error":"RecoverablePoseError: ARAP skin: unresolved folded triangles: 3"}}
{"id":"melee:headbutt","status":"RED","samples":8,"drift":0.00004648398070355127,"gap":0.00006839689756752202,"exactRest":true,"firstRefusal":{"ms":67.91111111111111,"sampleNumber":9,"error":"RecoverablePoseError: ARAP skin: unresolved folded triangles: 3"}}
{"id":"cast","status":"PASS","samples":121,"drift":0.014258216945168819,"gap":0.00008536702878985381,"exactRest":true,"firstRefusal":null}
{"id":"hit","status":"RED","samples":6,"drift":0.00045221155847482286,"gap":0.00006248911926839365,"exactRest":true,"firstRefusal":{"ms":48.1,"sampleNumber":7,"error":"RecoverablePoseError: ARAP skin: unresolved folded triangles: 17"}}
{"id":"dodge","status":"PASS","samples":121,"drift":0,"gap":0.00006595078632471995,"exactRest":true,"firstRefusal":null}
{"id":"faint","status":"RED","samples":13,"drift":0.0013237061832686138,"gap":0.0000542368818595414,"exactRest":true,"firstRefusal":{"ms":111.8,"sampleNumber":14,"error":"RecoverablePoseError: ARAP skin: unresolved folded triangles: 3"}}
{"id":"victory","status":"RED","samples":32,"drift":0.0054425709071084325,"gap":0.00009380453069629103,"exactRest":true,"firstRefusal":{"ms":296.53333333333336,"sampleNumber":33,"error":"RecoverablePoseError: ARAP skin: unresolved folded triangles: 2"}}
{"id":"tame","status":"PASS","samples":121,"drift":0.04907541903590531,"gap":0.00009088981249591213,"exactRest":true,"firstRefusal":null}
{"id":"feed","status":"PASS","samples":121,"drift":0.07363531818363103,"gap":0.00009826990000308331,"exactRest":true,"firstRefusal":null}
{"id":"melee:kick","status":"RED","samples":42,"drift":0,"gap":0.00007157340131483733,"exactRest":true,"firstRefusal":{"ms":356.53333333333336,"sampleNumber":43,"error":"RecoverablePoseError: ARAP skin: unresolved folded triangles: 14"}}
{"status":"RED","rows":19,"exactRest":true,"sourcePixelRest":{"status":"PASS","changedVisibleRgbaChannels":0,"scope":"Exact independent atlas-part reconstruction of keyed source at authored cutout rectangles; not GPU rendering"}}
