{"id":"idle","status":"RED","samples":42,"drift":0.011377667853515742,"gap":0.00006293696258356614,"exactRest":true,"firstRefusal":{"ms":1043.2536938227713,"sampleNumber":43,"error":"RecoverablePoseError: ARAP skin: unresolved folded triangles: 108"}}
{"id":"alert","status":"RED","samples":1,"drift":0.000038208390544185625,"gap":0.000050070456030942114,"exactRest":true,"firstRefusal":{"ms":6.1,"sampleNumber":2,"error":"RecoverablePoseError: ARAP skin: unresolved folded triangles: 293"}}
{"id":"approach:walk","status":"RED","samples":8,"drift":0.000036027248406433714,"gap":0.00005285214803266112,"exactRest":true,"firstRefusal":{"ms":62.13333333333333,"sampleNumber":9,"error":"RecoverablePoseError: ARAP skin: unresolved folded triangles: 230"}}
{"id":"approach:trot","status":"RED","samples":6,"drift":0.0002722682238420675,"gap":0.00005285214803266112,"exactRest":true,"firstRefusal":{"ms":46.6,"sampleNumber":7,"error":"RecoverablePoseError: ARAP skin: unresolved folded triangles: 193"}}
{"id":"approach:gallop","status":"RED","samples":5,"drift":0.00004056427804251851,"gap":0.000060483120216489693,"exactRest":true,"firstRefusal":{"ms":38.833333333333336,"sampleNumber":6,"error":"RecoverablePoseError: ARAP skin: unresolved folded triangles: 191"}}
{"id":"approach:hop","status":"RED","samples":6,"drift":0,"gap":0.00005640314501138687,"exactRest":true,"firstRefusal":{"ms":46.6,"sampleNumber":7,"error":"RecoverablePoseError: ARAP skin: unresolved folded triangles: 108"}}
{"id":"melee:bite","status":"RED","samples":3,"drift":0.0004750351142423952,"gap":0.000050070456030942114,"exactRest":true,"firstRefusal":{"ms":25.466666666666665,"sampleNumber":4,"error":"RecoverablePoseError: ARAP skin: unresolved folded triangles: 94"}}
{"id":"melee:claw","status":"RED","samples":3,"drift":0.0004750351142423952,"gap":0.000050070456030942114,"exactRest":true,"firstRefusal":{"ms":25.466666666666665,"sampleNumber":4,"error":"RecoverablePoseError: ARAP skin: unresolved folded triangles: 94"}}
{"id":"melee:gore","status":"RED","samples":3,"drift":0.0004750351142423952,"gap":0.0000507752514557259,"exactRest":true,"firstRefusal":{"ms":25.466666666666665,"sampleNumber":4,"error":"RecoverablePoseError: ARAP skin: unresolved folded triangles: 94"}}
{"id":"melee:tail","status":"RED","samples":2,"drift":0.0004034879988257681,"gap":0.000050070456030942114,"exactRest":true,"firstRefusal":{"ms":16.977777777777778,"sampleNumber":3,"error":"RecoverablePoseError: ARAP skin: unresolved folded triangles: 76"}}
{"id":"melee:headbutt","status":"RED","samples":3,"drift":0.0004750351142423952,"gap":0.000050070456030942114,"exactRest":true,"firstRefusal":{"ms":25.466666666666665,"sampleNumber":4,"error":"RecoverablePoseError: ARAP skin: unresolved folded triangles: 94"}}
{"id":"cast","status":"RED","samples":5,"drift":0.0004750351142423952,"gap":0.00005763216152285597,"exactRest":true,"firstRefusal":{"ms":46.75,"sampleNumber":6,"error":"RecoverablePoseError: ARAP skin: unresolved folded triangles: 116"}}
{"id":"hit","status":"RED","samples":1,"drift":0.000038208390544185625,"gap":0.000050070456030942114,"exactRest":true,"firstRefusal":{"ms":8.016666666666667,"sampleNumber":2,"error":"RecoverablePoseError: ARAP skin: unresolved folded triangles: 755"}}
{"id":"dodge","status":"RED","samples":3,"drift":0,"gap":0.00005285214803266112,"exactRest":true,"firstRefusal":{"ms":19.8,"sampleNumber":4,"error":"RecoverablePoseError: ARAP skin: unresolved folded triangles: 23"}}
{"id":"faint","status":"RED","samples":4,"drift":0.00047889232311325357,"gap":0.00005348398896523801,"exactRest":true,"firstRefusal":{"ms":34.4,"sampleNumber":5,"error":"RecoverablePoseError: ARAP skin: unresolved folded triangles: 117"}}
{"id":"victory","status":"RED","samples":14,"drift":0.01036566887122596,"gap":0.00006389578700362778,"exactRest":true,"firstRefusal":{"ms":129.73333333333332,"sampleNumber":15,"error":"RecoverablePoseError: ARAP skin: unresolved folded triangles: 7"}}
{"id":"tame","status":"RED","samples":12,"drift":0.009852081980417522,"gap":0.00006591869616629337,"exactRest":true,"firstRefusal":{"ms":115.2,"sampleNumber":13,"error":"RecoverablePoseError: ARAP skin: unresolved folded triangles: 245"}}
{"id":"feed","status":"RED","samples":4,"drift":0.0006420316644586316,"gap":0.00005735804248503463,"exactRest":true,"firstRefusal":{"ms":36.4,"sampleNumber":5,"error":"RecoverablePoseError: ARAP skin: unresolved folded triangles: 16"}}
{"id":"melee:kick","status":"RED","samples":19,"drift":0,"gap":0.00006298368303443114,"exactRest":true,"firstRefusal":{"ms":161.28888888888886,"sampleNumber":20,"error":"RecoverablePoseError: ARAP skin: unresolved folded triangles: 237"}}
{"status":"RED","rows":19,"exactRest":true,"sourcePixelRest":{"status":"PASS","changedVisibleRgbaChannels":0,"scope":"Exact independent atlas-part reconstruction of keyed source at authored cutout rectangles; not GPU rendering"}}
