{"id":"idle","status":"PASS","samples":121,"drift":0.00004279679902151849,"gap":0.00005788568595201771,"exactRest":true,"firstRefusal":null}
{"id":"alert","status":"PASS","samples":121,"drift":0.0031446681988105078,"gap":0.00006848407389130919,"exactRest":true,"firstRefusal":null}
{"id":"approach:walk","status":"PASS","samples":121,"drift":0.000060409467063401264,"gap":0.0000765675223786949,"exactRest":true,"firstRefusal":null}
{"id":"approach:trot","status":"PASS","samples":121,"drift":0.00011825855939492714,"gap":0.0000765675223786949,"exactRest":true,"firstRefusal":null}
{"id":"approach:gallop","status":"PASS","samples":121,"drift":0.0002174124860304062,"gap":0.0000765675223786949,"exactRest":true,"firstRefusal":null}
{"id":"approach:hop","status":"PASS","samples":121,"drift":0,"gap":0.00008494680553320363,"exactRest":true,"firstRefusal":null}
{"id":"melee:bite","status":"PASS","samples":121,"drift":0.03437189348345423,"gap":0.00006848407402917473,"exactRest":true,"firstRefusal":null}
{"id":"melee:claw","status":"PASS","samples":121,"drift":0.03437189348345423,"gap":0.00006848407402917473,"exactRest":true,"firstRefusal":null}
{"id":"melee:gore","status":"PASS","samples":121,"drift":0.03437189348345423,"gap":0.00006848407402917473,"exactRest":true,"firstRefusal":null}
{"id":"melee:tail","status":"PASS","samples":121,"drift":0.0002176046012883146,"gap":0.0000817939154689594,"exactRest":true,"firstRefusal":null}
{"id":"melee:headbutt","status":"PASS","samples":121,"drift":0.03437189348345423,"gap":0.00006848407402917473,"exactRest":true,"firstRefusal":null}
{"id":"cast","status":"PASS","samples":121,"drift":0.00005892183685756368,"gap":0.0000669563558980429,"exactRest":true,"firstRefusal":null}
{"id":"hit","status":"PASS","samples":121,"drift":0.00015043749480435242,"gap":0.00006848407389130919,"exactRest":true,"firstRefusal":null}
{"id":"dodge","status":"PASS","samples":121,"drift":0,"gap":0.00007428140759638216,"exactRest":true,"firstRefusal":null}
{"id":"faint","status":"PASS","samples":121,"drift":0.0002231561284333516,"gap":0.00007656752230470848,"exactRest":true,"firstRefusal":null}
{"id":"victory","status":"PASS","samples":121,"drift":0.000019305488082886765,"gap":0.00006856467450973954,"exactRest":true,"firstRefusal":null}
{"id":"tame","status":"PASS","samples":121,"drift":0.00023163932477679263,"gap":0.00007656752214440458,"exactRest":true,"firstRefusal":null}
{"id":"feed","status":"PASS","samples":121,"drift":0.00007679891371071633,"gap":0.00006366977792886136,"exactRest":true,"firstRefusal":null}
{"id":"melee:kick","status":"PASS","samples":121,"drift":0,"gap":0.00007834840040547329,"exactRest":true,"firstRefusal":null}
{"status":"PASS_STATIC","rows":19,"exactRest":true,"sourcePixelRest":{"status":"PASS","changedVisibleRgbaChannels":0,"scope":"Exact independent atlas-part reconstruction of keyed source at authored cutout rectangles; not GPU rendering"}}
