==> Updating Homebrew...
==> Downloading https://ghcr.io/v2/homebrew/core/portable-ruby/blobs/sha256:e0088dff5614b39387300136ec7a5f95bf1e07589547245c919524fc9e8b4197
#=#=#                                                                          #############                                                             19.2%###################################################################       93.8%######################################################################## 100.0%
==> Pouring portable-ruby-4.0.7.arm64_big_sur.bottle.tar.gz
Updated 2 taps (homebrew/core and homebrew/cask).
==> New Formulae
ketch: Web search and scraping for agents
openfasttrace: Requirement tracing suite
xwpe: Borland-style IDE clone with LSP/DAP support (terminal UI)
==> New Casks
agentiloop-agent: Autonomous agent
bettermacwidgets: Live-animated widgets that sit on the desktop
bitmuse: Bit-perfect music player for local hi-res libraries
distill-web-monitor: Monitor webpages for changes
gitdifferent: Git client built around a three-way merge tool
hoptodesk: Remote desktop and remote support tool with end-to-end encryption
kkterm: Local-first administration workspace for terminals, SSH, and SFTP
nvidia-pair: Local inference router for a group of compatible computers
opendisk: Disk space analyser
sidex: Code editor based on VS Code and Tauri
snapline: Screenshot, screen recording and GIF tool
telari: Markdown reader built for typography
telegram@beta: Messaging app with a focus on speed and security
==> Outdated Formulae
gh
libde265
libheif
libvmaf
merve
readline
simdutf
xz
==> Outdated Casks
blender

You have 8 outdated formulae and 1 outdated cask installed.
You can upgrade them with brew upgrade
or list them with brew outdated.
{
  "formulae": [
    {
      "name": "gh",
      "installed_versions": [
        "2.100.0"
      ],
      "current_version": "2.101.0",
      "pinned": false,
      "pinned_version": null
    }
  ],
  "casks": [
    {
      "name": "blender",
      "installed_versions": [
        "5.2.1"
      ],
      "current_version": "5.2.2",
      "pinned": false,
      "pinned_version": null
    }
  ]
}
