{"id":"idle","status":"RED","samples":2,"drift":0.00003596743990901235,"gap":0.0029549010604077866,"exactRest":true,"firstRefusal":{"ms":45.4949921152244,"sampleNumber":3,"error":"Error: Source join gap 0.0029549010604077866"}}
{"id":"alert","status":"RED","samples":1,"drift":0.00003596743990901235,"gap":1.4603438410379468,"exactRest":true,"firstRefusal":{"ms":6.1,"sampleNumber":2,"error":"Error: Source join gap 1.4603438410379468"}}
{"id":"approach:walk","status":"RED","samples":1,"drift":0.00003596743990901235,"gap":0.008759605089770913,"exactRest":true,"firstRefusal":{"ms":7.766666666666667,"sampleNumber":2,"error":"Error: Source join gap 0.008759605089770913"}}
{"id":"approach:trot","status":"RED","samples":1,"drift":0.00003596743990901235,"gap":0.15827851064251927,"exactRest":true,"firstRefusal":{"ms":7.766666666666667,"sampleNumber":2,"error":"Error: Source join gap 0.15827851064251927"}}
{"id":"approach:gallop","status":"RED","samples":1,"drift":0.00003596743990901235,"gap":0.32510255483387046,"exactRest":true,"firstRefusal":{"ms":7.766666666666667,"sampleNumber":2,"error":"Error: Source join gap 0.32510255483387046"}}
{"id":"approach:hop","status":"RED","samples":1,"drift":0,"gap":0.1584628514615502,"exactRest":true,"firstRefusal":{"ms":7.766666666666667,"sampleNumber":2,"error":"Error: Source join gap 0.1584628514615502"}}
{"id":"melee:bite","status":"RED","samples":1,"drift":0.000018018455529391588,"gap":0.1693326955113442,"exactRest":true,"firstRefusal":{"ms":8.488888888888889,"sampleNumber":2,"error":"Error: Source join gap 0.1693326955113442"}}
{"id":"melee:claw","status":"RED","samples":1,"drift":0.000018018455529391588,"gap":0.1693326955113442,"exactRest":true,"firstRefusal":{"ms":8.488888888888889,"sampleNumber":2,"error":"Error: Source join gap 0.1693326955113442"}}
{"id":"melee:gore","status":"RED","samples":1,"drift":0.000018018455529391588,"gap":0.1693326955113442,"exactRest":true,"firstRefusal":{"ms":8.488888888888889,"sampleNumber":2,"error":"Error: Source join gap 0.1693326955113442"}}
{"id":"melee:tail","status":"RED","samples":1,"drift":0.000018018455529391588,"gap":0.16376866921354438,"exactRest":true,"firstRefusal":{"ms":8.488888888888889,"sampleNumber":2,"error":"Error: Source join gap 0.16376866921354438"}}
{"id":"melee:headbutt","status":"RED","samples":1,"drift":0.000018018455529391588,"gap":0.1693326955113442,"exactRest":true,"firstRefusal":{"ms":8.488888888888889,"sampleNumber":2,"error":"Error: Source join gap 0.1693326955113442"}}
{"id":"cast","status":"RED","samples":1,"drift":0.000018018455529391588,"gap":0.18921164906212531,"exactRest":true,"firstRefusal":{"ms":9.35,"sampleNumber":2,"error":"Error: Source join gap 0.18921164906212531"}}
{"id":"hit","status":"RED","samples":1,"drift":0.00003596743990901235,"gap":3.1190541285556916,"exactRest":true,"firstRefusal":{"ms":8.016666666666667,"sampleNumber":2,"error":"Error: Source join gap 3.1190541285556916"}}
{"id":"dodge","status":"RED","samples":1,"drift":0,"gap":1.6246893503585769,"exactRest":true,"firstRefusal":{"ms":6.6,"sampleNumber":2,"error":"Error: Source join gap 1.6246893503585769"}}
{"id":"faint","status":"RED","samples":1,"drift":0.00003596743990901235,"gap":0.03405108633224394,"exactRest":true,"firstRefusal":{"ms":8.6,"sampleNumber":2,"error":"Error: Source join gap 0.03405108633224394"}}
{"id":"victory","status":"RED","samples":1,"drift":0.000018018455529391588,"gap":6.72375501639172,"exactRest":true,"firstRefusal":{"ms":9.266666666666667,"sampleNumber":2,"error":"Error: Source join gap 6.72375501639172"}}
{"id":"tame","status":"RED","samples":1,"drift":0.00003596743990901235,"gap":0.038372260413578586,"exactRest":true,"firstRefusal":{"ms":9.6,"sampleNumber":2,"error":"Error: Source join gap 0.038372260413578586"}}
{"id":"feed","status":"RED","samples":1,"drift":0.00003596743990901235,"gap":0.0016043097379683415,"exactRest":true,"firstRefusal":{"ms":9.1,"sampleNumber":2,"error":"Error: Source join gap 0.0016043097379683415"}}
{"id":"melee:kick","status":"RED","samples":1,"drift":0,"gap":0.04258546880034513,"exactRest":true,"firstRefusal":{"ms":8.488888888888889,"sampleNumber":2,"error":"Error: Source join gap 0.04258546880034513"}}
{"status":"RED","rows":19,"exactRest":true,"sourcePixelRest":{"status":"PASS","changedVisibleRgbaChannels":0,"scope":"Exact independent atlas-part reconstruction of keyed source at authored cutout rectangles; not GPU rendering"}}
