[
  {
    "id": "cast",
    "error": "ARAP skin: unresolved folded triangles: 10",
    "folded": [
      {
        "triangle": 623,
        "vertices": [
          {
            "i": 383,
            "xy": [
              1077,
              528.5
            ],
            "weights": [
              [
                "head",
                0.7557149882623643
              ],
              [
                "root",
                0.23905272802817307
              ],
              [
                "spine0",
                0.002713168375788583
              ],
              [
                "jaw",
                0.002107795652039029
              ],
              [
                "pectoralNear",
                0.0002855756013570232
              ],
              [
                "dorsal",
                0.00007030575250026212
              ],
              [
                "spine1",
                0.00003775395348431503
              ],
              [
                "pectoralFar",
                0.00001768437429359966
              ]
            ],
            "pinned": false
          },
          {
            "i": 370,
            "xy": [
              1057,
              509
            ],
            "weights": [
              [
                "head",
                0.5787948311175208
              ],
              [
                "root",
                0.4139723595685918
              ],
              [
                "spine0",
                0.005581949514266377
              ],
              [
                "jaw",
                0.001008501921158349
              ],
              [
                "dorsal",
                0.00026948297461959085
              ],
              [
                "pectoralNear",
                0.00026255253167399117
              ],
              [
                "spine1",
                0.00009899909029430738
              ],
              [
                "pectoralFar",
                0.00001132328187480556
              ]
            ],
            "pinned": false
          },
          {
            "i": 378,
            "xy": [
              1077,
              509
            ],
            "weights": [
              [
                "head",
                0.6413548094733555
              ],
              [
                "root",
                0.3558476212298519
              ],
              [
                "spine0",
                0.001829731337686175
              ],
              [
                "jaw",
                0.000692974714772782
              ],
              [
                "dorsal",
                0.00015473787374520675
              ],
              [
                "pectoralNear",
                0.00009220132083744265
              ],
              [
                "spine1",
                0.000023401243307599584
              ],
              [
                "pectoralFar",
                0.000004522806443393587
              ]
            ],
            "pinned": false
          }
        ]
      },
      {
        "triangle": 653,
        "vertices": [
          {
            "i": 413,
            "xy": [
              1106.5,
              479.5
            ],
            "weights": [
              [
                "head",
                0.5911990729461708
              ],
              [
                "root",
                0.40828708146524195
              ],
              [
                "spine0",
                0.0002078820041724584
              ],
              [
                "dorsal",
                0.00018165012640774806
              ],
              [
                "jaw",
                0.00011859537124590751
              ],
              [
                "pectoralNear",
                0.000004159110961973748
              ],
              [
                "spine1",
                0.0000013692442760001866
              ],
              [
                "pectoralFar",
                1.8973152331468265e-7
              ]
            ],
            "pinned": false
          },
          {
            "i": 414,
            "xy": [
              1116,
              470
            ],
            "weights": [
              [
                "head",
                0.6001369187131449
              ],
              [
                "root",
                0.3993789318899645
              ],
              [
                "dorsal",
                0.00019582257310509884
              ],
              [
                "spine0",
                0.00018095049436026676
              ],
              [
                "jaw",
                0.00010325334051512479
              ],
              [
                "pectoralNear",
                0.000002849264519082129
              ],
              [
                "spine1",
                0.0000011458268345303958
              ],
              [
                "pectoralFar",
                1.2789755643332567e-7
              ]
            ],
            "pinned": false
          },
          {
            "i": 415,
            "xy": [
              1116,
              489
            ],
            "weights": [
              [
                "head",
                0.741655426980049
              ],
              [
                "root",
                0.2579022927108916
              ],
              [
                "jaw",
                0.00021976299317701806
              ],
              [
                "spine0",
                0.00014595142121318362
              ],
              [
                "dorsal",
                0.00006925902137567198
              ],
              [
                "pectoralNear",
                0.000006116048601147396
              ],
              [
                "spine1",
                8.664671110633567e-7
              ],
              [
                "pectoralFar",
                3.243575812950917e-7
              ]
            ],
            "pinned": false
          }
        ]
      },
      {
        "triangle": 655,
        "vertices": [
          {
            "i": 416,
            "xy": [
              1106.5,
              499
            ],
            "weights": [
              [
                "head",
                0.7430226825063986
              ],
              [
                "root",
                0.25626302279072405
              ],
              [
                "jaw",
                0.000358466064182164
              ],
              [
                "spine0",
                0.00027866038527992625
              ],
              [
                "dorsal",
                0.00005758635489864966
              ],
              [
                "pectoralNear",
                0.00001659638344528754
              ],
              [
                "spine1",
                0.0000020657979571673922
              ],
              [
                "pectoralFar",
                9.197171141545334e-7
              ]
            ],
            "pinned": false
          },
          {
            "i": 415,
            "xy": [
              1116,
              489
            ],
            "weights": [
              [
                "head",
                0.741655426980049
              ],
              [
                "root",
                0.2579022927108916
              ],
              [
                "jaw",
                0.00021976299317701806
              ],
              [
                "spine0",
                0.00014595142121318362
              ],
              [
                "dorsal",
                0.00006925902137567198
              ],
              [
                "pectoralNear",
                0.000006116048601147396
              ],
              [
                "spine1",
                8.664671110633567e-7
              ],
              [
                "pectoralFar",
                3.243575812950917e-7
              ]
            ],
            "pinned": false
          },
          {
            "i": 417,
            "xy": [
              1116,
              509
            ],
            "weights": [
              [
                "head",
                0.8514152485203336
              ],
              [
                "root",
                0.1477670163778901
              ],
              [
                "jaw",
                0.0005750265336914437
              ],
              [
                "spine0",
                0.00020119234642497046
              ],
              [
                "dorsal",
                0.000020863939525961543
              ],
              [
                "pectoralNear",
                0.000018130604969646953
              ],
              [
                "spine1",
                0.00000135881555032758
              ],
              [
                "pectoralFar",
                0.0000011628616138655534
              ]
            ],
            "pinned": false
          }
        ]
      },
      {
        "triangle": 658,
        "vertices": [
          {
            "i": 421,
            "xy": [
              1106.5,
              518.5
            ],
            "weights": [
              [
                "head",
                0.8609821671371342
              ],
              [
                "root",
                0.13749950444536246
              ],
              [
                "jaw",
                0.001029748116768785
              ],
              [
                "spine0",
                0.0004176693178483973
              ],
              [
                "pectoralNear",
                0.0000465391328047746
              ],
              [
                "dorsal",
                0.00001785917189670499
              ],
              [
                "spine1",
                0.0000033173227213141304
              ],
              [
                "pectoralFar",
                0.000003195355463589486
              ]
            ],
            "pinned": false
          },
          {
            "i": 380,
            "xy": [
              1097,
              509
            ],
            "weights": [
              [
                "head",
                0.7563306259274438
              ],
              [
                "root",
                0.24202710518795847
              ],
              [
                "jaw",
                0.00077293404681177
              ],
              [
                "spine0",
                0.0007412459769717987
              ],
              [
                "dorsal",
                0.00005884028280847663
              ],
              [
                "pectoralNear",
                0.00005835719774493566
              ],
              [
                "spine1",
                0.0000074266796484709065
              ],
              [
                "pectoralFar",
                0.000003464700612245443
              ]
            ],
            "pinned": false
          },
          {
            "i": 417,
            "xy": [
              1116,
              509
            ],
            "weights": [
              [
                "head",
                0.8514152485203336
              ],
              [
                "root",
                0.1477670163778901
              ],
              [
                "jaw",
                0.0005750265336914437
              ],
              [
                "spine0",
                0.00020119234642497046
              ],
              [
                "dorsal",
                0.000020863939525961543
              ],
              [
                "pectoralNear",
                0.000018130604969646953
              ],
              [
                "spine1",
                0.00000135881555032758
              ],
              [
                "pectoralFar",
                0.0000011628616138655534
              ]
            ],
            "pinned": false
          }
        ]
      },
      {
        "triangle": 659,
        "vertices": [
          {
            "i": 421,
            "xy": [
              1106.5,
              518.5
            ],
            "weights": [
              [
                "head",
                0.8609821671371342
              ],
              [
                "root",
                0.13749950444536246
              ],
              [
                "jaw",
                0.001029748116768785
              ],
              [
                "spine0",
                0.0004176693178483973
              ],
              [
                "pectoralNear",
                0.0000465391328047746
              ],
              [
                "dorsal",
                0.00001785917189670499
              ],
              [
                "spine1",
                0.0000033173227213141304
              ],
              [
                "pectoralFar",
                0.000003195355463589486
              ]
            ],
            "pinned": false
          },
          {
            "i": 417,
            "xy": [
              1116,
              509
            ],
            "weights": [
              [
                "head",
                0.8514152485203336
              ],
              [
                "root",
                0.1477670163778901
              ],
              [
                "jaw",
                0.0005750265336914437
              ],
              [
                "spine0",
                0.00020119234642497046
              ],
              [
                "dorsal",
                0.000020863939525961543
              ],
              [
                "pectoralNear",
                0.000018130604969646953
              ],
              [
                "spine1",
                0.00000135881555032758
              ],
              [
                "pectoralFar",
                0.0000011628616138655534
              ]
            ],
            "pinned": false
          },
          {
            "i": 422,
            "xy": [
              1116,
              528
            ],
            "weights": [
              [
                "head",
                0.9116646678882969
              ],
              [
                "root",
                0.0863844356081022
              ],
              [
                "jaw",
                0.0015656551168209932
              ],
              [
                "spine0",
                0.0003212104882137203
              ],
              [
                "pectoralNear",
                0.00005112966237413765
              ],
              [
                "dorsal",
                0.000006510891497173064
              ],
              [
                "pectoralFar",
                0.00000406277893598076
              ],
              [
                "spine1",
                0.0000023275657589920467
              ]
            ],
            "pinned": false
          }
        ]
      },
      {
        "triangle": 774,
        "vertices": [
          {
            "i": 379,
            "xy": [
              1087,
              499
            ],
            "weights": [
              [
                "head",
                0.6138250495611303
              ],
              [
                "root",
                0.38476407484325315
              ],
              [
                "spine0",
                0.0008289194772817632
              ],
              [
                "jaw",
                0.000392738467009332
              ],
              [
                "dorsal",
                0.00014556562697202148
              ],
              [
                "pectoralNear",
                0.00003381374895697365
              ],
              [
                "spine1",
                0.000008200614568857987
              ],
              [
                "pectoralFar",
                0.0000016376608275427394
              ]
            ],
            "pinned": false
          },
          {
            "i": 380,
            "xy": [
              1097,
              509
            ],
            "weights": [
              [
                "head",
                0.7563306259274438
              ],
              [
                "root",
                0.24202710518795847
              ],
              [
                "jaw",
                0.00077293404681177
              ],
              [
                "spine0",
                0.0007412459769717987
              ],
              [
                "dorsal",
                0.00005884028280847663
              ],
              [
                "pectoralNear",
                0.00005835719774493566
              ],
              [
                "spine1",
                0.0000074266796484709065
              ],
              [
                "pectoralFar",
                0.000003464700612245443
              ]
            ],
            "pinned": false
          },
          {
            "i": 378,
            "xy": [
              1077,
              509
            ],
            "weights": [
              [
                "head",
                0.6413548094733555
              ],
              [
                "root",
                0.3558476212298519
              ],
              [
                "spine0",
                0.001829731337686175
              ],
              [
                "jaw",
                0.000692974714772782
              ],
              [
                "dorsal",
                0.00015473787374520675
              ],
              [
                "pectoralNear",
                0.00009220132083744265
              ],
              [
                "spine1",
                0.000023401243307599584
              ],
              [
                "pectoralFar",
                0.000004522806443393587
              ]
            ],
            "pinned": false
          }
        ]
      },
      {
        "triangle": 780,
        "vertices": [
          {
            "i": 383,
            "xy": [
              1077,
              528.5
            ],
            "weights": [
              [
                "head",
                0.7557149882623643
              ],
              [
                "root",
                0.23905272802817307
              ],
              [
                "spine0",
                0.002713168375788583
              ],
              [
                "jaw",
                0.002107795652039029
              ],
              [
                "pectoralNear",
                0.0002855756013570232
              ],
              [
                "dorsal",
                0.00007030575250026212
              ],
              [
                "spine1",
                0.00003775395348431503
              ],
              [
                "pectoralFar",
                0.00001768437429359966
              ]
            ],
            "pinned": false
          },
          {
            "i": 378,
            "xy": [
              1077,
              509
            ],
            "weights": [
              [
                "head",
                0.6413548094733555
              ],
              [
                "root",
                0.3558476212298519
              ],
              [
                "spine0",
                0.001829731337686175
              ],
              [
                "jaw",
                0.000692974714772782
              ],
              [
                "dorsal",
                0.00015473787374520675
              ],
              [
                "pectoralNear",
                0.00009220132083744265
              ],
              [
                "spine1",
                0.000023401243307599584
              ],
              [
                "pectoralFar",
                0.000004522806443393587
              ]
            ],
            "pinned": false
          },
          {
            "i": 380,
            "xy": [
              1097,
              509
            ],
            "weights": [
              [
                "head",
                0.7563306259274438
              ],
              [
                "root",
                0.24202710518795847
              ],
              [
                "jaw",
                0.00077293404681177
              ],
              [
                "spine0",
                0.0007412459769717987
              ],
              [
                "dorsal",
                0.00005884028280847663
              ],
              [
                "pectoralNear",
                0.00005835719774493566
              ],
              [
                "spine1",
                0.0000074266796484709065
              ],
              [
                "pectoralFar",
                0.000003464700612245443
              ]
            ],
            "pinned": false
          }
        ]
      },
      {
        "triangle": 800,
        "vertices": [
          {
            "i": 413,
            "xy": [
              1106.5,
              479.5
            ],
            "weights": [
              [
                "head",
                0.5911990729461708
              ],
              [
                "root",
                0.40828708146524195
              ],
              [
                "spine0",
                0.0002078820041724584
              ],
              [
                "dorsal",
                0.00018165012640774806
              ],
              [
                "jaw",
                0.00011859537124590751
              ],
              [
                "pectoralNear",
                0.000004159110961973748
              ],
              [
                "spine1",
                0.0000013692442760001866
              ],
              [
                "pectoralFar",
                1.8973152331468265e-7
              ]
            ],
            "pinned": false
          },
          {
            "i": 415,
            "xy": [
              1116,
              489
            ],
            "weights": [
              [
                "head",
                0.741655426980049
              ],
              [
                "root",
                0.2579022927108916
              ],
              [
                "jaw",
                0.00021976299317701806
              ],
              [
                "spine0",
                0.00014595142121318362
              ],
              [
                "dorsal",
                0.00006925902137567198
              ],
              [
                "pectoralNear",
                0.000006116048601147396
              ],
              [
                "spine1",
                8.664671110633567e-7
              ],
              [
                "pectoralFar",
                3.243575812950917e-7
              ]
            ],
            "pinned": false
          },
          {
            "i": 376,
            "xy": [
              1097,
              489
            ],
            "weights": [
              [
                "root",
                1
              ]
            ],
            "pinned": true
          }
        ]
      },
      {
        "triangle": 804,
        "vertices": [
          {
            "i": 418,
            "xy": [
              1126,
              499
            ],
            "weights": [
              [
                "head",
                0.8510415710795158
              ],
              [
                "root",
                0.14852304586649265
              ],
              [
                "jaw",
                0.0003218637030736838
              ],
              [
                "spine0",
                0.00008605617842847579
              ],
              [
                "dorsal",
                0.000020633068195498047
              ],
              [
                "pectoralNear",
                0.000006046791666315678
              ],
              [
                "spine1",
                4.2184645408821026e-7
              ],
              [
                "pectoralFar",
                3.614661735019733e-7
              ]
            ],
            "pinned": false
          },
          {
            "i": 420,
            "xy": [
              1136,
              509
            ],
            "weights": [
              [
                "head",
                0.8944474828031957
              ],
              [
                "root",
                0.10487296938085353
              ],
              [
                "jaw",
                0.0005774908437927248
              ],
              [
                "spine0",
                0.00008276746689866613
              ],
              [
                "dorsal",
                0.000009404857960789907
              ],
              [
                "pectoralNear",
                0.000008875085497083653
              ],
              [
                "pectoralFar",
                6.199098419197073e-7
              ],
              [
                "spine1",
                3.896519595572647e-7
              ]
            ],
            "pinned": false
          },
          {
            "i": 417,
            "xy": [
              1116,
              509
            ],
            "weights": [
              [
                "head",
                0.8514152485203336
              ],
              [
                "root",
                0.1477670163778901
              ],
              [
                "jaw",
                0.0005750265336914437
              ],
              [
                "spine0",
                0.00020119234642497046
              ],
              [
                "dorsal",
                0.000020863939525961543
              ],
              [
                "pectoralNear",
                0.000018130604969646953
              ],
              [
                "spine1",
                0.00000135881555032758
              ],
              [
                "pectoralFar",
                0.0000011628616138655534
              ]
            ],
            "pinned": false
          }
        ]
      },
      {
        "triangle": 806,
        "vertices": [
          {
            "i": 421,
            "xy": [
              1106.5,
              518.5
            ],
            "weights": [
              [
                "head",
                0.8609821671371342
              ],
              [
                "root",
                0.13749950444536246
              ],
              [
                "jaw",
                0.001029748116768785
              ],
              [
                "spine0",
                0.0004176693178483973
              ],
              [
                "pectoralNear",
                0.0000465391328047746
              ],
              [
                "dorsal",
                0.00001785917189670499
              ],
              [
                "spine1",
                0.0000033173227213141304
              ],
              [
                "pectoralFar",
                0.000003195355463589486
              ]
            ],
            "pinned": false
          },
          {
            "i": 422,
            "xy": [
              1116,
              528
            ],
            "weights": [
              [
                "head",
                0.9116646678882969
              ],
              [
                "root",
                0.0863844356081022
              ],
              [
                "jaw",
                0.0015656551168209932
              ],
              [
                "spine0",
                0.0003212104882137203
              ],
              [
                "pectoralNear",
                0.00005112966237413765
              ],
              [
                "dorsal",
                0.000006510891497173064
              ],
              [
                "pectoralFar",
                0.00000406277893598076
              ],
              [
                "spine1",
                0.0000023275657589920467
              ]
            ],
            "pinned": false
          },
          {
            "i": 384,
            "xy": [
              1097,
              528
            ],
            "weights": [
              [
                "head",
                0.8577504302859028
              ],
              [
                "root",
                0.13907973308268543
              ],
              [
                "jaw",
                0.002056520188860241
              ],
              [
                "spine0",
                0.0009411564066587814
              ],
              [
                "pectoralNear",
                0.00013245263689619973
              ],
              [
                "dorsal",
                0.00002019607772438354
              ],
              [
                "pectoralFar",
                0.00001001629316802386
              ],
              [
                "spine1",
                0.000009495028104074001
              ]
            ],
            "pinned": false
          }
        ]
      }
    ]
  }
]
