Eligibility only: observedContactSupports(actual fit-05 record,binding); no pose solve or publication.
record.json sha256=29a4cc9525e3a702f336d834fee69de2d305802833285810a4df97d41db699eb
binding.json sha256=8d3926656a74f1398cafc1a3c6102dba2337509dc5fb2403a75a14f142660b5d
{
  "status": "ELIGIBLE",
  "recipeHash": "8b43869c0bcd6e2a2fe48d810a7d6c7f846d4de4df6bcca20d1addbee7351d1a",
  "supports": {
    "hindFarAnkle": {
      "rest": [
        0.06818181818181818,
        0.629585326953748
      ],
      "pivotJoint": "hindFarPaw",
      "surface": {
        "partId": "far-hind-foot",
        "triangle": [
          98,
          68,
          75
        ],
        "barycentric": [
          0.9285714285714457,
          0.045787545787531886,
          0.025641025641022414
        ]
      }
    },
    "foreFarAnkle": {
      "rest": [
        0.9374003189792663,
        0.5657894736842105
      ],
      "pivotJoint": "foreFarPaw",
      "surface": {
        "partId": "far-front-foot",
        "triangle": [
          50,
          33,
          52
        ],
        "barycentric": [
          0.7999999999999945,
          0.10000000000000278,
          0.10000000000000273
        ]
      }
    },
    "hindNearAnkle": {
      "rest": [
        0.07615629984051037,
        0.7970494417862839
      ],
      "pivotJoint": "hindNearPaw",
      "surface": {
        "partId": "near-hind-foot",
        "triangle": [
          92,
          95,
          84
        ],
        "barycentric": [
          0.33333333333327664,
          0.6111111111111721,
          0.05555555555555125
        ]
      }
    },
    "foreNearAnkle": {
      "rest": [
        0.7994417862838915,
        0.6032695374800638
      ],
      "pivotJoint": "foreNearPaw",
      "surface": {
        "partId": "near-front-foot",
        "triangle": [
          144,
          132,
          141
        ],
        "barycentric": [
          0.8750000000000001,
          0.02500000000001115,
          0.09999999999998874
        ]
      }
    }
  }
}

EXIT_CODE=0
