{"id":"idle","status":"PASS","samples":121,"drift":0.18111829720311967,"gap":0.00007968477705735655,"exactRest":true,"firstRefusal":null}
{"id":"alert","status":"PASS","samples":121,"drift":0.016024071801075623,"gap":0.0000616067853201714,"exactRest":true,"firstRefusal":null}
{"id":"approach:walk","status":"PASS","samples":121,"drift":0.05417526986726213,"gap":0.00006881525952915691,"exactRest":true,"firstRefusal":null}
{"id":"approach:trot","status":"PASS","samples":121,"drift":0.05417526986726213,"gap":0.00006881525945116839,"exactRest":true,"firstRefusal":null}
{"id":"approach:gallop","status":"PASS","samples":121,"drift":0.05417526986726213,"gap":0.00006881525945116839,"exactRest":true,"firstRefusal":null}
{"id":"approach:hop","status":"PASS","samples":121,"drift":0,"gap":0.00006768148751554648,"exactRest":true,"firstRefusal":null}
{"id":"melee:bite","status":"PASS","samples":121,"drift":0.033395783103356544,"gap":0.00006687641143798828,"exactRest":true,"firstRefusal":null}
{"id":"melee:claw","status":"PASS","samples":121,"drift":0.033395783103356544,"gap":0.00005991205359231742,"exactRest":true,"firstRefusal":null}
{"id":"melee:gore","status":"PASS","samples":121,"drift":0.033395783103356544,"gap":0.00006547325375605546,"exactRest":true,"firstRefusal":null}
{"id":"melee:tail","status":"RED","samples":29,"drift":0.033169680422497225,"gap":0.00006768148751554648,"exactRest":true,"firstRefusal":{"ms":246.17777777777778,"sampleNumber":30,"error":"Error: Contact: melee:tail@246.17777777777778 exceeds scale compression bound"}}
{"id":"melee:headbutt","status":"PASS","samples":121,"drift":0.033395783103356544,"gap":0.00006676060804125616,"exactRest":true,"firstRefusal":null}
{"id":"cast","status":"PASS","samples":121,"drift":0.16055495759949837,"gap":0.00005904137180945947,"exactRest":true,"firstRefusal":null}
{"id":"hit","status":"PASS","samples":121,"drift":0.21282940237921374,"gap":0.00006107923955141422,"exactRest":true,"firstRefusal":null}
{"id":"dodge","status":"PASS","samples":121,"drift":0,"gap":0.00006768148751554648,"exactRest":true,"firstRefusal":null}
{"id":"faint","status":"PASS","samples":121,"drift":0.03347052303304888,"gap":0.00006729676402701367,"exactRest":true,"firstRefusal":null}
{"id":"victory","status":"PASS","samples":121,"drift":0.16270575158590378,"gap":0.000057187128939178195,"exactRest":true,"firstRefusal":null}
{"id":"tame","status":"PASS","samples":121,"drift":0.02315514026886962,"gap":0.00008577565827130946,"exactRest":true,"firstRefusal":null}
{"id":"feed","status":"PASS","samples":121,"drift":0.03742278517642673,"gap":0.000060260720392845314,"exactRest":true,"firstRefusal":null}
{"id":"melee:kick","status":"PASS","samples":121,"drift":0,"gap":0.00005848090843575513,"exactRest":true,"firstRefusal":null}
{"status":"RED","rows":19,"exactRest":true,"sourcePixelRest":{"status":"PASS","changedVisibleRgbaChannels":0,"scope":"Exact independent atlas-part reconstruction of keyed source at authored cutout rectangles; not GPU rendering"}}
