01-grouper fish
02-barracuda fish
03-tuna fish
04-marlin fish
05-sailfish fish
06-swordfish fish
07-mahi-mahi fish
08-wahoo fish
09-macaw biped-bird
10-parrot biped-bird
11-toucan biped-bird
12-hornbill biped-bird
13-tanager biped-bird
14-weaverbird biped-bird
15-kookaburra biped-bird
16-cockatoo biped-bird
17-fishing-cat quadruped
18-cheetah quadruped
19-african-wild-dog quadruped
20-spotted-hyena quadruped
21-maned-wolf quadruped
22-sand-cat quadruped
23-prairie-dog quadruped
24-aardvark quadruped
