{"id":"idle","status":"PASS","samples":121,"drift":0.006403304352521302,"gap":0.0000763841125683926,"exactRest":true,"firstRefusal":null}
{"id":"alert","status":"PASS","samples":121,"drift":0.0003414450411162273,"gap":0.00008456343691656878,"exactRest":true,"firstRefusal":null}
{"id":"approach:walk","status":"PASS","samples":121,"drift":0.003106928304319555,"gap":0.00007945420032985653,"exactRest":true,"firstRefusal":null}
{"id":"approach:trot","status":"PASS","samples":121,"drift":0.0429604609696646,"gap":0.00007945420032985653,"exactRest":true,"firstRefusal":null}
{"id":"approach:gallop","status":"PASS","samples":121,"drift":0.009242148497812986,"gap":0.00009454479631872215,"exactRest":true,"firstRefusal":null}
{"id":"approach:hop","status":"PASS","samples":121,"drift":0,"gap":0.00011959075914091954,"exactRest":true,"firstRefusal":null}
{"id":"melee:bite","status":"PASS","samples":121,"drift":0.0001401586967756204,"gap":0.0001277229870533853,"exactRest":true,"firstRefusal":null}
{"id":"melee:claw","status":"PASS","samples":121,"drift":0.0001401586967756204,"gap":0.00006830123754663881,"exactRest":true,"firstRefusal":null}
{"id":"melee:gore","status":"PASS","samples":121,"drift":0.0001401586967756204,"gap":0.0001277229870533853,"exactRest":true,"firstRefusal":null}
{"id":"melee:tail","status":"PASS","samples":121,"drift":0.008755923023475644,"gap":0.00009454479657037868,"exactRest":true,"firstRefusal":null}
{"id":"melee:headbutt","status":"PASS","samples":121,"drift":0.0001401586967756204,"gap":0.0001277229870533853,"exactRest":true,"firstRefusal":null}
{"id":"cast","status":"PASS","samples":121,"drift":0.009699218481039334,"gap":0.0001122892225640973,"exactRest":true,"firstRefusal":null}
{"id":"hit","status":"PASS","samples":121,"drift":0.08496129186629739,"gap":0.00007282243583471537,"exactRest":true,"firstRefusal":null}
{"id":"dodge","status":"PASS","samples":121,"drift":0,"gap":0.0000658619074964496,"exactRest":true,"firstRefusal":null}
{"id":"faint","status":"PASS","samples":121,"drift":0.00035571350879927936,"gap":0.00011142211134373094,"exactRest":true,"firstRefusal":null}
{"id":"victory","status":"PASS","samples":121,"drift":0.009045232149341935,"gap":0.00011960535695908262,"exactRest":true,"firstRefusal":null}
{"id":"tame","status":"PASS","samples":121,"drift":0.0009370218547482617,"gap":0.00010272611089211,"exactRest":true,"firstRefusal":null}
{"id":"feed","status":"PASS","samples":121,"drift":0.002235905683358184,"gap":0.00010272611090589655,"exactRest":true,"firstRefusal":null}
{"id":"melee:kick","status":"PASS","samples":121,"drift":0,"gap":0.00007399300726180331,"exactRest":true,"firstRefusal":null}
{"status":"PASS_STATIC","rows":19,"exactRest":true,"sourcePixelRest":{"status":"PASS","changedVisibleRgbaChannels":0,"scope":"Exact independent atlas-part reconstruction of keyed source at authored cutout rectangles; not GPU rendering"}}
