{"id":"idle","status":"PASS","samples":121,"drift":0.1598208581111472,"gap":0.0000797660926355997,"exactRest":true,"firstRefusal":null}
{"id":"alert","status":"PASS","samples":121,"drift":0.14981286796362228,"gap":0.00008808691338776853,"exactRest":true,"firstRefusal":null}
{"id":"approach:walk","status":"PASS","samples":121,"drift":0.0023420857473801715,"gap":0.00008808691338776853,"exactRest":true,"firstRefusal":null}
{"id":"approach:trot","status":"PASS","samples":121,"drift":0.0023420857473801715,"gap":0.00008808691338776853,"exactRest":true,"firstRefusal":null}
{"id":"approach:gallop","status":"PASS","samples":121,"drift":0.018078693793035262,"gap":0.00008808691338776853,"exactRest":true,"firstRefusal":null}
{"id":"approach:hop","status":"PASS","samples":121,"drift":0,"gap":0.00007982686681023377,"exactRest":true,"firstRefusal":null}
{"id":"melee:bite","status":"PASS","samples":121,"drift":0.002562202543070053,"gap":0.00008808691338776853,"exactRest":true,"firstRefusal":null}
{"id":"melee:claw","status":"PASS","samples":121,"drift":0.002562202543070053,"gap":0.00007976609272437421,"exactRest":true,"firstRefusal":null}
{"id":"melee:gore","status":"PASS","samples":121,"drift":0.002562202543070053,"gap":0.00007976609272437421,"exactRest":true,"firstRefusal":null}
{"id":"melee:tail","status":"PASS","samples":121,"drift":0.018458975594373872,"gap":0.00008808691330737978,"exactRest":true,"firstRefusal":null}
{"id":"melee:headbutt","status":"PASS","samples":121,"drift":0.002562202543070053,"gap":0.00007976609272437421,"exactRest":true,"firstRefusal":null}
{"id":"cast","status":"PASS","samples":121,"drift":0.029878258840967738,"gap":0.00008808691346815726,"exactRest":true,"firstRefusal":null}
{"id":"hit","status":"PASS","samples":121,"drift":0.026914410808324542,"gap":0.0000797660926355997,"exactRest":true,"firstRefusal":null}
{"id":"dodge","status":"PASS","samples":121,"drift":0,"gap":0.0000797660927066193,"exactRest":true,"firstRefusal":null}
{"id":"faint","status":"PASS","samples":121,"drift":0.008768108813380644,"gap":0.00008808691330737978,"exactRest":true,"firstRefusal":null}
{"id":"victory","status":"PASS","samples":121,"drift":0.06550250905383163,"gap":0.0000797660926355997,"exactRest":true,"firstRefusal":null}
{"id":"tame","status":"PASS","samples":121,"drift":0.030012829182022846,"gap":0.00008356658350779821,"exactRest":true,"firstRefusal":null}
{"id":"feed","status":"PASS","samples":121,"drift":0.0027633833164018465,"gap":0.00007046953071021482,"exactRest":true,"firstRefusal":null}
{"id":"melee:kick","status":"PASS","samples":121,"drift":0,"gap":0.0000797660927066193,"exactRest":true,"firstRefusal":null}
{"status":"PASS_STATIC","rows":19,"exactRest":true,"sourcePixelRest":{"status":"PASS","changedVisibleRgbaChannels":0,"scope":"Exact independent atlas-part reconstruction of keyed source at authored cutout rectangles; not GPU rendering"}}
