audits/AI_SPECIES_MOBILE_20260909/mobile-delivery/build-01/build.stderr.log:1: trailing whitespace.
+[plugin builtin:vite-reporter] 
audits/AI_SPECIES_MOBILE_20260909/mobile-delivery/build-01/build.stdout.log:125: new blank line at EOF.
audits/AI_SPECIES_MOBILE_20260909/mobile-delivery/build-01/verify.stdout.log:21: new blank line at EOF.
audits/AI_SPECIES_MOBILE_20260909/mobile-delivery/build-02/build.stderr.log:1: trailing whitespace.
+[plugin builtin:vite-reporter] 
audits/AI_SPECIES_MOBILE_20260909/mobile-delivery/build-02/build.stdout.log:125: new blank line at EOF.
audits/AI_SPECIES_MOBILE_20260909/mobile-delivery/build-02/verify.stdout.log:21: new blank line at EOF.
audits/AI_SPECIES_MOBILE_20260909/mobile-delivery/build-03/build.stderr.log:1: trailing whitespace.
+[plugin builtin:vite-reporter] 
audits/AI_SPECIES_MOBILE_20260909/mobile-delivery/build-03/verify.stdout.log:21: new blank line at EOF.
audits/AI_SPECIES_MOBILE_20260909/mobile-runner-controls-02/0-stdout.log:29: trailing whitespace.
+  
audits/AI_SPECIES_MOBILE_20260909/preview-transport/LICENSE-VITE.md:37: trailing whitespace.
+> 
audits/AI_SPECIES_MOBILE_20260909/preview-transport/LICENSE-VITE.md:44: trailing whitespace.
+> 
audits/AI_SPECIES_MOBILE_20260909/preview-transport/LICENSE-VITE.md:47: trailing whitespace.
+> 
audits/AI_SPECIES_MOBILE_20260909/preview-transport/LICENSE-VITE.md:64: trailing whitespace.
+> 
audits/AI_SPECIES_MOBILE_20260909/preview-transport/LICENSE-VITE.md:71: trailing whitespace.
+> 
audits/AI_SPECIES_MOBILE_20260909/preview-transport/LICENSE-VITE.md:74: trailing whitespace.
+> 
audits/AI_SPECIES_MOBILE_20260909/preview-transport/LICENSE-VITE.md:112: trailing whitespace.
+> 
audits/AI_SPECIES_MOBILE_20260909/preview-transport/LICENSE-VITE.md:114: trailing whitespace.
+> 
audits/AI_SPECIES_MOBILE_20260909/preview-transport/LICENSE-VITE.md:121: trailing whitespace.
+> 
audits/AI_SPECIES_MOBILE_20260909/preview-transport/LICENSE-VITE.md:124: trailing whitespace.
+> 
audits/AI_SPECIES_MOBILE_20260909/preview-transport/LICENSE-VITE.md:143: trailing whitespace.
+> 
audits/AI_SPECIES_MOBILE_20260909/preview-transport/LICENSE-VITE.md:145: trailing whitespace.
+> 
audits/AI_SPECIES_MOBILE_20260909/preview-transport/LICENSE-VITE.md:147: trailing whitespace.
+> 
audits/AI_SPECIES_MOBILE_20260909/preview-transport/LICENSE-VITE.md:150: trailing whitespace.
+> 
audits/AI_SPECIES_MOBILE_20260909/preview-transport/LICENSE-VITE.md:153: trailing whitespace.
+> 
audits/AI_SPECIES_MOBILE_20260909/preview-transport/LICENSE-VITE.md:161: trailing whitespace.
+> 
audits/AI_SPECIES_MOBILE_20260909/preview-transport/LICENSE-VITE.md:164: trailing whitespace.
+> 
audits/AI_SPECIES_MOBILE_20260909/preview-transport/LICENSE-VITE.md:168: trailing whitespace.
+> 
audits/AI_SPECIES_MOBILE_20260909/preview-transport/LICENSE-VITE.md:173: trailing whitespace.
+> 
audits/AI_SPECIES_MOBILE_20260909/preview-transport/LICENSE-VITE.md:178: trailing whitespace.
+> 
audits/AI_SPECIES_MOBILE_20260909/preview-transport/LICENSE-VITE.md:186: trailing whitespace.
+> 
audits/AI_SPECIES_MOBILE_20260909/preview-transport/LICENSE-VITE.md:200: trailing whitespace.
+> 
audits/AI_SPECIES_MOBILE_20260909/preview-transport/LICENSE-VITE.md:204: trailing whitespace.
+> 
audits/AI_SPECIES_MOBILE_20260909/preview-transport/LICENSE-VITE.md:211: trailing whitespace.
+> 
audits/AI_SPECIES_MOBILE_20260909/preview-transport/LICENSE-VITE.md:227: trailing whitespace.
+> 
audits/AI_SPECIES_MOBILE_20260909/preview-transport/LICENSE-VITE.md:232: trailing whitespace.
+> 
audits/AI_SPECIES_MOBILE_20260909/preview-transport/LICENSE-VITE.md:235: trailing whitespace.
+> 
audits/AI_SPECIES_MOBILE_20260909/preview-transport/LICENSE-VITE.md:238: trailing whitespace.
+> 
audits/AI_SPECIES_MOBILE_20260909/preview-transport/LICENSE-VITE.md:244: trailing whitespace.
+> 
audits/AI_SPECIES_MOBILE_20260909/preview-transport/LICENSE-VITE.md:261: trailing whitespace.
+> 
audits/AI_SPECIES_MOBILE_20260909/preview-transport/LICENSE-VITE.md:268: trailing whitespace.
+> 
audits/AI_SPECIES_MOBILE_20260909/preview-transport/LICENSE-VITE.md:276: trailing whitespace.
+> 
audits/AI_SPECIES_MOBILE_20260909/preview-transport/LICENSE-VITE.md:281: trailing whitespace.
+> 
audits/AI_SPECIES_MOBILE_20260909/preview-transport/LICENSE-VITE.md:291: trailing whitespace.
+> 
audits/AI_SPECIES_MOBILE_20260909/preview-transport/LICENSE-VITE.md:303: trailing whitespace.
+> 
audits/AI_SPECIES_MOBILE_20260909/preview-transport/LICENSE-VITE.md:314: trailing whitespace.
+> 
audits/AI_SPECIES_MOBILE_20260909/preview-transport/LICENSE-VITE.md:316: trailing whitespace.
+> 
audits/AI_SPECIES_MOBILE_20260909/preview-transport/LICENSE-VITE.md:318: trailing whitespace.
+> 
audits/AI_SPECIES_MOBILE_20260909/preview-transport/LICENSE-VITE.md:327: trailing whitespace.
+> 
audits/AI_SPECIES_MOBILE_20260909/preview-transport/LICENSE-VITE.md:329: trailing whitespace.
+> 
audits/AI_SPECIES_MOBILE_20260909/preview-transport/LICENSE-VITE.md:333: trailing whitespace.
+> 
audits/AI_SPECIES_MOBILE_20260909/preview-transport/LICENSE-VITE.md:335: trailing whitespace.
+> 
audits/AI_SPECIES_MOBILE_20260909/preview-transport/LICENSE-VITE.md:349: trailing whitespace.
+> 
audits/AI_SPECIES_MOBILE_20260909/preview-transport/LICENSE-VITE.md:351: trailing whitespace.
+> 
audits/AI_SPECIES_MOBILE_20260909/preview-transport/LICENSE-VITE.md:358: trailing whitespace.
+> 
audits/AI_SPECIES_MOBILE_20260909/preview-transport/LICENSE-VITE.md:361: trailing whitespace.
+> 
audits/AI_SPECIES_MOBILE_20260909/preview-transport/LICENSE-VITE.md:377: trailing whitespace.
+> 
audits/AI_SPECIES_MOBILE_20260909/preview-transport/LICENSE-VITE.md:379: trailing whitespace.
+> 
audits/AI_SPECIES_MOBILE_20260909/preview-transport/LICENSE-VITE.md:386: trailing whitespace.
+> 
audits/AI_SPECIES_MOBILE_20260909/preview-transport/LICENSE-VITE.md:389: trailing whitespace.
+> 
audits/AI_SPECIES_MOBILE_20260909/preview-transport/LICENSE-VITE.md:406: trailing whitespace.
+> 
audits/AI_SPECIES_MOBILE_20260909/preview-transport/LICENSE-VITE.md:408: trailing whitespace.
+> 
audits/AI_SPECIES_MOBILE_20260909/preview-transport/LICENSE-VITE.md:412: trailing whitespace.
+> 
audits/AI_SPECIES_MOBILE_20260909/preview-transport/LICENSE-VITE.md:429: trailing whitespace.
+> 
audits/AI_SPECIES_MOBILE_20260909/preview-transport/LICENSE-VITE.md:432: trailing whitespace.
+> 
audits/AI_SPECIES_MOBILE_20260909/preview-transport/LICENSE-VITE.md:439: trailing whitespace.
+> 
audits/AI_SPECIES_MOBILE_20260909/preview-transport/LICENSE-VITE.md:442: trailing whitespace.
+> 
audits/AI_SPECIES_MOBILE_20260909/preview-transport/LICENSE-VITE.md:459: trailing whitespace.
+> 
audits/AI_SPECIES_MOBILE_20260909/preview-transport/LICENSE-VITE.md:462: trailing whitespace.
+> 
audits/AI_SPECIES_MOBILE_20260909/preview-transport/LICENSE-VITE.md:464: trailing whitespace.
+> 
audits/AI_SPECIES_MOBILE_20260909/preview-transport/LICENSE-VITE.md:466: trailing whitespace.
+> 
audits/AI_SPECIES_MOBILE_20260909/preview-transport/LICENSE-VITE.md:485: trailing whitespace.
+> 
audits/AI_SPECIES_MOBILE_20260909/preview-transport/LICENSE-VITE.md:487: trailing whitespace.
+> 
audits/AI_SPECIES_MOBILE_20260909/preview-transport/LICENSE-VITE.md:494: trailing whitespace.
+> 
audits/AI_SPECIES_MOBILE_20260909/preview-transport/LICENSE-VITE.md:497: trailing whitespace.
+> 
audits/AI_SPECIES_MOBILE_20260909/preview-transport/LICENSE-VITE.md:514: trailing whitespace.
+> 
audits/AI_SPECIES_MOBILE_20260909/preview-transport/LICENSE-VITE.md:516: trailing whitespace.
+> 
audits/AI_SPECIES_MOBILE_20260909/preview-transport/LICENSE-VITE.md:518: trailing whitespace.
+> 
audits/AI_SPECIES_MOBILE_20260909/preview-transport/LICENSE-VITE.md:520: trailing whitespace.
+> 
audits/AI_SPECIES_MOBILE_20260909/preview-transport/LICENSE-VITE.md:531: trailing whitespace.
+> 
audits/AI_SPECIES_MOBILE_20260909/preview-transport/LICENSE-VITE.md:533: trailing whitespace.
+> 
audits/AI_SPECIES_MOBILE_20260909/preview-transport/LICENSE-VITE.md:540: trailing whitespace.
+> 
audits/AI_SPECIES_MOBILE_20260909/preview-transport/LICENSE-VITE.md:543: trailing whitespace.
+> 
audits/AI_SPECIES_MOBILE_20260909/preview-transport/LICENSE-VITE.md:560: trailing whitespace.
+> 
audits/AI_SPECIES_MOBILE_20260909/preview-transport/LICENSE-VITE.md:562: trailing whitespace.
+> 
audits/AI_SPECIES_MOBILE_20260909/preview-transport/LICENSE-VITE.md:569: trailing whitespace.
+> 
audits/AI_SPECIES_MOBILE_20260909/preview-transport/LICENSE-VITE.md:572: trailing whitespace.
+> 
audits/AI_SPECIES_MOBILE_20260909/preview-transport/LICENSE-VITE.md:589: trailing whitespace.
+> 
audits/AI_SPECIES_MOBILE_20260909/preview-transport/LICENSE-VITE.md:594: trailing whitespace.
+> 
audits/AI_SPECIES_MOBILE_20260909/preview-transport/LICENSE-VITE.md:602: trailing whitespace.
+> 
audits/AI_SPECIES_MOBILE_20260909/preview-transport/LICENSE-VITE.md:605: trailing whitespace.
+> 
audits/AI_SPECIES_MOBILE_20260909/preview-transport/LICENSE-VITE.md:621: trailing whitespace.
+> Copyright 2013 Thorsten Lorenz. 
audits/AI_SPECIES_MOBILE_20260909/preview-transport/LICENSE-VITE.md:623: trailing whitespace.
+> 
audits/AI_SPECIES_MOBILE_20260909/preview-transport/LICENSE-VITE.md:632: trailing whitespace.
+> 
audits/AI_SPECIES_MOBILE_20260909/preview-transport/LICENSE-VITE.md:635: trailing whitespace.
+> 
audits/AI_SPECIES_MOBILE_20260909/preview-transport/LICENSE-VITE.md:653: trailing whitespace.
+> 
audits/AI_SPECIES_MOBILE_20260909/preview-transport/LICENSE-VITE.md:655: trailing whitespace.
+> 
audits/AI_SPECIES_MOBILE_20260909/preview-transport/LICENSE-VITE.md:663: trailing whitespace.
+> 
audits/AI_SPECIES_MOBILE_20260909/preview-transport/LICENSE-VITE.md:666: trailing whitespace.
+> 
audits/AI_SPECIES_MOBILE_20260909/preview-transport/LICENSE-VITE.md:683: trailing whitespace.
+> 
audits/AI_SPECIES_MOBILE_20260909/preview-transport/LICENSE-VITE.md:685: trailing whitespace.
+> 
audits/AI_SPECIES_MOBILE_20260909/preview-transport/LICENSE-VITE.md:692: trailing whitespace.
+> 
audits/AI_SPECIES_MOBILE_20260909/preview-transport/LICENSE-VITE.md:695: trailing whitespace.
+> 
audits/AI_SPECIES_MOBILE_20260909/preview-transport/LICENSE-VITE.md:712: trailing whitespace.
+> 
audits/AI_SPECIES_MOBILE_20260909/preview-transport/LICENSE-VITE.md:720: trailing whitespace.
+> 
audits/AI_SPECIES_MOBILE_20260909/preview-transport/LICENSE-VITE.md:723: trailing whitespace.
+> 
audits/AI_SPECIES_MOBILE_20260909/preview-transport/LICENSE-VITE.md:741: trailing whitespace.
+> 
audits/AI_SPECIES_MOBILE_20260909/preview-transport/LICENSE-VITE.md:744: trailing whitespace.
+> 
audits/AI_SPECIES_MOBILE_20260909/preview-transport/LICENSE-VITE.md:747: trailing whitespace.
+> 
audits/AI_SPECIES_MOBILE_20260909/preview-transport/LICENSE-VITE.md:751: trailing whitespace.
+> 
audits/AI_SPECIES_MOBILE_20260909/preview-transport/LICENSE-VITE.md:771: trailing whitespace.
+> 
audits/AI_SPECIES_MOBILE_20260909/preview-transport/LICENSE-VITE.md:773: trailing whitespace.
+> 
audits/AI_SPECIES_MOBILE_20260909/preview-transport/LICENSE-VITE.md:780: trailing whitespace.
+> 
audits/AI_SPECIES_MOBILE_20260909/preview-transport/LICENSE-VITE.md:783: trailing whitespace.
+> 
audits/AI_SPECIES_MOBILE_20260909/preview-transport/LICENSE-VITE.md:800: trailing whitespace.
+> 
audits/AI_SPECIES_MOBILE_20260909/preview-transport/LICENSE-VITE.md:802: trailing whitespace.
+> 
audits/AI_SPECIES_MOBILE_20260909/preview-transport/LICENSE-VITE.md:810: trailing whitespace.
+> 
audits/AI_SPECIES_MOBILE_20260909/preview-transport/LICENSE-VITE.md:813: trailing whitespace.
+> 
audits/AI_SPECIES_MOBILE_20260909/preview-transport/LICENSE-VITE.md:831: trailing whitespace.
+> 
audits/AI_SPECIES_MOBILE_20260909/preview-transport/LICENSE-VITE.md:833: trailing whitespace.
+> 
audits/AI_SPECIES_MOBILE_20260909/preview-transport/LICENSE-VITE.md:835: trailing whitespace.
+> 
audits/AI_SPECIES_MOBILE_20260909/preview-transport/LICENSE-VITE.md:837: trailing whitespace.
+> 
audits/AI_SPECIES_MOBILE_20260909/preview-transport/LICENSE-VITE.md:850: trailing whitespace.
+> 
audits/AI_SPECIES_MOBILE_20260909/preview-transport/LICENSE-VITE.md:852: trailing whitespace.
+> 
audits/AI_SPECIES_MOBILE_20260909/preview-transport/LICENSE-VITE.md:854: trailing whitespace.
+> 
audits/AI_SPECIES_MOBILE_20260909/preview-transport/LICENSE-VITE.md:856: trailing whitespace.
+> 
audits/AI_SPECIES_MOBILE_20260909/preview-transport/LICENSE-VITE.md:866: trailing whitespace.
+> 
audits/AI_SPECIES_MOBILE_20260909/preview-transport/LICENSE-VITE.md:870: trailing whitespace.
+> 
audits/AI_SPECIES_MOBILE_20260909/preview-transport/LICENSE-VITE.md:878: trailing whitespace.
+> 
audits/AI_SPECIES_MOBILE_20260909/preview-transport/LICENSE-VITE.md:881: trailing whitespace.
+> 
audits/AI_SPECIES_MOBILE_20260909/preview-transport/LICENSE-VITE.md:898: trailing whitespace.
+> 
audits/AI_SPECIES_MOBILE_20260909/preview-transport/LICENSE-VITE.md:900: trailing whitespace.
+> 
audits/AI_SPECIES_MOBILE_20260909/preview-transport/LICENSE-VITE.md:902: trailing whitespace.
+> 
audits/AI_SPECIES_MOBILE_20260909/preview-transport/LICENSE-VITE.md:913: trailing whitespace.
+> 
audits/AI_SPECIES_MOBILE_20260909/preview-transport/LICENSE-VITE.md:915: trailing whitespace.
+> 
audits/AI_SPECIES_MOBILE_20260909/preview-transport/LICENSE-VITE.md:923: trailing whitespace.
+> 
audits/AI_SPECIES_MOBILE_20260909/preview-transport/LICENSE-VITE.md:926: trailing whitespace.
+> 
audits/AI_SPECIES_MOBILE_20260909/preview-transport/LICENSE-VITE.md:943: trailing whitespace.
+> 
audits/AI_SPECIES_MOBILE_20260909/preview-transport/LICENSE-VITE.md:945: trailing whitespace.
+> 
audits/AI_SPECIES_MOBILE_20260909/preview-transport/LICENSE-VITE.md:953: trailing whitespace.
+> 
audits/AI_SPECIES_MOBILE_20260909/preview-transport/LICENSE-VITE.md:956: trailing whitespace.
+> 
audits/AI_SPECIES_MOBILE_20260909/preview-transport/LICENSE-VITE.md:973: trailing whitespace.
+> 
audits/AI_SPECIES_MOBILE_20260909/preview-transport/LICENSE-VITE.md:980: trailing whitespace.
+> 
audits/AI_SPECIES_MOBILE_20260909/preview-transport/LICENSE-VITE.md:983: trailing whitespace.
+> 
audits/AI_SPECIES_MOBILE_20260909/preview-transport/LICENSE-VITE.md:999: trailing whitespace.
+> 
audits/AI_SPECIES_MOBILE_20260909/preview-transport/LICENSE-VITE.md:1001: trailing whitespace.
+> 
audits/AI_SPECIES_MOBILE_20260909/preview-transport/LICENSE-VITE.md:1008: trailing whitespace.
+> 
audits/AI_SPECIES_MOBILE_20260909/preview-transport/LICENSE-VITE.md:1011: trailing whitespace.
+> 
audits/AI_SPECIES_MOBILE_20260909/preview-transport/LICENSE-VITE.md:1028: trailing whitespace.
+> 
audits/AI_SPECIES_MOBILE_20260909/preview-transport/LICENSE-VITE.md:1030: trailing whitespace.
+> 
audits/AI_SPECIES_MOBILE_20260909/preview-transport/LICENSE-VITE.md:1037: trailing whitespace.
+> 
audits/AI_SPECIES_MOBILE_20260909/preview-transport/LICENSE-VITE.md:1040: trailing whitespace.
+> 
audits/AI_SPECIES_MOBILE_20260909/preview-transport/LICENSE-VITE.md:1057: trailing whitespace.
+> 
audits/AI_SPECIES_MOBILE_20260909/preview-transport/LICENSE-VITE.md:1059: trailing whitespace.
+> 
audits/AI_SPECIES_MOBILE_20260909/preview-transport/LICENSE-VITE.md:1063: trailing whitespace.
+> 
audits/AI_SPECIES_MOBILE_20260909/preview-transport/LICENSE-VITE.md:1080: trailing whitespace.
+> 
audits/AI_SPECIES_MOBILE_20260909/preview-transport/LICENSE-VITE.md:1082: trailing whitespace.
+> 
audits/AI_SPECIES_MOBILE_20260909/preview-transport/LICENSE-VITE.md:1089: trailing whitespace.
+> 
audits/AI_SPECIES_MOBILE_20260909/preview-transport/LICENSE-VITE.md:1092: trailing whitespace.
+> 
audits/AI_SPECIES_MOBILE_20260909/preview-transport/LICENSE-VITE.md:1109: trailing whitespace.
+> 
audits/AI_SPECIES_MOBILE_20260909/preview-transport/LICENSE-VITE.md:1111: trailing whitespace.
+> 
audits/AI_SPECIES_MOBILE_20260909/preview-transport/LICENSE-VITE.md:1119: trailing whitespace.
+> 
audits/AI_SPECIES_MOBILE_20260909/preview-transport/LICENSE-VITE.md:1122: trailing whitespace.
+> 
audits/AI_SPECIES_MOBILE_20260909/preview-transport/LICENSE-VITE.md:1140: trailing whitespace.
+> 
audits/AI_SPECIES_MOBILE_20260909/preview-transport/LICENSE-VITE.md:1142: trailing whitespace.
+> 
audits/AI_SPECIES_MOBILE_20260909/preview-transport/LICENSE-VITE.md:1153: trailing whitespace.
+> 
audits/AI_SPECIES_MOBILE_20260909/preview-transport/LICENSE-VITE.md:1155: trailing whitespace.
+> 
audits/AI_SPECIES_MOBILE_20260909/preview-transport/LICENSE-VITE.md:1157: trailing whitespace.
+> 
audits/AI_SPECIES_MOBILE_20260909/preview-transport/LICENSE-VITE.md:1159: trailing whitespace.
+> 
audits/AI_SPECIES_MOBILE_20260909/preview-transport/LICENSE-VITE.md:1170: trailing whitespace.
+> 
audits/AI_SPECIES_MOBILE_20260909/preview-transport/LICENSE-VITE.md:1172: trailing whitespace.
+> 
audits/AI_SPECIES_MOBILE_20260909/preview-transport/LICENSE-VITE.md:1179: trailing whitespace.
+> 
audits/AI_SPECIES_MOBILE_20260909/preview-transport/LICENSE-VITE.md:1182: trailing whitespace.
+> 
audits/AI_SPECIES_MOBILE_20260909/preview-transport/LICENSE-VITE.md:1199: trailing whitespace.
+> 
audits/AI_SPECIES_MOBILE_20260909/preview-transport/LICENSE-VITE.md:1201: trailing whitespace.
+> 
audits/AI_SPECIES_MOBILE_20260909/preview-transport/LICENSE-VITE.md:1208: trailing whitespace.
+> 
audits/AI_SPECIES_MOBILE_20260909/preview-transport/LICENSE-VITE.md:1211: trailing whitespace.
+> 
audits/AI_SPECIES_MOBILE_20260909/preview-transport/LICENSE-VITE.md:1235: trailing whitespace.
+> 
audits/AI_SPECIES_MOBILE_20260909/preview-transport/LICENSE-VITE.md:1237: trailing whitespace.
+> 
audits/AI_SPECIES_MOBILE_20260909/preview-transport/LICENSE-VITE.md:1241: trailing whitespace.
+> 
audits/AI_SPECIES_MOBILE_20260909/preview-transport/LICENSE-VITE.md:1258: trailing whitespace.
+> 
audits/AI_SPECIES_MOBILE_20260909/preview-transport/LICENSE-VITE.md:1260: trailing whitespace.
+> 
audits/AI_SPECIES_MOBILE_20260909/preview-transport/LICENSE-VITE.md:1267: trailing whitespace.
+> 
audits/AI_SPECIES_MOBILE_20260909/preview-transport/LICENSE-VITE.md:1270: trailing whitespace.
+> 
audits/AI_SPECIES_MOBILE_20260909/preview-transport/LICENSE-VITE.md:1287: trailing whitespace.
+> 
audits/AI_SPECIES_MOBILE_20260909/preview-transport/LICENSE-VITE.md:1289: trailing whitespace.
+> 
audits/AI_SPECIES_MOBILE_20260909/preview-transport/LICENSE-VITE.md:1296: trailing whitespace.
+> 
audits/AI_SPECIES_MOBILE_20260909/preview-transport/LICENSE-VITE.md:1299: trailing whitespace.
+> 
audits/AI_SPECIES_MOBILE_20260909/preview-transport/LICENSE-VITE.md:1316: trailing whitespace.
+> 
audits/AI_SPECIES_MOBILE_20260909/preview-transport/LICENSE-VITE.md:1318: trailing whitespace.
+> 
audits/AI_SPECIES_MOBILE_20260909/preview-transport/LICENSE-VITE.md:1325: trailing whitespace.
+> 
audits/AI_SPECIES_MOBILE_20260909/preview-transport/LICENSE-VITE.md:1328: trailing whitespace.
+> 
audits/AI_SPECIES_MOBILE_20260909/preview-transport/LICENSE-VITE.md:1345: trailing whitespace.
+> 
audits/AI_SPECIES_MOBILE_20260909/preview-transport/LICENSE-VITE.md:1353: trailing whitespace.
+> 
audits/AI_SPECIES_MOBILE_20260909/preview-transport/LICENSE-VITE.md:1356: trailing whitespace.
+> 
audits/AI_SPECIES_MOBILE_20260909/preview-transport/LICENSE-VITE.md:1373: trailing whitespace.
+> 
audits/AI_SPECIES_MOBILE_20260909/preview-transport/LICENSE-VITE.md:1376: trailing whitespace.
+> 
audits/AI_SPECIES_MOBILE_20260909/preview-transport/LICENSE-VITE.md:1380: trailing whitespace.
+> 
audits/AI_SPECIES_MOBILE_20260909/preview-transport/LICENSE-VITE.md:1383: trailing whitespace.
+> 
audits/AI_SPECIES_MOBILE_20260909/preview-transport/LICENSE-VITE.md:1385: trailing whitespace.
+> 
audits/AI_SPECIES_MOBILE_20260909/preview-transport/LICENSE-VITE.md:1393: trailing whitespace.
+> 
audits/AI_SPECIES_MOBILE_20260909/preview-transport/LICENSE-VITE.md:1396: trailing whitespace.
+> 
audits/AI_SPECIES_MOBILE_20260909/preview-transport/LICENSE-VITE.md:1404: trailing whitespace.
+> 
audits/AI_SPECIES_MOBILE_20260909/preview-transport/LICENSE-VITE.md:1406: trailing whitespace.
+> 
audits/AI_SPECIES_MOBILE_20260909/preview-transport/LICENSE-VITE.md:1410: trailing whitespace.
+> 
audits/AI_SPECIES_MOBILE_20260909/preview-transport/LICENSE-VITE.md:1412: trailing whitespace.
+> 
audits/AI_SPECIES_MOBILE_20260909/preview-transport/LICENSE-VITE.md:1414: trailing whitespace.
+> 
audits/AI_SPECIES_MOBILE_20260909/preview-transport/LICENSE-VITE.md:1428: trailing whitespace.
+> 
audits/AI_SPECIES_MOBILE_20260909/preview-transport/LICENSE-VITE.md:1430: trailing whitespace.
+> 
audits/AI_SPECIES_MOBILE_20260909/preview-transport/LICENSE-VITE.md:1432: trailing whitespace.
+> 
audits/AI_SPECIES_MOBILE_20260909/preview-transport/LICENSE-VITE.md:1442: trailing whitespace.
+> 
audits/AI_SPECIES_MOBILE_20260909/preview-transport/LICENSE-VITE.md:1444: trailing whitespace.
+> 
audits/AI_SPECIES_MOBILE_20260909/preview-transport/LICENSE-VITE.md:1451: trailing whitespace.
+> 
audits/AI_SPECIES_MOBILE_20260909/preview-transport/LICENSE-VITE.md:1454: trailing whitespace.
+> 
audits/AI_SPECIES_MOBILE_20260909/preview-transport/LICENSE-VITE.md:1471: trailing whitespace.
+> 
audits/AI_SPECIES_MOBILE_20260909/preview-transport/LICENSE-VITE.md:1473: trailing whitespace.
+> 
audits/AI_SPECIES_MOBILE_20260909/preview-transport/LICENSE-VITE.md:1480: trailing whitespace.
+> 
audits/AI_SPECIES_MOBILE_20260909/preview-transport/LICENSE-VITE.md:1483: trailing whitespace.
+> 
audits/AI_SPECIES_MOBILE_20260909/preview-transport/LICENSE-VITE.md:1500: trailing whitespace.
+> 
audits/AI_SPECIES_MOBILE_20260909/preview-transport/LICENSE-VITE.md:1502: trailing whitespace.
+> 
audits/AI_SPECIES_MOBILE_20260909/preview-transport/LICENSE-VITE.md:1509: trailing whitespace.
+> 
audits/AI_SPECIES_MOBILE_20260909/preview-transport/LICENSE-VITE.md:1512: trailing whitespace.
+> 
audits/AI_SPECIES_MOBILE_20260909/preview-transport/LICENSE-VITE.md:1529: trailing whitespace.
+> 
audits/AI_SPECIES_MOBILE_20260909/preview-transport/LICENSE-VITE.md:1531: trailing whitespace.
+> 
audits/AI_SPECIES_MOBILE_20260909/preview-transport/LICENSE-VITE.md:1538: trailing whitespace.
+> 
audits/AI_SPECIES_MOBILE_20260909/preview-transport/LICENSE-VITE.md:1541: trailing whitespace.
+> 
audits/AI_SPECIES_MOBILE_20260909/preview-transport/LICENSE-VITE.md:1558: trailing whitespace.
+> 
audits/AI_SPECIES_MOBILE_20260909/preview-transport/LICENSE-VITE.md:1562: trailing whitespace.
+> 
audits/AI_SPECIES_MOBILE_20260909/preview-transport/LICENSE-VITE.md:1569: trailing whitespace.
+> 
audits/AI_SPECIES_MOBILE_20260909/preview-transport/LICENSE-VITE.md:1572: trailing whitespace.
+> 
audits/AI_SPECIES_MOBILE_20260909/preview-transport/LICENSE-VITE.md:1589: trailing whitespace.
+> 
audits/AI_SPECIES_MOBILE_20260909/preview-transport/LICENSE-VITE.md:1592: trailing whitespace.
+> 
audits/AI_SPECIES_MOBILE_20260909/preview-transport/LICENSE-VITE.md:1600: trailing whitespace.
+> 
audits/AI_SPECIES_MOBILE_20260909/preview-transport/LICENSE-VITE.md:1603: trailing whitespace.
+> 
audits/AI_SPECIES_MOBILE_20260909/preview-transport/LICENSE-VITE.md:1620: trailing whitespace.
+> 
audits/AI_SPECIES_MOBILE_20260909/preview-transport/LICENSE-VITE.md:1627: trailing whitespace.
+> 
audits/AI_SPECIES_MOBILE_20260909/preview-transport/LICENSE-VITE.md:1630: trailing whitespace.
+> 
audits/AI_SPECIES_MOBILE_20260909/preview-transport/LICENSE-VITE.md:1647: trailing whitespace.
+> 
audits/AI_SPECIES_MOBILE_20260909/preview-transport/LICENSE-VITE.md:1650: trailing whitespace.
+> 
audits/AI_SPECIES_MOBILE_20260909/preview-transport/LICENSE-VITE.md:1658: trailing whitespace.
+> 
audits/AI_SPECIES_MOBILE_20260909/preview-transport/LICENSE-VITE.md:1661: trailing whitespace.
+> 
audits/AI_SPECIES_MOBILE_20260909/preview-transport/LICENSE-VITE.md:1678: trailing whitespace.
+> 
audits/AI_SPECIES_MOBILE_20260909/preview-transport/LICENSE-VITE.md:1680: trailing whitespace.
+> 
audits/AI_SPECIES_MOBILE_20260909/preview-transport/LICENSE-VITE.md:1682: trailing whitespace.
+> 
audits/AI_SPECIES_MOBILE_20260909/preview-transport/LICENSE-VITE.md:1684: trailing whitespace.
+> 
audits/AI_SPECIES_MOBILE_20260909/preview-transport/LICENSE-VITE.md:1694: trailing whitespace.
+> 
audits/AI_SPECIES_MOBILE_20260909/preview-transport/LICENSE-VITE.md:1696: trailing whitespace.
+> 
audits/AI_SPECIES_MOBILE_20260909/preview-transport/LICENSE-VITE.md:1698: trailing whitespace.
+> 
audits/AI_SPECIES_MOBILE_20260909/preview-transport/LICENSE-VITE.md:1709: trailing whitespace.
+> 
audits/AI_SPECIES_MOBILE_20260909/preview-transport/LICENSE-VITE.md:1711: trailing whitespace.
+> 
audits/AI_SPECIES_MOBILE_20260909/preview-transport/LICENSE-VITE.md:1715: trailing whitespace.
+> 
audits/AI_SPECIES_MOBILE_20260909/preview-transport/LICENSE-VITE.md:1732: trailing whitespace.
+> 
audits/AI_SPECIES_MOBILE_20260909/preview-transport/LICENSE-VITE.md:1734: trailing whitespace.
+> 
audits/AI_SPECIES_MOBILE_20260909/preview-transport/LICENSE-VITE.md:1741: trailing whitespace.
+> 
audits/AI_SPECIES_MOBILE_20260909/preview-transport/LICENSE-VITE.md:1744: trailing whitespace.
+> 
audits/AI_SPECIES_MOBILE_20260909/preview-transport/LICENSE-VITE.md:1760: trailing whitespace.
+> 
audits/AI_SPECIES_MOBILE_20260909/preview-transport/LICENSE-VITE.md:1762: trailing whitespace.
+> 
audits/AI_SPECIES_MOBILE_20260909/preview-transport/LICENSE-VITE.md:1769: trailing whitespace.
+> 
audits/AI_SPECIES_MOBILE_20260909/preview-transport/LICENSE-VITE.md:1772: trailing whitespace.
+> 
audits/AI_SPECIES_MOBILE_20260909/preview-transport/LICENSE-VITE.md:1788: trailing whitespace.
+> 
audits/AI_SPECIES_MOBILE_20260909/preview-transport/LICENSE-VITE.md:1790: trailing whitespace.
+> 
audits/AI_SPECIES_MOBILE_20260909/preview-transport/LICENSE-VITE.md:1797: trailing whitespace.
+> 
audits/AI_SPECIES_MOBILE_20260909/preview-transport/LICENSE-VITE.md:1800: trailing whitespace.
+> 
audits/AI_SPECIES_MOBILE_20260909/preview-transport/LICENSE-VITE.md:1816: trailing whitespace.
+> 
audits/AI_SPECIES_MOBILE_20260909/preview-transport/LICENSE-VITE.md:1818: trailing whitespace.
+> 
audits/AI_SPECIES_MOBILE_20260909/preview-transport/LICENSE-VITE.md:1829: trailing whitespace.
+> 
audits/AI_SPECIES_MOBILE_20260909/preview-transport/LICENSE-VITE.md:1831: trailing whitespace.
+> 
audits/AI_SPECIES_MOBILE_20260909/preview-transport/LICENSE-VITE.md:1838: trailing whitespace.
+> 
audits/AI_SPECIES_MOBILE_20260909/preview-transport/LICENSE-VITE.md:1841: trailing whitespace.
+> 
audits/AI_SPECIES_MOBILE_20260909/preview-transport/LICENSE-VITE.md:1857: trailing whitespace.
+> 
audits/AI_SPECIES_MOBILE_20260909/preview-transport/LICENSE-VITE.md:1859: trailing whitespace.
+> 
audits/AI_SPECIES_MOBILE_20260909/preview-transport/LICENSE-VITE.md:1861: trailing whitespace.
+> 
audits/AI_SPECIES_MOBILE_20260909/preview-transport/LICENSE-VITE.md:1872: trailing whitespace.
+> 
audits/AI_SPECIES_MOBILE_20260909/preview-transport/LICENSE-VITE.md:1874: trailing whitespace.
+> 
audits/AI_SPECIES_MOBILE_20260909/preview-transport/LICENSE-VITE.md:1876: trailing whitespace.
+> 
audits/AI_SPECIES_MOBILE_20260909/preview-transport/LICENSE-VITE.md:1887: trailing whitespace.
+> 
audits/AI_SPECIES_MOBILE_20260909/preview-transport/LICENSE-VITE.md:1896: trailing whitespace.
+> 
audits/AI_SPECIES_MOBILE_20260909/preview-transport/LICENSE-VITE.md:1899: trailing whitespace.
+> 
audits/AI_SPECIES_MOBILE_20260909/preview-transport/LICENSE-VITE.md:1917: trailing whitespace.
+> 
audits/AI_SPECIES_MOBILE_20260909/preview-transport/LICENSE-VITE.md:1926: trailing whitespace.
+> 
audits/AI_SPECIES_MOBILE_20260909/preview-transport/LICENSE-VITE.md:1929: trailing whitespace.
+> 
audits/AI_SPECIES_MOBILE_20260909/preview-transport/LICENSE-VITE.md:1947: trailing whitespace.
+> 
audits/AI_SPECIES_MOBILE_20260909/preview-transport/LICENSE-VITE.md:1949: trailing whitespace.
+> 
audits/AI_SPECIES_MOBILE_20260909/preview-transport/LICENSE-VITE.md:1956: trailing whitespace.
+> 
audits/AI_SPECIES_MOBILE_20260909/preview-transport/LICENSE-VITE.md:1959: trailing whitespace.
+> 
audits/AI_SPECIES_MOBILE_20260909/preview-transport/LICENSE-VITE.md:1976: trailing whitespace.
+> 
audits/AI_SPECIES_MOBILE_20260909/preview-transport/LICENSE-VITE.md:1978: trailing whitespace.
+> 
audits/AI_SPECIES_MOBILE_20260909/preview-transport/LICENSE-VITE.md:1985: trailing whitespace.
+> 
audits/AI_SPECIES_MOBILE_20260909/preview-transport/LICENSE-VITE.md:1988: trailing whitespace.
+> 
audits/AI_SPECIES_MOBILE_20260909/preview-transport/LICENSE-VITE.md:2005: trailing whitespace.
+> 
audits/AI_SPECIES_MOBILE_20260909/preview-transport/LICENSE-VITE.md:2007: trailing whitespace.
+> 
audits/AI_SPECIES_MOBILE_20260909/preview-transport/LICENSE-VITE.md:2009: trailing whitespace.
+> 
audits/AI_SPECIES_MOBILE_20260909/preview-transport/LICENSE-VITE.md:2011: trailing whitespace.
+> 
audits/AI_SPECIES_MOBILE_20260909/preview-transport/LICENSE-VITE.md:2022: trailing whitespace.
+> 
audits/AI_SPECIES_MOBILE_20260909/preview-transport/LICENSE-VITE.md:2024: trailing whitespace.
+> 
audits/AI_SPECIES_MOBILE_20260909/preview-transport/LICENSE-VITE.md:2025: trailing whitespace.
+> Permission is hereby granted, free of charge, 
audits/AI_SPECIES_MOBILE_20260909/preview-transport/LICENSE-VITE.md:2026: trailing whitespace.
+> to any person obtaining a copy of this software and 
audits/AI_SPECIES_MOBILE_20260909/preview-transport/LICENSE-VITE.md:2027: trailing whitespace.
+> associated documentation files (the "Software"), to 
audits/AI_SPECIES_MOBILE_20260909/preview-transport/LICENSE-VITE.md:2028: trailing whitespace.
+> deal in the Software without restriction, including 
audits/AI_SPECIES_MOBILE_20260909/preview-transport/LICENSE-VITE.md:2029: trailing whitespace.
+> without limitation the rights to use, copy, modify, 
audits/AI_SPECIES_MOBILE_20260909/preview-transport/LICENSE-VITE.md:2030: trailing whitespace.
+> merge, publish, distribute, sublicense, and/or sell 
audits/AI_SPECIES_MOBILE_20260909/preview-transport/LICENSE-VITE.md:2031: trailing whitespace.
+> copies of the Software, and to permit persons to whom 
audits/AI_SPECIES_MOBILE_20260909/preview-transport/LICENSE-VITE.md:2032: trailing whitespace.
+> the Software is furnished to do so, 
audits/AI_SPECIES_MOBILE_20260909/preview-transport/LICENSE-VITE.md:2034: trailing whitespace.
+> 
audits/AI_SPECIES_MOBILE_20260909/preview-transport/LICENSE-VITE.md:2035: trailing whitespace.
+> The above copyright notice and this permission notice 
audits/AI_SPECIES_MOBILE_20260909/preview-transport/LICENSE-VITE.md:2037: trailing whitespace.
+> 
audits/AI_SPECIES_MOBILE_20260909/preview-transport/LICENSE-VITE.md:2038: trailing whitespace.
+> THE SOFTWARE IS PROVIDED "AS IS", WITHOUT WARRANTY OF ANY KIND, 
audits/AI_SPECIES_MOBILE_20260909/preview-transport/LICENSE-VITE.md:2039: trailing whitespace.
+> EXPRESS OR IMPLIED, INCLUDING BUT NOT LIMITED TO THE WARRANTIES 
audits/AI_SPECIES_MOBILE_20260909/preview-transport/LICENSE-VITE.md:2040: trailing whitespace.
+> OF MERCHANTABILITY, FITNESS FOR A PARTICULAR PURPOSE AND NONINFRINGEMENT. 
audits/AI_SPECIES_MOBILE_20260909/preview-transport/LICENSE-VITE.md:2041: trailing whitespace.
+> IN NO EVENT SHALL THE AUTHORS OR COPYRIGHT HOLDERS BE LIABLE FOR 
audits/AI_SPECIES_MOBILE_20260909/preview-transport/LICENSE-VITE.md:2042: trailing whitespace.
+> ANY CLAIM, DAMAGES OR OTHER LIABILITY, WHETHER IN AN ACTION OF CONTRACT, 
audits/AI_SPECIES_MOBILE_20260909/preview-transport/LICENSE-VITE.md:2043: trailing whitespace.
+> TORT OR OTHERWISE, ARISING FROM, OUT OF OR IN CONNECTION WITH THE 
audits/AI_SPECIES_MOBILE_20260909/preview-transport/LICENSE-VITE.md:2061: trailing whitespace.
+> 
audits/AI_SPECIES_MOBILE_20260909/preview-transport/LICENSE-VITE.md:2064: trailing whitespace.
+> 
audits/AI_SPECIES_MOBILE_20260909/preview-transport/LICENSE-VITE.md:2071: trailing whitespace.
+> 
audits/AI_SPECIES_MOBILE_20260909/preview-transport/LICENSE-VITE.md:2074: trailing whitespace.
+> 
audits/AI_SPECIES_MOBILE_20260909/preview-transport/LICENSE-VITE.md:2098: trailing whitespace.
+> 
audits/AI_SPECIES_MOBILE_20260909/preview-transport/LICENSE-VITE.md:2100: trailing whitespace.
+> 
audits/AI_SPECIES_MOBILE_20260909/preview-transport/LICENSE-VITE.md:2107: trailing whitespace.
+> 
audits/AI_SPECIES_MOBILE_20260909/preview-transport/LICENSE-VITE.md:2110: trailing whitespace.
+> 
audits/AI_SPECIES_MOBILE_20260909/preview-transport/LICENSE-VITE.md:2127: trailing whitespace.
+> 
audits/AI_SPECIES_MOBILE_20260909/preview-transport/LICENSE-VITE.md:2129: trailing whitespace.
+> 
audits/AI_SPECIES_MOBILE_20260909/preview-transport/LICENSE-VITE.md:2136: trailing whitespace.
+> 
audits/AI_SPECIES_MOBILE_20260909/preview-transport/LICENSE-VITE.md:2139: trailing whitespace.
+> 
audits/AI_SPECIES_MOBILE_20260909/preview-transport/LICENSE-VITE.md:2156: trailing whitespace.
+> 
audits/AI_SPECIES_MOBILE_20260909/preview-transport/LICENSE-VITE.md:2158: trailing whitespace.
+> 
audits/AI_SPECIES_MOBILE_20260909/preview-transport/LICENSE-VITE.md:2166: trailing whitespace.
+> 
audits/AI_SPECIES_MOBILE_20260909/preview-transport/LICENSE-VITE.md:2169: trailing whitespace.
+> 
audits/AI_SPECIES_MOBILE_20260909/preview-transport/LICENSE-VITE.md:2186: trailing whitespace.
+> 
audits/AI_SPECIES_MOBILE_20260909/preview-transport/LICENSE-VITE.md:2188: trailing whitespace.
+> 
audits/AI_SPECIES_MOBILE_20260909/preview-transport/LICENSE-VITE.md:2197: trailing whitespace.
+> 
audits/AI_SPECIES_MOBILE_20260909/preview-transport/LICENSE-VITE.md:2200: trailing whitespace.
+> 
audits/AI_SPECIES_MOBILE_20260909/preview-transport/LICENSE-VITE.md:2218: trailing whitespace.
+> 
audits/AI_SPECIES_MOBILE_20260909/preview-transport/LICENSE-VITE.md:2220: trailing whitespace.
+> 
audits/AI_SPECIES_MOBILE_20260909/preview-transport/LICENSE-VITE.md:2227: trailing whitespace.
+> 
audits/AI_SPECIES_MOBILE_20260909/preview-transport/LICENSE-VITE.md:2230: trailing whitespace.
+> 
audits/AI_SPECIES_MOBILE_20260909/preview-transport/LICENSE-VITE.md:2246: trailing whitespace.
+> 
audits/AI_SPECIES_MOBILE_20260909/preview-transport/LICENSE-VITE.md:2248: trailing whitespace.
+> 
audits/AI_SPECIES_MOBILE_20260909/preview-transport/LICENSE-VITE.md:2256: trailing whitespace.
+> 
audits/AI_SPECIES_MOBILE_20260909/preview-transport/LICENSE-VITE.md:2259: trailing whitespace.
+> 
audits/AI_SPECIES_MOBILE_20260909/preview-transport/LICENSE-VITE.md:2278: trailing whitespace.
+> 
audits/AI_SPECIES_MOBILE_20260909/preview-transport/LICENSE-VITE.md:2285: trailing whitespace.
+> 
audits/AI_SPECIES_MOBILE_20260909/preview-transport/LICENSE-VITE.md:2288: trailing whitespace.
+> 
audits/AI_SPECIES_MOBILE_20260909/preview-transport/LICENSE-VITE.md:2303: trailing whitespace.
+> 
audits/AI_SPECIES_MOBILE_20260909/preview-transport/LICENSE-VITE.md:2305: trailing whitespace.
+> 
audits/AI_SPECIES_MOBILE_20260909/preview-transport/LICENSE-VITE.md:2312: trailing whitespace.
+> 
audits/AI_SPECIES_MOBILE_20260909/preview-transport/LICENSE-VITE.md:2315: trailing whitespace.
+> 
audits/AI_SPECIES_MOBILE_20260909/prompt-preflight-01/prompt.txt:16: new blank line at EOF.
audits/AI_SPECIES_MOBILE_20260909/prompt-preflight-02/prompt.txt:16: new blank line at EOF.
audits/AI_SPECIES_MOBILE_20260909/runtime-tools-02/runtime-build.stdout.log:97: new blank line at EOF.
audits/AI_SPECIES_MOBILE_20260909/runtime-tools-02/runtime-verify.stdout.log:13: new blank line at EOF.
audits/AI_SPECIES_MOBILE_20260909/species-adapter/controls-01/stderr.log:16: new blank line at EOF.
audits/AI_SPECIES_MOBILE_20260909/species-adapter/controls-01/stdout.log:15: new blank line at EOF.
audits/AI_SPECIES_MOBILE_20260909/species-adapter/controls-02/0-stdout.log:13: new blank line at EOF.
audits/AI_SPECIES_MOBILE_20260909/species-adapter/controls-02/1-stdout.log:4: new blank line at EOF.
audits/AI_SPECIES_MOBILE_20260909/species-adapter/controls-03/stdout.log:13: new blank line at EOF.
audits/AI_SPECIES_MOBILE_20260909/species-adapter/controls-04/0-stdout.log:13: new blank line at EOF.
audits/AI_SPECIES_MOBILE_20260909/species-adapter/controls-05/0-stdout.log:13: new blank line at EOF.
audits/AI_SPECIES_MOBILE_20260909/species-adapter/controls-05/1-stdout.log:4: new blank line at EOF.
audits/AI_SPECIES_MOBILE_20260909/validation-01/owners.stdout.log:9: new blank line at EOF.
audits/AI_SPECIES_MOBILE_20260909/validation-01/typescript.stdout.log:4: new blank line at EOF.
audits/AI_SPECIES_MOBILE_20260909/worker-import-controls-01/pwa.log:9: new blank line at EOF.
audits/AI_SPECIES_MOBILE_20260909/worker-import-controls-01/typecheck.log:4: new blank line at EOF.
