{"id":"idle","status":"PASS","samples":121,"drift":0.0020209857299144235,"gap":0.00008037176642471145,"exactRest":true,"firstRefusal":null}
{"id":"alert","status":"PASS","samples":121,"drift":0.001943106406317529,"gap":0.00007511701601418831,"exactRest":true,"firstRefusal":null}
{"id":"approach:walk","status":"PASS","samples":121,"drift":0.0000380618321090319,"gap":0.00007927822204899168,"exactRest":true,"firstRefusal":null}
{"id":"approach:trot","status":"PASS","samples":121,"drift":0.005843101818962225,"gap":0.00007927822204899168,"exactRest":true,"firstRefusal":null}
{"id":"approach:gallop","status":"PASS","samples":121,"drift":0.005162746153148242,"gap":0.00007927822204899168,"exactRest":true,"firstRefusal":null}
{"id":"approach:hop","status":"PASS","samples":121,"drift":0,"gap":0.00007476757847059918,"exactRest":true,"firstRefusal":null}
{"id":"melee:bite","status":"PASS","samples":121,"drift":0.00003776042457669017,"gap":0.00007622445190229872,"exactRest":true,"firstRefusal":null}
{"id":"melee:claw","status":"PASS","samples":121,"drift":0.00003776042457669017,"gap":0.00007622445190229872,"exactRest":true,"firstRefusal":null}
{"id":"melee:gore","status":"PASS","samples":121,"drift":0.00003776042457669017,"gap":0.00007622445190229872,"exactRest":true,"firstRefusal":null}
{"id":"melee:tail","status":"PASS","samples":121,"drift":0.00003971552792273802,"gap":0.00008613846264366269,"exactRest":true,"firstRefusal":null}
{"id":"melee:headbutt","status":"PASS","samples":121,"drift":0.00003776042457669017,"gap":0.00007622445190229872,"exactRest":true,"firstRefusal":null}
{"id":"cast","status":"PASS","samples":121,"drift":0.00003776042457669017,"gap":0.00007558041963625807,"exactRest":true,"firstRefusal":null}
{"id":"hit","status":"PASS","samples":121,"drift":0.001868385826022584,"gap":0.0000729713819443207,"exactRest":true,"firstRefusal":null}
{"id":"dodge","status":"PASS","samples":121,"drift":0,"gap":0.00007532590043817744,"exactRest":true,"firstRefusal":null}
{"id":"faint","status":"RED","samples":40,"drift":0.0012245752960140487,"gap":0.00007098894718263788,"exactRest":true,"firstRefusal":{"ms":344,"sampleNumber":41,"error":"Error: Contact: joint limit foreFarAnkle faint@344: -105.44503724592258"}}
{"id":"victory","status":"PASS","samples":121,"drift":0.00003776042457669017,"gap":0.0000755804197571193,"exactRest":true,"firstRefusal":null}
{"id":"tame","status":"PASS","samples":121,"drift":0.0017936672159847905,"gap":0.00007907935001232863,"exactRest":true,"firstRefusal":null}
{"id":"feed","status":"PASS","samples":121,"drift":0.00003776042457669017,"gap":0.00007927822204899168,"exactRest":true,"firstRefusal":null}
{"id":"melee:kick","status":"PASS","samples":121,"drift":0,"gap":0.00008050199352330018,"exactRest":true,"firstRefusal":null}
{"status":"RED","rows":19,"exactRest":true,"sourcePixelRest":{"status":"PASS","changedVisibleRgbaChannels":0,"scope":"Exact independent atlas-part reconstruction of keyed source at authored cutout rectangles; not GPU rendering"}}
