01-anaconda retained unchanged
02-cobra retained unchanged
03-viper retained unchanged
04-rattlesnake retained unchanged
05-sand-boa retained unchanged
06-cave-snake retained unchanged
07-catfish retained unchanged
08-gar retained unchanged
09-bowfin retained unchanged
10-tilapia retained unchanged
11-piranha retained unchanged
12-killifish retained unchanged
13-arctic-cod retained unchanged
14-viperfish retained unchanged
15-squirrel retained unchanged
16-chipmunk retained unchanged
17-rabbit retained unchanged
18-hare retained unchanged
19-pika retained unchanged
20-hedgehog retained unchanged
21-meerkat-v2 quadruped
22-kinkajou quadruped
23-sloth-bear quadruped
24-river-otter quadruped
