{"id":"idle","status":"PASS","samples":121,"drift":0.00005595476297128341,"gap":0.000054446037017330966,"exactRest":true,"firstRefusal":null}
{"id":"alert","status":"PASS","samples":121,"drift":0.15064591517049877,"gap":0.00006295856329810798,"exactRest":true,"firstRefusal":null}
{"id":"approach:walk","status":"RED","samples":7,"drift":0.0002244339984385884,"gap":0.000057724298205952416,"exactRest":true,"firstRefusal":{"ms":43.166666666666664,"sampleNumber":8,"error":"RecoverablePoseError: ARAP skin: unresolved folded triangles: 1"}}
{"id":"approach:trot","status":"RED","samples":5,"drift":0.00019524680300550703,"gap":0.000058724608791197794,"exactRest":true,"firstRefusal":{"ms":30.833333333333332,"sampleNumber":6,"error":"RecoverablePoseError: ARAP skin: unresolved folded triangles: 1"}}
{"id":"approach:gallop","status":"RED","samples":18,"drift":0.0008261980331068788,"gap":0.00006909735126113973,"exactRest":true,"firstRefusal":{"ms":111,"sampleNumber":19,"error":"RecoverablePoseError: ARAP skin: unresolved folded triangles: 1"}}
{"id":"approach:hop","status":"RED","samples":11,"drift":0,"gap":0.00006440604029166663,"exactRest":true,"firstRefusal":{"ms":67.83333333333333,"sampleNumber":12,"error":"RecoverablePoseError: ARAP skin: unresolved folded triangles: 1"}}
{"id":"melee:bite","status":"RED","samples":24,"drift":0.003287582635382384,"gap":0.00006191521617795938,"exactRest":true,"firstRefusal":{"ms":165.33333333333334,"sampleNumber":25,"error":"RecoverablePoseError: ARAP skin: unresolved folded triangles: 1"}}
{"id":"melee:claw","status":"RED","samples":24,"drift":0.003287582635382384,"gap":0.00006191521617795938,"exactRest":true,"firstRefusal":{"ms":165.33333333333334,"sampleNumber":25,"error":"RecoverablePoseError: ARAP skin: unresolved folded triangles: 1"}}
{"id":"melee:gore","status":"RED","samples":24,"drift":0.003287582635382384,"gap":0.00006207448331622377,"exactRest":true,"firstRefusal":{"ms":165.33333333333334,"sampleNumber":25,"error":"RecoverablePoseError: ARAP skin: unresolved folded triangles: 1"}}
{"id":"melee:tail","status":"RED","samples":11,"drift":0.0033637381303224696,"gap":0.000052607968700827215,"exactRest":true,"firstRefusal":{"ms":75.77777777777777,"sampleNumber":12,"error":"RecoverablePoseError: ARAP skin: unresolved folded triangles: 1"}}
{"id":"melee:headbutt","status":"RED","samples":24,"drift":0.003287582635382384,"gap":0.00006963036139617404,"exactRest":true,"firstRefusal":{"ms":165.33333333333334,"sampleNumber":25,"error":"RecoverablePoseError: ARAP skin: unresolved folded triangles: 1"}}
{"id":"cast","status":"RED","samples":8,"drift":0.0033709779777935066,"gap":0.00006767875840888352,"exactRest":true,"firstRefusal":{"ms":62,"sampleNumber":9,"error":"RecoverablePoseError: ARAP skin: unresolved folded triangles: 1"}}
{"id":"hit","status":"PASS","samples":121,"drift":0.04530449815371222,"gap":0.00007338918704824405,"exactRest":true,"firstRefusal":null}
{"id":"dodge","status":"RED","samples":3,"drift":0,"gap":0.00004737050784828016,"exactRest":true,"firstRefusal":{"ms":15,"sampleNumber":4,"error":"RecoverablePoseError: ARAP skin: unresolved folded triangles: 1"}}
{"id":"faint","status":"PASS","samples":121,"drift":0.0049880883074708135,"gap":0.00006683501848874093,"exactRest":true,"firstRefusal":null}
{"id":"victory","status":"RED","samples":2,"drift":0.003280371616427035,"gap":0.00004875557404682375,"exactRest":true,"firstRefusal":{"ms":15.333333333333334,"sampleNumber":3,"error":"RecoverablePoseError: ARAP skin: unresolved folded triangles: 1"}}
{"id":"tame","status":"PASS","samples":121,"drift":0.04920566874908746,"gap":0.0000695517648786124,"exactRest":true,"firstRefusal":null}
{"id":"feed","status":"PASS","samples":121,"drift":0.045604152056853975,"gap":0.00006919876254814642,"exactRest":true,"firstRefusal":null}
{"id":"melee:kick","status":"RED","samples":11,"drift":0,"gap":0.00006868414618124881,"exactRest":true,"firstRefusal":{"ms":75.77777777777777,"sampleNumber":12,"error":"RecoverablePoseError: ARAP skin: unresolved folded triangles: 1"}}
{"status":"RED","rows":19,"exactRest":true,"sourcePixelRest":{"status":"PASS","changedVisibleRgbaChannels":0,"scope":"Exact independent atlas-part reconstruction of keyed source at authored cutout rectangles; not GPU rendering"}}
