
> cf-v2@0.0.0 test:tools
> node tools/test-node-tools.mjs

✔ arena intake binds full compiler card, context, ground, dimensions and keyed copies; mutations refuse (1793.571083ms)
✔ closed twelve-at-a-time inventory retains original bytes and refuses missing, duplicate, reordered and stale inputs (295.214209ms)
✔ real codec export is deterministic, preserves decoded duration and source bytes, and measures both peaks (533.753583ms)
✔ sample-safe intersample clipping is rejected by real true-peak measurement (78.696334ms)
✔ missing metrics, false encoded peak, wrong channels, duration and unsupported profiles refuse (6.300958ms)
✔ complete voice export preserves source hashes and refuses existing output or changed manifest before publication (4430.81125ms)
✔ theme, battle and overlapped bed exports preserve source/sidecar bytes and fit exact budgets (6644.628875ms)
✔ loop derivative joins the exact declared samples, preserves channels and source; seed changes phase only (40.799959ms)
✔ odd mono PCM frame count retains RIFF padding; the old unpadded output refuses (0.394708ms)
✔ WAV intake refuses malformed, silent, clipped and wrong-format masters (0.900041ms)
✔ 24-bit extensible PCM is equivalent; float subtype, layout and reduced precision refuse (0.640375ms)
✔ runtime minimum admits large masters without resampling and refuses undersize or corrupt PNG (338.858209ms)
✔ voice inventory, rights, dry source and hashes fail closed; source bytes stay unchanged (4.193291ms)
✔ all closed ability/battle inventories pass; missing, extra, renamed, wet and unlicensed cues refuse (30.991833ms)
✔ bed inventory binds a stereo source and exact loop sidecar; malformed or stale loops refuse (244.851584ms)
✔ loop discontinuity is measured per channel without claiming it is inaudible (0.310083ms)
✔ shared joint angles move only their authored head support, leave the attachment still and preserve rest (1.051333ms)
✔ real Civet source supports pass all ear/jaw envelope combinations and retain the neck-removal failure control (332.323083ms)
✔ head follows actual pose but source neck remains attached to chest; rigid old transform fails (0.889541ms)
✔ actual triangle fold is refused, including the reflected profile view (0.094958ms)
✔ head replacement cannot cut away the neck or chest; original bad declaration is refused (0.120125ms)
✔ Platypus intake preserves every atlas channel and binds named Earth anatomy; old straight chains fail 3% slack (358.704542ms)
✔ head views bind the unchanged accepted turnaround and record, and have real source pixels (190.187041ms)
✔ mirroring uses the same published mouth, not the opposite body end (0.43075ms)
✔ three-turn capture admits full film and rejects truncated, 30 Hz and over-budget controls (0.15025ms)
✔ weapon contact uses the declared painted paw, not an unrelated jaw (0.749375ms)
✔ same encounter replays exactly; distinct seeds alter composition and every actor has a turn (4.91525ms)
✔ dry fish, foreign biome templates, duplicate actors and missing cards refuse (0.159125ms)
✔ run-up and return are bounded, return to home, and seek matches frame playback (0.205417ms)
✔ impact follows the anatomy motion contact time, not settling duration (0.126875ms)
✔ missing anatomical contact time cannot silently use the old percentage estimate (3.0305ms)
✔ compiled solve rows and guarded numerics retain machine-scale agreement across valences and pin partitions (14.476667ms)
✔ norm scaling fallback retains finite large-scale and near-collapsed targets without changing refusal semantics (1.408167ms)
✔ historical compiled solve rows retain exact arithmetic for short, four, eight and wide neighbor rows (60.799292ms)
✔ ARAP retains exact rest and rigid rotation/translation, independently of prior seeks (2.355209ms)
✔ ARAP reduces a discontinuous skin target while preserving hard authored contact handles (1.065792ms)
✔ ARAP refuses invalid topology/targets atomically and never mutates rest or input (0.565833ms)
✔ orientation projection repairs a reflected skin triangle with fixed joint targets; contradictory fixed triangle refuses without publication (0.216792ms)
✔ distinct surfaces at the same source coordinates remain free to cross without welding their contact targets (0.1985ms)
✔ a thin reflected triangle cannot pass the approximate rigid identity shortcut (0.122416ms)
✔ exact no-progress projection stops redundant sweeps without accepting a contradictory pinned fold (0.175792ms)
✔ one-pixel exposed join fails between opaque endpoints; restored pixels pass (3.003042ms)
✔ published surface displacement is measured, including reflected meshes and non-square scales (0.8375ms)
✔ socket evaluator accepts quadruped vocabulary without quadruped assumptions (synthetic) (0.244792ms)
✔ socket evaluator accepts hopper vocabulary without quadruped assumptions (synthetic) (0.165416ms)
✔ socket evaluator accepts biped-bird vocabulary without quadruped assumptions (synthetic) (0.179875ms)
✔ socket evaluator accepts fish vocabulary without quadruped assumptions (synthetic) (0.500167ms)
✔ socket evaluator accepts insect vocabulary without quadruped assumptions (synthetic) (0.148459ms)
✔ socket evaluator accepts serpent vocabulary without quadruped assumptions (synthetic) (0.135958ms)
✔ socket evaluator accepts arachnid vocabulary without quadruped assumptions (synthetic) (0.154083ms)
✔ socket evaluator accepts radial vocabulary without quadruped assumptions (synthetic) (0.259667ms)
✔ socket evaluator accepts plant-woody vocabulary without quadruped assumptions (synthetic) (0.15675ms)
✔ socket evaluator accepts plant-herb vocabulary without quadruped assumptions (synthetic) (0.137833ms)
✔ socket evaluator accepts myriapod vocabulary without quadruped assumptions (synthetic) (0.122875ms)
✔ socket evaluator accepts cephalopod vocabulary without quadruped assumptions (synthetic) (0.117459ms)
✔ socket evaluator accepts flyer-membrane vocabulary without quadruped assumptions (synthetic) (0.117125ms)
✔ socket evaluator accepts primate vocabulary without quadruped assumptions (synthetic) (1.002917ms)
✔ native alpha preserves every RGBA channel and old keying resurrects invisible background (2.662459ms)
✔ opaque keyed sources retain the established intake result exactly (2.44325ms)
✔ blank and mixed opaque-border exports refuse (0.356708ms)
✔ depth is pivot-distance and cumulative-limit driven, with fixed floor/cap (0.761542ms)
✔ bands duplicate only own descendant opaque ink and attach to ancestor in descendant layer (0.883625ms)
✔ unowned hips and tail root resolve to torso; true siblings do not become ancestors (0.160875ms)
✔ descendant size cap prevents whole small appendage duplication (0.060083ms)
✔ mesh profile refuses nonpositive, fractional and excessive steps before reading sources (0.8725ms)
✔ compiled field preserves weight order and bitwise Float32/Float64 output parity (0.841583ms)
✔ each current matrix and each component is read once; in-place edits cannot hide behind a cache (0.392834ms)
✔ source geometry and sparse weights are captured immutably; recompilation observes source edits (0.112709ms)
✔ missing/nonfinite/malformed matrices and Float32/Float64 overflow refuse atomically (0.1545ms)
✔ failure after a valid call and later recovery do not leak partially computed scratch (1.092167ms)
✔ invalid source/foreign state and destination refuse, without accepting inherited matrices (0.232125ms)
✔ candidate-03 actual Civet field is bitwise equal at every retained named native pose (385.877416ms)
✔ civet complete contact inventory passes; formerly green missing pairs refuse (25.216667ms)
✔ fox complete contact inventory passes; formerly green missing pairs refuse (21.643416ms)
✔ procedural complete contact inventory passes; formerly green missing pairs refuse (47.516791ms)
✔ intact rest and rigid motion preserve the authored notch; real separation fails (7.49225ms)
✔ a covered rotated cut passes and removing its support fails on the same geometry (1.681541ms)
✔ empty, overlapping, malformed and clipped observations refuse rather than pass (0.771459ms)
✔ transparent diagnostic padding preserves the true gap count and detects canvas escape (1.326583ms)
✔ rest and arbitrary rigid rotation/translation preserve all measures; output and buffers are reused (2.168958ms)
✔ flipped, collapsed, compressed and stretched triangles expose distinct failures without thresholds (0.411959ms)
✔ anisotropy uses the full deformation gradient and survives skewed source triangles (0.544041ms)
✔ genuinely transparent triangles are excluded, but finite geometry is still checked (0.178375ms)
✔ ink inside a triangle counts even when vertices and centroid are transparent (0.324ms)
✔ bounding-box ink outside the triangle does not count, but a sliver crossing a texel does (0.300833ms)
✔ bilinear support, cutout origin, RGBA alpha and normalized rig output are handled explicitly (0.223916ms)
✔ painted zero-area source triangles and nonfinite/overflow poses cannot produce complete measurements (0.09075ms)
✔ mixed triangles count ink individually and classify only the actual corrupt/strained triangle (0.103917ms)
✔ malformed source, missing alpha and malformed posed buffers refuse before measurements (0.322625ms)
✔ quadruped: exact family anatomy, immutable contract and hostile-record controls (12.331416ms)
✔ hopper: exact family anatomy, immutable contract and hostile-record controls (7.741834ms)
✔ biped-bird: exact family anatomy, immutable contract and hostile-record controls (3.4495ms)
✔ fish: exact family anatomy, immutable contract and hostile-record controls (7.031333ms)
✔ insect: exact family anatomy, immutable contract and hostile-record controls (3.262209ms)
✔ serpent: exact family anatomy, immutable contract and hostile-record controls (3.672042ms)
✔ arachnid: exact family anatomy, immutable contract and hostile-record controls (2.153875ms)
✔ radial: exact family anatomy, immutable contract and hostile-record controls (4.773291ms)
✔ plant-woody: exact family anatomy, immutable contract and hostile-record controls (3.330291ms)
✔ plant-herb: exact family anatomy, immutable contract and hostile-record controls (3.000084ms)
✔ myriapod: exact family anatomy, immutable contract and hostile-record controls (3.812583ms)
✔ cephalopod: exact family anatomy, immutable contract and hostile-record controls (3.854ms)
✔ flyer-membrane: exact family anatomy, immutable contract and hostile-record controls (7.093333ms)
✔ primate: exact family anatomy, immutable contract and hostile-record controls (6.565792ms)
✔ unknown template never defaults to quadruped and all contracted inventories are closed (0.482792ms)
✔ old hopper and fish fixture clip-set names are rejected instead of silently using different motion (0.291875ms)
✔ joint underlap never introduces a rest-visible pixel outside opaque base coverage (0.785917ms)
✔ excluded crop corner key is ignored but retained key ink refuses (0.267417ms)
✔ actual floating paint is refused although its rest and geometric seams passed (6.37575ms)
✔ all observed final limb parts are connected; no pixel deletion is used (179.035416ms)
✔ active-set projection closes the real cast fold that 64 forward sweeps leave inverted, without changing targets or pins (54.204541ms)
✔ only real multi-owner interior vertices with a painted ancestor qualify (1.266833ms)
✔ three copies of one point expose a native hole that pair-only geometry misses (1.496042ms)
✔ socket triangle has zero rest area, uses only descendant texel and validates all owners (2.417417ms)
✔ both source parts share exact deformation; rest reconstructs authored positions without patches (1.044709ms)
✔ foreign joints, missing source ownership, extrapolated UVs and corrupt indices refuse (0.174583ms)
✔ a foldover fails on the actual posed triangle, while rest and rigid translation pass (0.140875ms)
✔ thin nonzero painted triangles cannot bypass orientation checks (0.088625ms)
✔ asset solver profile cannot override orientation defaults or add inherited tuning fields (2.515667ms)
✔ authored mask ownership reconstructs visible pixels; drops, duplicates and changed colours fail (1152.588833ms)
✔ corruption, wrong master, wrong record and unknown joint refuse before output (252.319167ms)
✔ painter labels reconstruct actual alpha and refuse dropped, unknown or rehashed foreign owners (557.233291ms)
✔ every original lower-alpha column including faint high contour contributes actual mesh supports (0.873458ms)
✔ pinning source supports removes painted drift that a fixed paw bone alone misses (0.686041ms)
✔ two paw owners cannot silently share pinned supports and missing alpha/mesh refuses (0.308375ms)
✔ frontal source wings both lift under canonical positive flap; old broadcast lifts one and drops one (1.507208ms)
✔ source-view declarations fail closed and unmarked side views retain the canonical basis (0.208416ms)
✔ hash-bound master, corruption, swapped cut-out and unsupported serpent controls (13.866541ms)
✔ alpha topology refines at silhouette, skips empty regions and shares edges (4.184792ms)
✔ template finite endpoints restore exact rest; curves move jaw, ears, tail and release feet only in attack (261.430709ms)
✔ one CLI atlas is byte-stable across input order; original pixels and hashes survive (1671.131625ms)
✔ strip is exactly zero-area at rest, covers moving edge separation, samples only original descendant pixel (0.860834ms)
✔ source caps, foreign pixels, bad ownership, malformed geometry and nonfinite motion refuse (0.325416ms)
✔ subpixel overlap closes the captured strike raster crack; exact-edge control opens it (49.517833ms)
✔ ancestral contacts resolve pelvis ink to torso and refuse independent siblings (0.221625ms)
✔ reconstructs full filtered opaque coverage and colour; old independent alpha-over is the failing control (2.57825ms)
✔ does not guard outer silhouettes, nonopaque paint, independent limbs or distal body overlaps (7.325666ms)
✔ refuses apparently aligned boundaries carried by different skin fields and foreign-frame padding (0.496334ms)
✔ fish decoder guard retains source pixels and refuses the old quadruped inventory (0.372208ms)
✔ uses the owner body axis and parent pivot; root displacement applies exactly once (1.007834ms)
✔ snapshots template and landmarks; failed frames cannot poison subsequent poses (2.966875ms)
✔ refuses malformed topology, ambiguous inventories, hidden prototype joints and bad body axes (0.229167ms)
✔ matches the previous quadruped evaluator exactly for all three real records (9.936ms)
✔ smooths actual adjacent influences deterministically without changing topology, positions or original weights (3.70175ms)
✔ refuses invalid topology or unsupported iterations (3.936083ms)
✔ projected independent surfaces retain exact source coordinates and cannot inherit opposing paint (76.717625ms)
✔ observed attachments weld all source-supported faces, not independent overlaps (18.609375ms)
✔ corrupted binding/probe, missing source face and conflicting fixed owners refuse (43.380166ms)
✔ flat source ownership boundaries weld only when explicitly requested (30.872167ms)
✔ mutated source recipe and unknown anatomy refuse before compilation (6.192667ms)
✔ contact endpoint locks survive diffusion; unpinned shared paint retains mixed influence (19.45975ms)
✔ branch reindex preserves every source interpolation but opposing paws have separate vertices/solver topology (9.821875ms)
✔ proximal root socket stays shared and malformed source references fail closed (4.293167ms)
✔ a bent distal paw behind the root plane retains its painted limb ownership (3.0035ms)
✔ source/record corruption and unsupported anatomy refuse before producing a binding (2.046ms)
✔ uniform authoring scale preserves normalized interpolation, weights and surfaces and repeated builds are identical (3.77575ms)
✔ actual part faces enter solver topology even when cached vertex interpolation references other faces (2.084875ms)
✔ actual ancestral attachment welds below root plane while an opposing sibling remains separate (27.590333ms)
✔ physical proximal skin joins axial/upper sibling owners while limb pairs and distal crossings remain split (6.043292ms)
✔ shared shoulder skin retains proximal limb influence without importing distal foot transforms (4.463167ms)
✔ shared muscle influences cross a socket continuously while an opposing distal foot remains independent (1.962041ms)
✔ source walk stops before a transparent hole and never exceeds the original depth cap (1.03175ms)
✔ textured hinge omits the duplicate silhouette, maps the source interior, and refuses foreign UVs (0.439042ms)
✔ complete descendant support distinguishes a missing band from absent source ink (0.509292ms)
✔ inverse mapping follows translation and rotation rather than the rest image coordinate (0.352583ms)
✔ invalid matrices, geometry, data and targets refuse instead of reporting no ink (0.220292ms)
✔ verifies the hidden band against packed bytes and refuses a resealed pixel or dimension mismatch (91.790708ms)
✔ real admitted Wasm leaf matches the current JS solver exactly and shares fixed scratch memory (6.232917ms)
✔ absent Wasm and denied memory use the actual JS fallback with exact outputs (10.984208ms)
✔ a real add-to-subtract binary mutant is rejected by admission and the runtime falls back (1.257416ms)
✔ leaf snapshots all invariants and refuses malformed rows instead of silently accepting them (0.284834ms)
✔ normal-range refusal precedes every position and RHS write, then robust JS preserves exact results (2.016125ms)
✔ strict artifact admission rejects relocation/global/data/table/function-import controls (3.412625ms)
✔ a late disconnected-component norm refusal cannot publish an earlier component update (0.208417ms)
✔ full motion stays inside the frame; the rest-only fit clips a lunge (0.439ms)
✔ empty and nonfinite motion cannot receive an apparently valid fit (0.124333ms)
✔ media byte probes, seeking and suffix reads retain exact boundaries (0.634292ms)
✔ malformed and out-of-bounds ranges refuse instead of returning an empty movie (0.123333ms)
✔ transparent ink cannot pass; one real pixel has exact bounds (0.815792ms)
✔ pixel parity detects a one-channel defect and different dimensions (0.107625ms)
✔ complete census refuses omitted, duplicated, extra and unfinished cases (0.149ms)
✔ audio evidence rejects silence, corruption and incomplete tracks (63.100834ms)
✔ skin capture refuses rest drift, untested motion, slow update and diagnostic substitution (2.234041ms)
✔ capture binds complete source inventory, manifest, generated program and actual asset routing before filming (0.830417ms)
✔ independent media duration rejects first short recordings and missing/overlong evidence (0.087792ms)
✔ startup feeds frames before acknowledgment and refuses a recorder that never starts (0.25025ms)
✔ the creature budget counts slow producer sampling and slow contact solving (8.776959ms)
✔ timing preserves the callback result, executes once and never masks failures (0.397083ms)
✔ planning is taken from the native owner; duplicate or missing declarations refuse (2.4245ms)
✔ changed producer is refused before exporting any evidence; existing output is protected (1.618416ms)
✔ actual current producer exports 1201 resolved poses each, deterministically and source-bound (2460.355625ms)
✔ impact exposure follows the struck side and leaves the attacker neutral (0.675916ms)
✔ explicit-time fading is history-free and cannot brighten a miss or reduced-motion turn (0.239709ms)
✔ pacing admits a real 60 Hz trace and rejects 30 Hz, stalls, missing samples and slow rigs (2.792792ms)
✔ motion evidence rejects static appendages, missing phases and missing endpoints (6.963125ms)
✔ turn sampler retains additive curves, freezes hitstop and kills every compiled player (1.726625ms)
✔ samples actual lowest alpha and retains perspective offsets rather than flattening paws (2.305208ms)
✔ negative control exposes drifting painted contact with a perfectly fixed skeleton (0.960417ms)
✔ airborne rigid translation separates intended motion from skin-following error (0.743542ms)
✔ refuses missing source ink, uncovered painted contour, wrong binding and malformed published buffers (1.188209ms)
✔ resolves pelvis-rooted upper limb to torso and detects broken rendered attachment with unchanged rest (1.723ms)
✔ independent legs and non-nearest ancestral silhouette contacts remain explicitly excluded (0.551708ms)
✔ samples both piecewise-affine breakpoint inventories so a narrow gap cannot hide between pixel endpoints (0.299375ms)
✔ refuses missing source coverage, overlapping ownership and nonfinite publication (1.014458ms)
✔ proximal body skin joins across bone siblings while distinct limbs stay independent (8.03625ms)
✔ retained actual Civet strike: continuous C03 passes; branch-split C06 and incomplete-socket C07 fail (1142.584667ms)
✔ fish spine and fin attachments use the declared graph; foreign joints and absent remainder refuse (0.885417ms)
✔ one idle clip continues across roles and pauses in both existing hitstops (1.075833ms)
✔ support releases and reacquires continuously without changing grounded solves or admitting a refused endpoint (0.557958ms)
✔ actual current producer has continuous support/role boundaries, exact grounded contacts and frame-rate-independent seeks (1896.227833ms)
✔ right combatant keeps its own idle and releases support only during its own attack (0.51975ms)
ℹ tests 210
ℹ suites 0
ℹ pass 210
ℹ fail 0
ℹ cancelled 0
ℹ skipped 0
ℹ todo 0
ℹ duration_ms 11987.9395
