{"id":"idle","status":"PASS","samples":121,"drift":0.020978047436637746,"gap":0.00008456343691656878,"exactRest":true,"firstRefusal":null}
{"id":"alert","status":"PASS","samples":121,"drift":0.000607989491425116,"gap":0.00007487387637960326,"exactRest":true,"firstRefusal":null}
{"id":"approach:walk","status":"PASS","samples":121,"drift":0.04361913034312309,"gap":0.00008456343691656878,"exactRest":true,"firstRefusal":null}
{"id":"approach:trot","status":"PASS","samples":121,"drift":0.006135333332928403,"gap":0.00008456343683618003,"exactRest":true,"firstRefusal":null}
{"id":"approach:gallop","status":"PASS","samples":121,"drift":0.1621539957820703,"gap":0.00008456343683618003,"exactRest":true,"firstRefusal":null}
{"id":"approach:hop","status":"PASS","samples":121,"drift":0,"gap":0.00008456343683618003,"exactRest":true,"firstRefusal":null}
{"id":"melee:bite","status":"PASS","samples":121,"drift":0.020571963531679928,"gap":0.00008456343691656878,"exactRest":true,"firstRefusal":null}
{"id":"melee:claw","status":"PASS","samples":121,"drift":0.020571963531679928,"gap":0.00008456343691656878,"exactRest":true,"firstRefusal":null}
{"id":"melee:gore","status":"PASS","samples":121,"drift":0.020571963531679928,"gap":0.00008456343691656878,"exactRest":true,"firstRefusal":null}
{"id":"melee:tail","status":"PASS","samples":121,"drift":0.02049749051135731,"gap":0.00008456343691656878,"exactRest":true,"firstRefusal":null}
{"id":"melee:headbutt","status":"PASS","samples":121,"drift":0.020571963531679928,"gap":0.00008456343691656878,"exactRest":true,"firstRefusal":null}
{"id":"cast","status":"PASS","samples":121,"drift":0.17191591097727169,"gap":0.00007487387637960326,"exactRest":true,"firstRefusal":null}
{"id":"hit","status":"PASS","samples":121,"drift":0.01706075444859529,"gap":0.00007487387637960326,"exactRest":true,"firstRefusal":null}
{"id":"dodge","status":"PASS","samples":121,"drift":0,"gap":0.00008456343683618003,"exactRest":true,"firstRefusal":null}
{"id":"faint","status":"PASS","samples":121,"drift":0.0009745969830183914,"gap":0.00008456343691656878,"exactRest":true,"firstRefusal":null}
{"id":"victory","status":"PASS","samples":121,"drift":0.02091288455320925,"gap":0.00007487387645999198,"exactRest":true,"firstRefusal":null}
{"id":"tame","status":"PASS","samples":121,"drift":0.08457191653598654,"gap":0.00007899252269819203,"exactRest":true,"firstRefusal":null}
{"id":"feed","status":"PASS","samples":121,"drift":0.00036790729311906456,"gap":0.00007474422463928931,"exactRest":true,"firstRefusal":null}
{"id":"melee:kick","status":"PASS","samples":121,"drift":0,"gap":0.00007487387637960326,"exactRest":true,"firstRefusal":null}
{"status":"PASS_STATIC","rows":19,"exactRest":true,"sourcePixelRest":{"status":"PASS","changedVisibleRgbaChannels":0,"scope":"Exact independent atlas-part reconstruction of keyed source at authored cutout rectangles; not GPU rendering"}}
