{"id":"idle","status":"PASS","samples":121,"drift":0.1535642038042426,"gap":0.00008691055861872664,"exactRest":true,"firstRefusal":null}
{"id":"alert","status":"PASS","samples":121,"drift":0.15321481258546402,"gap":0.00008987719858837526,"exactRest":true,"firstRefusal":null}
{"id":"approach:walk","status":"PASS","samples":121,"drift":0.13078564406367965,"gap":0.000082011147472788,"exactRest":true,"firstRefusal":null}
{"id":"approach:trot","status":"PASS","samples":121,"drift":0.045144766366226045,"gap":0.000082011147472788,"exactRest":true,"firstRefusal":null}
{"id":"approach:gallop","status":"PASS","samples":121,"drift":0.027218172100008195,"gap":0.000082011147472788,"exactRest":true,"firstRefusal":null}
{"id":"approach:hop","status":"PASS","samples":121,"drift":0,"gap":0.00007400841436676842,"exactRest":true,"firstRefusal":null}
{"id":"melee:bite","status":"PASS","samples":121,"drift":0.029451260150908275,"gap":0.00007495729122636728,"exactRest":true,"firstRefusal":null}
{"id":"melee:claw","status":"PASS","samples":121,"drift":0.029451260150908275,"gap":0.00007817296947880291,"exactRest":true,"firstRefusal":null}
{"id":"melee:gore","status":"PASS","samples":121,"drift":0.029451260150908275,"gap":0.00007425790668247674,"exactRest":true,"firstRefusal":null}
{"id":"melee:tail","status":"PASS","samples":121,"drift":0.15418563275057984,"gap":0.00007917228721319415,"exactRest":true,"firstRefusal":null}
{"id":"melee:headbutt","status":"PASS","samples":121,"drift":0.029451260150908275,"gap":0.00007425790668247674,"exactRest":true,"firstRefusal":null}
{"id":"cast","status":"PASS","samples":121,"drift":0.14862171758864506,"gap":0.00008290371125372519,"exactRest":true,"firstRefusal":null}
{"id":"hit","status":"PASS","samples":121,"drift":0.22260832822565532,"gap":0.00008176052337184718,"exactRest":true,"firstRefusal":null}
{"id":"dodge","status":"PASS","samples":121,"drift":0,"gap":0.00007354479475526342,"exactRest":true,"firstRefusal":null}
{"id":"faint","status":"RED","samples":23,"drift":0.029381698159088702,"gap":0.00007780205318379843,"exactRest":true,"firstRefusal":{"ms":197.8,"sampleNumber":24,"error":"RecoverablePoseError: ARAP skin: unresolved folded triangles: 3"}}
{"id":"victory","status":"PASS","samples":121,"drift":0.029257604592357645,"gap":0.0000847788855969477,"exactRest":true,"firstRefusal":null}
{"id":"tame","status":"PASS","samples":121,"drift":0.052794244682181204,"gap":0.00007583455459243482,"exactRest":true,"firstRefusal":null}
{"id":"feed","status":"PASS","samples":121,"drift":0.1384357234587019,"gap":0.00008004749732562538,"exactRest":true,"firstRefusal":null}
{"id":"melee:kick","status":"PASS","samples":121,"drift":0,"gap":0.00007631414532799134,"exactRest":true,"firstRefusal":null}
{"status":"RED","rows":19,"exactRest":true,"sourcePixelRest":{"status":"PASS","changedVisibleRgbaChannels":0,"scope":"Exact independent atlas-part reconstruction of keyed source at authored cutout rectangles; not GPU rendering"}}
