01-water-buffalo quadruped
02-mountain-tapir quadruped
03-black-bear quadruped
04-elk quadruped
05-moose quadruped
06-hippopotamus quadruped
07-wild-pig quadruped
08-water-vole quadruped
09-marsh-rodent quadruped
10-cow quadruped
11-pig quadruped
12-alpaca quadruped
13-gerenuk quadruped
14-nilgai quadruped
15-tahr quadruped
16-hyrax quadruped
17-cardinal biped-bird
18-sparrow biped-bird
19-pigeon biped-bird
20-kookaburra biped-bird
21-bowfin fish
22-catfish fish
23-cardinalfish fish
24-wahoo fish
