{"id":"idle","status":"PASS","samples":121,"drift":0.23304504851184132,"gap":0.00007634199154914023,"exactRest":true,"firstRefusal":null}
{"id":"alert","status":"PASS","samples":121,"drift":0.0000795518165751187,"gap":0.00007343584931875457,"exactRest":true,"firstRefusal":null}
{"id":"approach:walk","status":"PASS","samples":121,"drift":0.23307627192490518,"gap":0.0000731798973254623,"exactRest":true,"firstRefusal":null}
{"id":"approach:trot","status":"PASS","samples":121,"drift":0.02925364213953439,"gap":0.00007420226118632661,"exactRest":true,"firstRefusal":null}
{"id":"approach:gallop","status":"PASS","samples":121,"drift":0.02105599877506109,"gap":0.0000731798973254623,"exactRest":true,"firstRefusal":null}
{"id":"approach:hop","status":"PASS","samples":121,"drift":0,"gap":0.0000752401371264996,"exactRest":true,"firstRefusal":null}
{"id":"melee:bite","status":"PASS","samples":121,"drift":0.06058971783707582,"gap":0.0000731798973254623,"exactRest":true,"firstRefusal":null}
{"id":"melee:claw","status":"PASS","samples":121,"drift":0.06058971783707582,"gap":0.00007598680162483777,"exactRest":true,"firstRefusal":null}
{"id":"melee:gore","status":"PASS","samples":121,"drift":0.06058971783707582,"gap":0.00007010898892165942,"exactRest":true,"firstRefusal":null}
{"id":"melee:tail","status":"PASS","samples":121,"drift":0.2302540092889681,"gap":0.0000731798973254623,"exactRest":true,"firstRefusal":null}
{"id":"melee:headbutt","status":"PASS","samples":121,"drift":0.06058971783707582,"gap":0.00007010898892165942,"exactRest":true,"firstRefusal":null}
{"id":"cast","status":"PASS","samples":121,"drift":0.08882012415996218,"gap":0.00006549298879781754,"exactRest":true,"firstRefusal":null}
{"id":"hit","status":"RED","samples":29,"drift":0.24674791965716403,"gap":0.00007463844783371647,"exactRest":true,"firstRefusal":{"ms":232.48333333333332,"sampleNumber":30,"error":"Error: Contact: joint limit hindFarPaw hit@232.48333333333332: 95.30632605328618"}}
{"id":"dodge","status":"PASS","samples":121,"drift":0,"gap":0.00007513116876687786,"exactRest":true,"firstRefusal":null}
{"id":"faint","status":"RED","samples":45,"drift":0.24653491939084335,"gap":0.00007832121139680796,"exactRest":true,"firstRefusal":{"ms":387,"sampleNumber":46,"error":"Error: Contact: joint limit foreFarAnkle faint@387: -105.10406241183057"}}
{"id":"victory","status":"PASS","samples":121,"drift":0.09150961355490259,"gap":0.00007053220847635691,"exactRest":true,"firstRefusal":null}
{"id":"tame","status":"PASS","samples":121,"drift":0.21826873306928068,"gap":0.0000731798973254623,"exactRest":true,"firstRefusal":null}
{"id":"feed","status":"PASS","samples":121,"drift":0.03142395157714069,"gap":0.00006865983204281816,"exactRest":true,"firstRefusal":null}
{"id":"melee:kick","status":"PASS","samples":121,"drift":0,"gap":0.000074387757564998,"exactRest":true,"firstRefusal":null}
{"status":"RED","rows":19,"exactRest":true,"sourcePixelRest":{"status":"PASS","changedVisibleRgbaChannels":0,"scope":"Exact independent atlas-part reconstruction of keyed source at authored cutout rectangles; not GPU rendering"}}
