{"id":"idle","status":"PASS","samples":121,"drift":0.24612011849313892,"gap":0.00008403481746967567,"exactRest":true,"firstRefusal":null}
{"id":"alert","status":"PASS","samples":121,"drift":0.24733568821609486,"gap":0.00008003659284024645,"exactRest":true,"firstRefusal":null}
{"id":"approach:walk","status":"PASS","samples":121,"drift":0.24916754797674928,"gap":0.00006543859223099556,"exactRest":true,"firstRefusal":null}
{"id":"approach:trot","status":"PASS","samples":121,"drift":0.24900499506077847,"gap":0.00006846070548667054,"exactRest":true,"firstRefusal":null}
{"id":"approach:gallop","status":"RED","samples":51,"drift":0.017171197361231395,"gap":0.00006595642307320164,"exactRest":true,"firstRefusal":{"ms":396.1,"sampleNumber":52,"error":"Error: Contact: approach:gallop@396.1 exceeds scale compression bound"}}
{"id":"approach:hop","status":"PASS","samples":121,"drift":0,"gap":0.00007007871188484562,"exactRest":true,"firstRefusal":null}
{"id":"melee:bite","status":"PASS","samples":121,"drift":0.0038585871185111685,"gap":0.00007151707940787922,"exactRest":true,"firstRefusal":null}
{"id":"melee:claw","status":"PASS","samples":121,"drift":0.0038585871185111685,"gap":0.00008116108393795957,"exactRest":true,"firstRefusal":null}
{"id":"melee:gore","status":"PASS","samples":121,"drift":0.0038585871185111685,"gap":0.00007151707940787922,"exactRest":true,"firstRefusal":null}
{"id":"melee:tail","status":"PASS","samples":121,"drift":0.01326654044300222,"gap":0.0000695625587036974,"exactRest":true,"firstRefusal":null}
{"id":"melee:headbutt","status":"PASS","samples":121,"drift":0.0038585871185111685,"gap":0.00007151707940787922,"exactRest":true,"firstRefusal":null}
{"id":"cast","status":"PASS","samples":121,"drift":0.015209900465906366,"gap":0.00006631338123229737,"exactRest":true,"firstRefusal":null}
{"id":"hit","status":"PASS","samples":121,"drift":0.07498413605350694,"gap":0.0000731947276084098,"exactRest":true,"firstRefusal":null}
{"id":"dodge","status":"PASS","samples":121,"drift":0,"gap":0.00006861820173924623,"exactRest":true,"firstRefusal":null}
{"id":"faint","status":"PASS","samples":121,"drift":0.05282741602284377,"gap":0.00007665761121867312,"exactRest":true,"firstRefusal":null}
{"id":"victory","status":"PASS","samples":121,"drift":0.04691701941747354,"gap":0.0000647783426434932,"exactRest":true,"firstRefusal":null}
{"id":"tame","status":"PASS","samples":121,"drift":0.14335903979835124,"gap":0.00007340722516840822,"exactRest":true,"firstRefusal":null}
{"id":"feed","status":"PASS","samples":121,"drift":0.1256922517366895,"gap":0.00007168002346868585,"exactRest":true,"firstRefusal":null}
{"id":"melee:kick","status":"PASS","samples":121,"drift":0,"gap":0.00006969245050189105,"exactRest":true,"firstRefusal":null}
{"status":"RED","rows":19,"exactRest":true,"sourcePixelRest":{"status":"PASS","changedVisibleRgbaChannels":0,"scope":"Exact independent atlas-part reconstruction of keyed source at authored cutout rectangles; not GPU rendering"}}
