{"id":"01-coyote","count":4,"verdict":"REFUSE","reasons":["2 unused endpoint leg candidates"],"masks":6}
{"id":"02-red-fox","count":4,"verdict":"ADMIT","reasons":[],"masks":6}
{"id":"03-arctic-fox","count":4,"verdict":"ADMIT","reasons":[],"masks":6}
{"id":"04-fennec-fox","count":4,"verdict":"ADMIT","reasons":[],"masks":6}
{"id":"05-caracal","count":4,"verdict":"ADMIT","reasons":[],"masks":6}
{"id":"06-lynx","count":4,"verdict":"ADMIT","reasons":[],"masks":6}
{"id":"07-cougar","count":4,"verdict":"ADMIT","reasons":[],"masks":6}
{"id":"08-mongoose","count":4,"verdict":"ADMIT","reasons":[],"masks":6}
{"id":"09-badger","count":3,"verdict":"REFUSE","reasons":["visible foreFar not found"],"masks":6}
{"id":"10-raccoon","count":4,"verdict":"REFUSE","reasons":["1 unused endpoint leg candidates"],"masks":6}
{"id":"11-marmot","count":4,"verdict":"ADMIT","reasons":[],"masks":6}
{"id":"12-brown-bear","count":4,"verdict":"REFUSE","reasons":["2 unused endpoint leg candidates"],"masks":6}
{"id":"13-cattle","count":4,"verdict":"ADMIT","reasons":[],"masks":6}
{"id":"14-bison","count":3,"verdict":"REFUSE","reasons":["visible hindFar not found","1 unused endpoint leg candidates"],"masks":6}
{"id":"15-donkey","count":4,"verdict":"REFUSE","reasons":["3 unused endpoint leg candidates"],"masks":6}
{"id":"16-wild-horse","count":4,"verdict":"REFUSE","reasons":["2 unused endpoint leg candidates"],"masks":6}
{"id":"17-camel","count":4,"verdict":"REFUSE","reasons":["2 unused endpoint leg candidates"],"masks":6}
{"id":"18-tapir","count":4,"verdict":"ADMIT","reasons":[],"masks":6}
{"id":"19-wild-boar","count":2,"verdict":"REFUSE","reasons":["visible hindFar not found","visible foreFar not found"],"masks":6}
{"id":"20-goat","count":4,"verdict":"REFUSE","reasons":["1 unused endpoint leg candidates"],"masks":6}
