[
  { name: 'Triggerfish', status: 'NOT_REQUIRED' },
  { name: 'Parrotfish', status: 'NOT_REQUIRED' },
  { name: 'Pufferfish', status: 'NOT_REQUIRED' },
  { name: 'Boxfish', status: 'NOT_REQUIRED' },
  { name: 'Lionfish', status: 'NOT_REQUIRED' },
  { name: 'Archerfish', status: 'NOT_REQUIRED' },
  { name: 'Puffin', status: 'PASS' },
  { name: 'Auk', status: 'NOT_REQUIRED' },
  { name: 'Swan', status: 'NOT_REQUIRED' },
  { name: 'Cormorant', status: 'NOT_REQUIRED' },
  { name: 'Bittern', status: 'NOT_REQUIRED' },
  { name: 'Grebe', status: 'NOT_REQUIRED' },
  { name: 'Giant Otter', status: 'NOT_REQUIRED' },
  { name: 'Quoll', status: 'PASS' },
  { name: 'Mouse', status: 'NOT_REQUIRED' },
  { name: 'Vole', status: 'NOT_REQUIRED' },
  { name: 'Tree Shrew', status: 'NOT_REQUIRED' },
  { name: 'Ground Squirrel', status: 'NOT_REQUIRED' },
  { name: 'Moth', status: 'NOT_REQUIRED' },
  { name: 'Aphid', status: 'NOT_REQUIRED' },
  { name: 'Dobsonfly', status: 'NOT_REQUIRED' },
  { name: 'Scorpionfly', status: 'NOT_REQUIRED' },
  { name: 'Thrips', status: 'NOT_REQUIRED' },
  { name: 'Orchid Bee', status: 'NOT_REQUIRED' }
]
