{"id":"idle","status":"RED","samples":50,"drift":0.181215470991169,"gap":0.00007485948178297066,"exactRest":true,"firstRefusal":{"ms":1122.220592495675,"sampleNumber":51,"error":"RecoverablePoseError: ARAP skin: unresolved folded triangles: 1"}}
{"id":"alert","status":"RED","samples":8,"drift":0.000033402859895385335,"gap":0.00007046953071021482,"exactRest":true,"firstRefusal":{"ms":36,"sampleNumber":9,"error":"RecoverablePoseError: ARAP skin: unresolved folded triangles: 1"}}
{"id":"approach:walk","status":"PASS","samples":121,"drift":0.23640588568681162,"gap":0.00008221445262923185,"exactRest":true,"firstRefusal":null}
{"id":"approach:trot","status":"PASS","samples":121,"drift":0.23640588568681162,"gap":0.00008221445262923185,"exactRest":true,"firstRefusal":null}
{"id":"approach:gallop","status":"RED","samples":19,"drift":0.1794022084301351,"gap":0.00007929779450543691,"exactRest":true,"firstRefusal":{"ms":117.16666666666667,"sampleNumber":20,"error":"RecoverablePoseError: ARAP skin: unresolved folded triangles: 1"}}
{"id":"approach:hop","status":"RED","samples":32,"drift":0,"gap":0.00007144157009803049,"exactRest":true,"firstRefusal":{"ms":197.33333333333334,"sampleNumber":33,"error":"RecoverablePoseError: ARAP skin: unresolved folded triangles: 1"}}
{"id":"melee:bite","status":"RED","samples":29,"drift":0.1816737561037781,"gap":0.00008191744064441493,"exactRest":true,"firstRefusal":{"ms":199.77777777777777,"sampleNumber":30,"error":"RecoverablePoseError: ARAP skin: unresolved folded triangles: 1"}}
{"id":"melee:claw","status":"RED","samples":29,"drift":0.1816737561037781,"gap":0.00007059176766688324,"exactRest":true,"firstRefusal":{"ms":199.77777777777777,"sampleNumber":30,"error":"RecoverablePoseError: ARAP skin: unresolved folded triangles: 1"}}
{"id":"melee:gore","status":"RED","samples":29,"drift":0.1816737561037781,"gap":0.00008191744064441493,"exactRest":true,"firstRefusal":{"ms":199.77777777777777,"sampleNumber":30,"error":"RecoverablePoseError: ARAP skin: unresolved folded triangles: 1"}}
{"id":"melee:tail","status":"RED","samples":22,"drift":0.021425977909916582,"gap":0.00007266470049789804,"exactRest":true,"firstRefusal":{"ms":151.55555555555554,"sampleNumber":23,"error":"RecoverablePoseError: ARAP skin: unresolved folded triangles: 1"}}
{"id":"melee:headbutt","status":"RED","samples":29,"drift":0.1816737561037781,"gap":0.00008191744064441493,"exactRest":true,"firstRefusal":{"ms":199.77777777777777,"sampleNumber":30,"error":"RecoverablePoseError: ARAP skin: unresolved folded triangles: 1"}}
{"id":"cast","status":"RED","samples":7,"drift":0.013681090640957561,"gap":0.00007485948178297066,"exactRest":true,"firstRefusal":{"ms":54.25,"sampleNumber":8,"error":"RecoverablePoseError: ARAP skin: unresolved folded triangles: 1"}}
{"id":"hit","status":"RED","samples":3,"drift":0.000033402859895385335,"gap":0.00007046953071021482,"exactRest":true,"firstRefusal":{"ms":19.25,"sampleNumber":4,"error":"RecoverablePoseError: ARAP skin: unresolved folded triangles: 1"}}
{"id":"dodge","status":"RED","samples":9,"drift":0,"gap":0.00007076187718193979,"exactRest":true,"firstRefusal":{"ms":45,"sampleNumber":10,"error":"RecoverablePoseError: ARAP skin: unresolved folded triangles: 1"}}
{"id":"faint","status":"RED","samples":20,"drift":0.030777896737510104,"gap":0.00007046953071021482,"exactRest":true,"firstRefusal":{"ms":140,"sampleNumber":21,"error":"RecoverablePoseError: ARAP skin: unresolved folded triangles: 1"}}
{"id":"victory","status":"RED","samples":1,"drift":0.00002129855035046879,"gap":0.00007046953071021482,"exactRest":true,"firstRefusal":{"ms":7.666666666666667,"sampleNumber":2,"error":"RecoverablePoseError: ARAP skin: unresolved folded triangles: 1"}}
{"id":"tame","status":"RED","samples":5,"drift":0.1290189491476724,"gap":0.00007485948178297066,"exactRest":true,"firstRefusal":{"ms":40,"sampleNumber":6,"error":"RecoverablePoseError: ARAP skin: unresolved folded triangles: 1"}}
{"id":"feed","status":"PASS","samples":121,"drift":0.2276759178804176,"gap":0.00007485948178297066,"exactRest":true,"firstRefusal":null}
{"id":"melee:kick","status":"RED","samples":10,"drift":0,"gap":0.00007532332500454279,"exactRest":true,"firstRefusal":{"ms":68.88888888888889,"sampleNumber":11,"error":"RecoverablePoseError: ARAP skin: unresolved folded triangles: 1"}}
{"status":"RED","rows":19,"exactRest":true,"sourcePixelRest":{"status":"PASS","changedVisibleRgbaChannels":0,"scope":"Exact independent atlas-part reconstruction of keyed source at authored cutout rectangles; not GPU rendering"}}
